Component: Arm Compiler for Embedded 6.18 Tool: armlink [5e4cc100]

==============================================================================

Section Cross References

    at32f421_int.o(.ARM.exidx.text.NMI_Handler) refers to at32f421_int.o(.text.NMI_Handler) for [Anonymous Symbol]
    at32f421_int.o(.ARM.exidx.text.HardFault_Handler) refers to at32f421_int.o(.text.HardFault_Handler) for [Anonymous Symbol]
    at32f421_int.o(.ARM.exidx.text.MemManage_Handler) refers to at32f421_int.o(.text.MemManage_Handler) for [Anonymous Symbol]
    at32f421_int.o(.ARM.exidx.text.BusFault_Handler) refers to at32f421_int.o(.text.BusFault_Handler) for [Anonymous Symbol]
    at32f421_int.o(.ARM.exidx.text.UsageFault_Handler) refers to at32f421_int.o(.text.UsageFault_Handler) for [Anonymous Symbol]
    at32f421_int.o(.ARM.exidx.text.SVC_Handler) refers to at32f421_int.o(.text.SVC_Handler) for [Anonymous Symbol]
    at32f421_int.o(.ARM.exidx.text.DebugMon_Handler) refers to at32f421_int.o(.text.DebugMon_Handler) for [Anonymous Symbol]
    at32f421_int.o(.ARM.exidx.text.PendSV_Handler) refers to at32f421_int.o(.text.PendSV_Handler) for [Anonymous Symbol]
    at32f421_wk_config.o(.text.wk_system_clock_config) refers to at32f421_crm.o(.text.crm_reset) for crm_reset
    at32f421_wk_config.o(.text.wk_system_clock_config) refers to at32f421_crm.o(.text.crm_clock_source_enable) for crm_clock_source_enable
    at32f421_wk_config.o(.text.wk_system_clock_config) refers to at32f421_crm.o(.text.crm_flag_get) for crm_flag_get
    at32f421_wk_config.o(.text.wk_system_clock_config) refers to at32f421_crm.o(.text.crm_pll_config2) for crm_pll_config2
    at32f421_wk_config.o(.text.wk_system_clock_config) refers to at32f421_crm.o(.text.crm_ahb_div_set) for crm_ahb_div_set
    at32f421_wk_config.o(.text.wk_system_clock_config) refers to at32f421_crm.o(.text.crm_apb2_div_set) for crm_apb2_div_set
    at32f421_wk_config.o(.text.wk_system_clock_config) refers to at32f421_crm.o(.text.crm_apb1_div_set) for crm_apb1_div_set
    at32f421_wk_config.o(.text.wk_system_clock_config) refers to at32f421_crm.o(.text.crm_auto_step_mode_enable) for crm_auto_step_mode_enable
    at32f421_wk_config.o(.text.wk_system_clock_config) refers to at32f421_crm.o(.text.crm_sysclk_switch) for crm_sysclk_switch
    at32f421_wk_config.o(.text.wk_system_clock_config) refers to at32f421_crm.o(.text.crm_sysclk_switch_status_get) for crm_sysclk_switch_status_get
    at32f421_wk_config.o(.text.wk_system_clock_config) refers to system_at32f421.o(.text.system_core_clock_update) for system_core_clock_update
    at32f421_wk_config.o(.ARM.exidx.text.wk_system_clock_config) refers to at32f421_wk_config.o(.text.wk_system_clock_config) for [Anonymous Symbol]
    at32f421_wk_config.o(.text.wk_periph_clock_config) refers to at32f421_crm.o(.text.crm_periph_clock_enable) for crm_periph_clock_enable
    at32f421_wk_config.o(.ARM.exidx.text.wk_periph_clock_config) refers to at32f421_wk_config.o(.text.wk_periph_clock_config) for [Anonymous Symbol]
    at32f421_wk_config.o(.text.wk_nvic_config) refers to at32f421_misc.o(.text.nvic_priority_group_config) for nvic_priority_group_config
    at32f421_wk_config.o(.ARM.exidx.text.wk_nvic_config) refers to at32f421_wk_config.o(.text.wk_nvic_config) for [Anonymous Symbol]
    at32f421_wk_config.o(.text.wk_gpio_config) refers to at32f421_gpio.o(.text.gpio_default_para_init) for gpio_default_para_init
    at32f421_wk_config.o(.text.wk_gpio_config) refers to at32f421_gpio.o(.text.gpio_bits_write) for gpio_bits_write
    at32f421_wk_config.o(.text.wk_gpio_config) refers to at32f421_gpio.o(.text.gpio_bits_set) for gpio_bits_set
    at32f421_wk_config.o(.text.wk_gpio_config) refers to at32f421_gpio.o(.text.gpio_init) for gpio_init
    at32f421_wk_config.o(.ARM.exidx.text.wk_gpio_config) refers to at32f421_wk_config.o(.text.wk_gpio_config) for [Anonymous Symbol]
    at32f421_wk_config.o(.text.wk_exint_config) refers to at32f421_gpio.o(.text.gpio_default_para_init) for gpio_default_para_init
    at32f421_wk_config.o(.text.wk_exint_config) refers to at32f421_gpio.o(.text.gpio_init) for gpio_init
    at32f421_wk_config.o(.text.wk_exint_config) refers to at32f421_scfg.o(.text.scfg_exint_line_config) for scfg_exint_line_config
    at32f421_wk_config.o(.text.wk_exint_config) refers to at32f421_exint.o(.text.exint_default_para_init) for exint_default_para_init
    at32f421_wk_config.o(.text.wk_exint_config) refers to at32f421_exint.o(.text.exint_init) for exint_init
    at32f421_wk_config.o(.ARM.exidx.text.wk_exint_config) refers to at32f421_wk_config.o(.text.wk_exint_config) for [Anonymous Symbol]
    at32f421_wk_config.o(.text.wk_adc1_init) refers to at32f421_crm.o(.text.crm_adc_clock_div_set) for crm_adc_clock_div_set
    at32f421_wk_config.o(.text.wk_adc1_init) refers to at32f421_adc.o(.text.adc_tempersensor_vintrv_enable) for adc_tempersensor_vintrv_enable
[...]
    Removing at32f421_crm.o(.text.crm_clkout_div_set), (30 bytes).
    Removing at32f421_crm.o(.ARM.exidx.text.crm_clkout_div_set), (8 bytes).
    Removing at32f421_crm.o(.rodata.crm_clocks_freq_get.sclk_ahb_div_table), (16 bytes).
    Removing at32f421_crm.o(.rodata.crm_clocks_freq_get.ahb_apb1_div_table), (8 bytes).
    Removing at32f421_crm.o(.rodata.crm_clocks_freq_get.ahb_apb2_div_table), (8 bytes).
    Removing at32f421_crm.o(.rodata.crm_clocks_freq_get.adc_div_table), (8 bytes).
    Removing at32f421_debug.o(.text), (0 bytes).
    Removing at32f421_debug.o(.text.debug_device_id_get), (14 bytes).
    Removing at32f421_debug.o(.ARM.exidx.text.debug_device_id_get), (8 bytes).
    Removing at32f421_debug.o(.text.debug_periph_mode_set), (52 bytes).
    Removing at32f421_debug.o(.ARM.exidx.text.debug_periph_mode_set), (8 bytes).
    Removing at32f421_dma.o(.text), (0 bytes).
    Removing at32f421_ertc.o(.text), (0 bytes).
    Removing at32f421_exint.o(.text), (0 bytes).
    Removing at32f421_exint.o(.text.exint_reset), (62 bytes).
    Removing at32f421_exint.o(.ARM.exidx.text.exint_reset), (8 bytes).
    Removing at32f421_exint.o(.text.exint_default_para_init), (28 bytes).
    Removing at32f421_exint.o(.ARM.exidx.text.exint_default_para_init), (8 bytes).
    Removing at32f421_exint.o(.text.exint_init), (228 bytes).
    Removing at32f421_exint.o(.ARM.exidx.text.exint_init), (8 bytes).
    Removing at32f421_exint.o(.text.exint_flag_clear), (20 bytes).
    Removing at32f421_exint.o(.ARM.exidx.text.exint_flag_clear), (8 bytes).
    Removing at32f421_exint.o(.text.exint_flag_get), (50 bytes).
    Removing at32f421_exint.o(.ARM.exidx.text.exint_flag_get), (8 bytes).
    Removing at32f421_exint.o(.text.exint_software_interrupt_event_generate), (24 bytes).
    Removing at32f421_exint.o(.ARM.exidx.text.exint_software_interrupt_event_generate), (8 bytes).
    Removing at32f421_exint.o(.text.exint_interrupt_enable), (54 bytes).
    Removing at32f421_exint.o(.ARM.exidx.text.exint_interrupt_enable), (8 bytes).
    Removing at32f421_exint.o(.text.exint_event_enable), (54 bytes).
    Removing at32f421_exint.o(.ARM.exidx.text.exint_event_enable), (8 bytes).
    Removing at32f421_flash.o(.text), (0 bytes).
    Removing at32f421_flash.o(.text.flash_flag_get), (102 bytes).
    Removing at32f421_flash.o(.ARM.exidx.text.flash_flag_get), (8 bytes).
    Removing at32f421_flash.o(.text.flash_flag_clear), (20 bytes).
    Removing at32f421_flash.o(.ARM.exidx.text.flash_flag_clear), (8 bytes).
    Removing at32f421_flash.o(.text.flash_operation_status_get), (92 bytes).
    Removing at32f421_flash.o(.ARM.exidx.text.flash_operation_status_get), (8 bytes).
    Removing at32f421_flash.o(.text.flash_operation_wait_for), (80 bytes).
    Removing at32f421_flash.o(.ARM.exidx.text.flash_operation_wait_for), (8 bytes).
    Removing at32f421_flash.o(.text.flash_unlock), (30 bytes).
    Removing at32f421_flash.o(.ARM.exidx.text.flash_unlock), (8 bytes).
    Removing at32f421_flash.o(.text.flash_lock), (18 bytes).
    Removing at32f421_flash.o(.ARM.exidx.text.flash_lock), (8 bytes).
    Removing at32f421_flash.o(.text.flash_sector_erase), (74 bytes).
    Removing at32f421_flash.o(.ARM.exidx.text.flash_sector_erase), (8 bytes).
    Removing at32f421_flash.o(.text.flash_internal_all_erase), (60 bytes).
    Removing at32f421_flash.o(.ARM.exidx.text.flash_internal_all_erase), (8 bytes).
    Removing at32f421_flash.o(.text.flash_user_system_data_erase), (204 bytes).
    Removing at32f421_flash.o(.ARM.exidx.text.flash_user_system_data_erase), (8 bytes).
    Removing at32f421_flash.o(.text.flash_fap_status_get), (16 bytes).
    Removing at32f421_flash.o(.ARM.exidx.text.flash_fap_status_get), (8 bytes).
    Removing at32f421_flash.o(.text.flash_word_program), (62 bytes).
    Removing at32f421_flash.o(.ARM.exidx.text.flash_word_program), (8 bytes).
    Removing at32f421_flash.o(.text.flash_halfword_program), (66 bytes).
    Removing at32f421_flash.o(.ARM.exidx.text.flash_halfword_program), (8 bytes).
    Removing at32f421_flash.o(.text.flash_byte_program), (66 bytes).
    Removing at32f421_flash.o(.ARM.exidx.text.flash_byte_program), (8 bytes).
    Removing at32f421_flash.o(.text.flash_user_system_data_program), (116 bytes).
    Removing at32f421_flash.o(.ARM.exidx.text.flash_user_system_data_program), (8 bytes).
    Removing at32f421_flash.o(.text.flash_epp_set), (280 bytes).
    Removing at32f421_flash.o(.ARM.exidx.text.flash_epp_set), (8 bytes).
    Removing at32f421_flash.o(.text.flash_epp_status_get), (22 bytes).
    Removing at32f421_flash.o(.ARM.exidx.text.flash_epp_status_get), (8 bytes).
    Removing at32f421_flash.o(.text.flash_fap_enable), (180 bytes).
    Removing at32f421_flash.o(.ARM.exidx.text.flash_fap_enable), (8 bytes).
    Removing at32f421_flash.o(.text.flash_fap_high_level_enable), (312 bytes).
    Removing at32f421_flash.o(.ARM.exidx.text.flash_fap_high_level_enable), (8 bytes).
    Removing at32f421_flash.o(.text.flash_fap_high_level_status_get), (16 bytes).
    Removing at32f421_flash.o(.ARM.exidx.text.flash_fap_high_level_status_get), (8 bytes).
    Removing at32f421_flash.o(.text.flash_ssb_set), (120 bytes).
    Removing at32f421_flash.o(.ARM.exidx.text.flash_ssb_set), (8 bytes).
    Removing at32f421_flash.o(.text.flash_ssb_status_get), (16 bytes).
    Removing at32f421_flash.o(.ARM.exidx.text.flash_ssb_status_get), (8 bytes).
    Removing at32f421_flash.o(.text.flash_interrupt_enable), (88 bytes).
    Removing at32f421_flash.o(.ARM.exidx.text.flash_interrupt_enable), (8 bytes).
    Removing at32f421_flash.o(.text.flash_slib_enable), (216 bytes).
    Removing at32f421_flash.o(.ARM.exidx.text.flash_slib_enable), (8 bytes).
    Removing at32f421_flash.o(.text.flash_slib_disable), (82 bytes).
    Removing at32f421_flash.o(.ARM.exidx.text.flash_slib_disable), (8 bytes).
    Removing at32f421_flash.o(.text.flash_slib_state_get), (38 bytes).
    Removing at32f421_flash.o(.ARM.exidx.text.flash_slib_state_get), (8 bytes).
    Removing at32f421_flash.o(.text.flash_slib_start_sector_get), (16 bytes).
    Removing at32f421_flash.o(.ARM.exidx.text.flash_slib_start_sector_get), (8 bytes).
    Removing at32f421_flash.o(.text.flash_slib_inststart_sector_get), (16 bytes).
    Removing at32f421_flash.o(.ARM.exidx.text.flash_slib_inststart_sector_get), (8 bytes).
    Removing at32f421_flash.o(.text.flash_slib_end_sector_get), (14 bytes).
    Removing at32f421_flash.o(.ARM.exidx.text.flash_slib_end_sector_get), (8 bytes).
    Removing at32f421_flash.o(.text.flash_crc_calibrate), (58 bytes).
    Removing at32f421_flash.o(.ARM.exidx.text.flash_crc_calibrate), (8 bytes).
    Removing at32f421_flash.o(.text.flash_boot_memory_extension_mode_enable), (82 bytes).
    Removing at32f421_flash.o(.ARM.exidx.text.flash_boot_memory_extension_mode_enable), (8 bytes).
    Removing at32f421_flash.o(.text.flash_extension_memory_slib_enable), (124 bytes).
    Removing at32f421_flash.o(.ARM.exidx.text.flash_extension_memory_slib_enable), (8 bytes).
    Removing at32f421_flash.o(.text.flash_extension_memory_slib_state_get), (38 bytes).
    Removing at32f421_flash.o(.ARM.exidx.text.flash_extension_memory_slib_state_get), (8 bytes).
    Removing at32f421_flash.o(.text.flash_em_slib_inststart_sector_get), (16 bytes).
    Removing at32f421_flash.o(.ARM.exidx.text.flash_em_slib_inststart_sector_get), (8 bytes).
    Removing at32f421_flash.o(.text.flash_low_power_mode_enable), (34 bytes).
    Removing at32f421_flash.o(.ARM.exidx.text.flash_low_power_mode_enable), (8 bytes).
    Removing at32f421_flash.o(.rodata.cst8), (8 bytes).
    Removing at32f421_gpio.o(.text), (0 bytes).
    Removing at32f421_gpio.o(.text.gpio_reset), (170 bytes).
    Removing at32f421_gpio.o(.ARM.exidx.text.gpio_reset), (8 bytes).
    Removing at32f421_gpio.o(.ARM.exidx.text.gpio_init), (8 bytes).
    Removing at32f421_gpio.o(.ARM.exidx.text.gpio_default_para_init), (8 bytes).
    Removing at32f421_gpio.o(.text.gpio_input_data_bit_read), (46 bytes).
    Removing at32f421_gpio.o(.ARM.exidx.text.gpio_input_data_bit_read), (8 bytes).
    Removing at32f421_gpio.o(.text.gpio_input_data_read), (14 bytes).
    Removing at32f421_gpio.o(.ARM.exidx.text.gpio_input_data_read), (8 bytes).
    Removing at32f421_gpio.o(.text.gpio_output_data_bit_read), (44 bytes).
    Removing at32f421_gpio.o(.ARM.exidx.text.gpio_output_data_bit_read), (8 bytes).
    Removing at32f421_gpio.o(.text.gpio_output_data_read), (14 bytes).
    Removing at32f421_gpio.o(.ARM.exidx.text.gpio_output_data_read), (8 bytes).
    Removing at32f421_gpio.o(.ARM.exidx.text.gpio_bits_set), (8 bytes).
    Removing at32f421_gpio.o(.ARM.exidx.text.gpio_bits_reset), (8 bytes).
    Removing at32f421_gpio.o(.ARM.exidx.text.gpio_bits_write), (8 bytes).
    Removing at32f421_gpio.o(.text.gpio_port_write), (20 bytes).
    Removing at32f421_gpio.o(.ARM.exidx.text.gpio_port_write), (8 bytes).
    Removing at32f421_gpio.o(.text.gpio_pin_wp_config), (60 bytes).
    Removing at32f421_gpio.o(.ARM.exidx.text.gpio_pin_wp_config), (8 bytes).
    Removing at32f421_gpio.o(.text.gpio_pins_huge_driven_config), (48 bytes).
    Removing at32f421_gpio.o(.ARM.exidx.text.gpio_pins_huge_driven_config), (8 bytes).
    Removing at32f421_gpio.o(.ARM.exidx.text.gpio_pin_mux_config), (8 bytes).
    Removing at32f421_i2c.o(.text), (0 bytes).
    Removing at32f421_i2c.o(.text.i2c_reset), (92 bytes).
    Removing at32f421_i2c.o(.ARM.exidx.text.i2c_reset), (8 bytes).
    Removing at32f421_i2c.o(.text.i2c_software_reset), (30 bytes).
    Removing at32f421_i2c.o(.ARM.exidx.text.i2c_software_reset), (8 bytes).
    Removing at32f421_i2c.o(.text.i2c_init), (372 bytes).
    Removing at32f421_i2c.o(.ARM.exidx.text.i2c_init), (8 bytes).
    Removing at32f421_i2c.o(.text.i2c_own_address1_set), (48 bytes).
    Removing at32f421_i2c.o(.ARM.exidx.text.i2c_own_address1_set), (8 bytes).
    Removing at32f421_i2c.o(.text.i2c_own_address2_set), (28 bytes).
    Removing at32f421_i2c.o(.ARM.exidx.text.i2c_own_address2_set), (8 bytes).
    Removing at32f421_i2c.o(.text.i2c_own_address2_enable), (22 bytes).
    Removing at32f421_i2c.o(.ARM.exidx.text.i2c_own_address2_enable), (8 bytes).
    Removing at32f421_i2c.o(.text.i2c_smbus_enable), (30 bytes).
    Removing at32f421_i2c.o(.ARM.exidx.text.i2c_smbus_enable), (8 bytes).
    Removing at32f421_i2c.o(.text.i2c_enable), (22 bytes).
    Removing at32f421_i2c.o(.ARM.exidx.text.i2c_enable), (8 bytes).
    Removing at32f421_i2c.o(.text.i2c_fast_mode_duty_set), (30 bytes).
    Removing at32f421_i2c.o(.ARM.exidx.text.i2c_fast_mode_duty_set), (8 bytes).
    Removing at32f421_i2c.o(.text.i2c_clock_stretch_enable), (32 bytes).
    Removing at32f421_i2c.o(.ARM.exidx.text.i2c_clock_stretch_enable), (8 bytes).
    Removing at32f421_i2c.o(.text.i2c_ack_enable), (30 bytes).
    Removing at32f421_i2c.o(.ARM.exidx.text.i2c_ack_enable), (8 bytes).
    Removing at32f421_i2c.o(.text.i2c_master_receive_ack_set), (30 bytes).
    Removing at32f421_i2c.o(.ARM.exidx.text.i2c_master_receive_ack_set), (8 bytes).
    Removing at32f421_i2c.o(.text.i2c_pec_position_set), (30 bytes).
    Removing at32f421_i2c.o(.ARM.exidx.text.i2c_pec_position_set), (8 bytes).
    Removing at32f421_i2c.o(.text.i2c_general_call_enable), (30 bytes).
    Removing at32f421_i2c.o(.ARM.exidx.text.i2c_general_call_enable), (8 bytes).
    Removing at32f421_i2c.o(.text.i2c_arp_mode_enable), (30 bytes).
    Removing at32f421_i2c.o(.ARM.exidx.text.i2c_arp_mode_enable), (8 bytes).
    Removing at32f421_i2c.o(.text.i2c_smbus_mode_set), (30 bytes).
    Removing at32f421_i2c.o(.ARM.exidx.text.i2c_smbus_mode_set), (8 bytes).
    Removing at32f421_i2c.o(.text.i2c_smbus_alert_set), (30 bytes).
    Removing at32f421_i2c.o(.ARM.exidx.text.i2c_smbus_alert_set), (8 bytes).
    Removing at32f421_i2c.o(.text.i2c_pec_transmit_enable), (30 bytes).
    Removing at32f421_i2c.o(.ARM.exidx.text.i2c_pec_transmit_enable), (8 bytes).
    Removing at32f421_i2c.o(.text.i2c_pec_calculate_enable), (30 bytes).
    Removing at32f421_i2c.o(.ARM.exidx.text.i2c_pec_calculate_enable), (8 bytes).
    Removing at32f421_i2c.o(.text.i2c_pec_value_get), (16 bytes).
    Removing at32f421_i2c.o(.ARM.exidx.text.i2c_pec_value_get), (8 bytes).
    Removing at32f421_i2c.o(.text.i2c_dma_end_transfer_set), (30 bytes).
    Removing at32f421_i2c.o(.ARM.exidx.text.i2c_dma_end_transfer_set), (8 bytes).
    Removing at32f421_i2c.o(.text.i2c_dma_enable), (30 bytes).
    Removing at32f421_i2c.o(.ARM.exidx.text.i2c_dma_enable), (8 bytes).
    Removing at32f421_i2c.o(.text.i2c_interrupt_enable), (50 bytes).
    Removing at32f421_i2c.o(.ARM.exidx.text.i2c_interrupt_enable), (8 bytes).
    Removing at32f421_i2c.o(.text.i2c_start_generate), (18 bytes).
    Removing at32f421_i2c.o(.ARM.exidx.text.i2c_start_generate), (8 bytes).
    Removing at32f421_i2c.o(.text.i2c_stop_generate), (18 bytes).
    Removing at32f421_i2c.o(.ARM.exidx.text.i2c_stop_generate), (8 bytes).
    Removing at32f421_i2c.o(.text.i2c_7bit_address_send), (48 bytes).
    Removing at32f421_i2c.o(.ARM.exidx.text.i2c_7bit_address_send), (8 bytes).
    Removing at32f421_i2c.o(.text.i2c_data_send), (20 bytes).
    Removing at32f421_i2c.o(.ARM.exidx.text.i2c_data_send), (8 bytes).
    Removing at32f421_i2c.o(.text.i2c_data_receive), (14 bytes).
    Removing at32f421_i2c.o(.ARM.exidx.text.i2c_data_receive), (8 bytes).
    Removing at32f421_i2c.o(.text.i2c_flag_get), (82 bytes).
    Removing at32f421_i2c.o(.ARM.exidx.text.i2c_flag_get), (8 bytes).
    Removing at32f421_i2c.o(.text.i2c_flag_clear), (70 bytes).
    Removing at32f421_i2c.o(.ARM.exidx.text.i2c_flag_clear), (8 bytes).
    Removing at32f421_misc.o(.text), (0 bytes).
    Removing at32f421_misc.o(.text.nvic_system_reset), (4 bytes).
    Removing at32f421_misc.o(.ARM.exidx.text.nvic_system_reset), (8 bytes).
    Removing at32f421_misc.o(.text.__NVIC_SystemReset), (38 bytes).
    Removing at32f421_misc.o(.ARM.exidx.text.__NVIC_SystemReset), (8 bytes).
    Removing at32f421_misc.o(.text.nvic_irq_enable), (46 bytes).
    Removing at32f421_misc.o(.ARM.exidx.text.nvic_irq_enable), (8 bytes).
    Removing at32f421_misc.o(.text.NVIC_EncodePriority), (108 bytes).
    Removing at32f421_misc.o(.ARM.exidx.text.NVIC_EncodePriority), (8 bytes).
    Removing at32f421_misc.o(.text.__NVIC_GetPriorityGrouping), (16 bytes).
    Removing at32f421_misc.o(.ARM.exidx.text.__NVIC_GetPriorityGrouping), (8 bytes).
    Removing at32f421_misc.o(.text.__NVIC_SetPriority), (58 bytes).
    Removing at32f421_misc.o(.ARM.exidx.text.__NVIC_SetPriority), (8 bytes).
    Removing at32f421_misc.o(.text.__NVIC_EnableIRQ), (42 bytes).
    Removing at32f421_misc.o(.ARM.exidx.text.__NVIC_EnableIRQ), (8 bytes).
    Removing at32f421_misc.o(.text.nvic_irq_disable), (16 bytes).
    Removing at32f421_misc.o(.ARM.exidx.text.nvic_irq_disable), (8 bytes).
    Removing at32f421_misc.o(.text.__NVIC_DisableIRQ), (50 bytes).
    Removing at32f421_misc.o(.ARM.exidx.text.__NVIC_DisableIRQ), (8 bytes).
    Removing at32f421_misc.o(.ARM.exidx.text.nvic_priority_group_config), (8 bytes).
    Removing at32f421_misc.o(.ARM.exidx.text.__NVIC_SetPriorityGrouping), (8 bytes).
    Removing at32f421_misc.o(.text.nvic_vector_table_set), (36 bytes).
    Removing at32f421_misc.o(.ARM.exidx.text.nvic_vector_table_set), (8 bytes).
    Removing at32f421_misc.o(.text.nvic_lowpower_mode_config), (52 bytes).
    Removing at32f421_misc.o(.ARM.exidx.text.nvic_lowpower_mode_config), (8 bytes).
    Removing at32f421_misc.o(.ARM.exidx.text.systick_clock_source_config), (8 bytes).
    Removing at32f421_pwc.o(.text), (0 bytes).
    Removing at32f421_pwc.o(.text.pwc_reset), (30 bytes).
    Removing at32f421_pwc.o(.ARM.exidx.text.pwc_reset), (8 bytes).
    Removing at32f421_pwc.o(.text.pwc_battery_powered_domain_access), (34 bytes).
    Removing at32f421_pwc.o(.ARM.exidx.text.pwc_battery_powered_domain_access), (8 bytes).
    Removing at32f421_pwc.o(.text.pwc_pvm_level_select), (34 bytes).
    Removing at32f421_pwc.o(.ARM.exidx.text.pwc_pvm_level_select), (8 bytes).
    Removing at32f421_pwc.o(.text.pwc_power_voltage_monitor_enable), (34 bytes).
    Removing at32f421_pwc.o(.ARM.exidx.text.pwc_power_voltage_monitor_enable), (8 bytes).
    Removing at32f421_pwc.o(.text.pwc_wakeup_pin_enable), (54 bytes).
    Removing at32f421_pwc.o(.ARM.exidx.text.pwc_wakeup_pin_enable), (8 bytes).
    Removing at32f421_pwc.o(.text.pwc_flag_clear), (66 bytes).
    Removing at32f421_pwc.o(.ARM.exidx.text.pwc_flag_clear), (8 bytes).
    Removing at32f421_pwc.o(.text.pwc_flag_get), (44 bytes).
    Removing at32f421_pwc.o(.ARM.exidx.text.pwc_flag_get), (8 bytes).
    Removing at32f421_pwc.o(.text.pwc_sleep_mode_enter), (52 bytes).
    Removing at32f421_pwc.o(.ARM.exidx.text.pwc_sleep_mode_enter), (8 bytes).
    Removing at32f421_pwc.o(.text.pwc_deep_sleep_mode_enter), (68 bytes).
    Removing at32f421_pwc.o(.ARM.exidx.text.pwc_deep_sleep_mode_enter), (8 bytes).
    Removing at32f421_pwc.o(.text.pwc_voltage_regulate_set), (136 bytes).
    Removing at32f421_pwc.o(.ARM.exidx.text.pwc_voltage_regulate_set), (8 bytes).
    Removing at32f421_pwc.o(.text.pwc_standby_mode_enter), (46 bytes).
    Removing at32f421_pwc.o(.ARM.exidx.text.pwc_standby_mode_enter), (8 bytes).
    Removing at32f421_scfg.o(.text), (0 bytes).
    Removing at32f421_scfg.o(.text.scfg_reset), (28 bytes).
    Removing at32f421_scfg.o(.ARM.exidx.text.scfg_reset), (8 bytes).
    Removing at32f421_scfg.o(.text.scfg_infrared_config), (52 bytes).
    Removing at32f421_scfg.o(.ARM.exidx.text.scfg_infrared_config), (8 bytes).
    Removing at32f421_scfg.o(.text.scfg_mem_map_get), (14 bytes).
    Removing at32f421_scfg.o(.ARM.exidx.text.scfg_mem_map_get), (8 bytes).
    Removing at32f421_scfg.o(.text.scfg_pa11pa12_pin_remap), (32 bytes).
    Removing at32f421_scfg.o(.ARM.exidx.text.scfg_pa11pa12_pin_remap), (8 bytes).
    Removing at32f421_scfg.o(.text.scfg_adc_dma_channel_remap), (32 bytes).
    Removing at32f421_scfg.o(.ARM.exidx.text.scfg_adc_dma_channel_remap), (8 bytes).
    Removing at32f421_scfg.o(.text.scfg_usart1_tx_dma_channel_remap), (32 bytes).
    Removing at32f421_scfg.o(.ARM.exidx.text.scfg_usart1_tx_dma_channel_remap), (8 bytes).
    Removing at32f421_scfg.o(.text.scfg_usart1_rx_dma_channel_remap), (32 bytes).
    Removing at32f421_scfg.o(.ARM.exidx.text.scfg_usart1_rx_dma_channel_remap), (8 bytes).
    Removing at32f421_scfg.o(.text.scfg_tmr16_dma_channel_remap), (32 bytes).
    Removing at32f421_scfg.o(.ARM.exidx.text.scfg_tmr16_dma_channel_remap), (8 bytes).
    Removing at32f421_scfg.o(.text.scfg_tmr17_dma_channel_remap), (32 bytes).
    Removing at32f421_scfg.o(.ARM.exidx.text.scfg_tmr17_dma_channel_remap), (8 bytes).
    Removing at32f421_scfg.o(.text.scfg_exint_line_config), (196 bytes).
    Removing at32f421_scfg.o(.ARM.exidx.text.scfg_exint_line_config), (8 bytes).
    Removing at32f421_spi.o(.text), (0 bytes).
    Removing at32f421_spi.o(.text.spi_i2s_reset), (90 bytes).
    Removing at32f421_spi.o(.ARM.exidx.text.spi_i2s_reset), (8 bytes).
    Removing at32f421_spi.o(.ARM.exidx.text.spi_default_para_init), (8 bytes).
    Removing at32f421_spi.o(.ARM.exidx.text.spi_init), (8 bytes).
    Removing at32f421_spi.o(.text.spi_crc_next_transmit), (18 bytes).
    Removing at32f421_spi.o(.ARM.exidx.text.spi_crc_next_transmit), (8 bytes).
    Removing at32f421_spi.o(.text.spi_crc_polynomial_set), (30 bytes).
    Removing at32f421_spi.o(.ARM.exidx.text.spi_crc_polynomial_set), (8 bytes).
    Removing at32f421_spi.o(.text.spi_crc_polynomial_get), (14 bytes).
    Removing at32f421_spi.o(.ARM.exidx.text.spi_crc_polynomial_get), (8 bytes).
    Removing at32f421_spi.o(.text.spi_crc_enable), (30 bytes).
    Removing at32f421_spi.o(.ARM.exidx.text.spi_crc_enable), (8 bytes).
    Removing at32f421_spi.o(.text.spi_crc_value_get), (42 bytes).
    Removing at32f421_spi.o(.ARM.exidx.text.spi_crc_value_get), (8 bytes).
    Removing at32f421_spi.o(.text.spi_hardware_cs_output_enable), (30 bytes).
    Removing at32f421_spi.o(.ARM.exidx.text.spi_hardware_cs_output_enable), (8 bytes).
    Removing at32f421_spi.o(.text.spi_software_cs_internal_level_set), (30 bytes).
    Removing at32f421_spi.o(.ARM.exidx.text.spi_software_cs_internal_level_set), (8 bytes).
    Removing at32f421_spi.o(.text.spi_frame_bit_num_set), (30 bytes).
    Removing at32f421_spi.o(.ARM.exidx.text.spi_frame_bit_num_set), (8 bytes).
    Removing at32f421_spi.o(.text.spi_half_duplex_direction_set), (30 bytes).
    Removing at32f421_spi.o(.ARM.exidx.text.spi_half_duplex_direction_set), (8 bytes).
    Removing at32f421_spi.o(.ARM.exidx.text.spi_enable), (8 bytes).
    Removing at32f421_spi.o(.text.i2s_default_para_init), (38 bytes).
    Removing at32f421_spi.o(.ARM.exidx.text.i2s_default_para_init), (8 bytes).
    Removing at32f421_spi.o(.text.i2s_init), (800 bytes).
    Removing at32f421_spi.o(.ARM.exidx.text.i2s_init), (8 bytes).
    Removing at32f421_spi.o(.text.i2s_enable), (30 bytes).
    Removing at32f421_spi.o(.ARM.exidx.text.i2s_enable), (8 bytes).
    Removing at32f421_spi.o(.text.spi_i2s_interrupt_enable), (42 bytes).
    Removing at32f421_spi.o(.ARM.exidx.text.spi_i2s_interrupt_enable), (8 bytes).
    Removing at32f421_spi.o(.text.spi_i2s_dma_transmitter_enable), (30 bytes).
    Removing at32f421_spi.o(.ARM.exidx.text.spi_i2s_dma_transmitter_enable), (8 bytes).
    Removing at32f421_spi.o(.text.spi_i2s_dma_receiver_enable), (22 bytes).
    Removing at32f421_spi.o(.ARM.exidx.text.spi_i2s_dma_receiver_enable), (8 bytes).
    Removing at32f421_spi.o(.ARM.exidx.text.spi_i2s_data_transmit), (8 bytes).
    Removing at32f421_spi.o(.text.spi_i2s_data_receive), (14 bytes).
    Removing at32f421_spi.o(.ARM.exidx.text.spi_i2s_data_receive), (8 bytes).
    Removing at32f421_spi.o(.ARM.exidx.text.spi_i2s_flag_get), (8 bytes).
    Removing at32f421_spi.o(.text.spi_i2s_flag_clear), (104 bytes).
    Removing at32f421_spi.o(.ARM.exidx.text.spi_i2s_flag_clear), (8 bytes).
    Removing at32f421_tmr.o(.text), (0 bytes).
    Removing at32f421_usart.o(.text), (0 bytes).
    Removing at32f421_wdt.o(.text), (0 bytes).
    Removing at32f421_wwdt.o(.text), (0 bytes).
    Removing system_at32f421.o(.text), (0 bytes).
    Removing system_at32f421.o(.ARM.exidx.text.SystemInit), (8 bytes).
    Removing system_at32f421.o(.ARM.exidx.text.system_core_clock_update), (8 bytes).

552 unused section(s) (total 20813 bytes) removed from the image.

==============================================================================

Image Symbol Table

    Local Symbols

    Symbol Name                              Value     Ov Type        Size  Object(Section)

    ../clib/angel/boardlib.s                 0x00000000   Number         0  boardinit1.o ABSOLUTE
    ../clib/angel/boardlib.s                 0x00000000   Number         0  boardinit2.o ABSOLUTE
    ../clib/angel/boardlib.s                 0x00000000   Number         0  boardinit3.o ABSOLUTE
    ../clib/angel/boardlib.s                 0x00000000   Number         0  boardshut.o ABSOLUTE
    ../clib/angel/handlers.s                 0x00000000   Number         0  __scatter_copy.o ABSOLUTE
    ../clib/angel/handlers.s                 0x00000000   Number         0  __scatter_zi.o ABSOLUTE
    ../clib/angel/kernel.s                   0x00000000   Number         0  __rtentry.o ABSOLUTE
    ../clib/angel/kernel.s                   0x00000000   Number         0  __rtentry2.o ABSOLUTE
    ../clib/angel/kernel.s                   0x00000000   Number         0  __rtentry4.o ABSOLUTE
    ../clib/angel/kernel.s                   0x00000000   Number         0  rtexit.o ABSOLUTE
    ../clib/angel/kernel.s                   0x00000000   Number         0  rtexit2.o ABSOLUTE
    ../clib/angel/rt.s                       0x00000000   Number         0  aeabi_ldiv0.o ABSOLUTE
    ../clib/angel/rt.s                       0x00000000   Number         0  aeabi_ldiv0_sigfpe.o ABSOLUTE
    ../clib/angel/rt.s                       0x00000000   Number         0  rt_div0.o ABSOLUTE
    ../clib/angel/rt.s                       0x00000000   Number         0  rt_raise.o ABSOLUTE
    ../clib/angel/scatter.s                  0x00000000   Number         0  __scatter.o ABSOLUTE
    ../clib/angel/startup.s                  0x00000000   Number         0  __main.o ABSOLUTE
    ../clib/angel/sys.s                      0x00000000   Number         0  sys_stackheap_outer.o ABSOLUTE
    ../clib/angel/sys.s                      0x00000000   Number         0  libspace.o ABSOLUTE
    ../clib/angel/sys.s                      0x00000000   Number         0  use_no_semi.o ABSOLUTE
    ../clib/angel/sys.s                      0x00000000   Number         0  indicate_semi.o ABSOLUTE
    ../clib/angel/sysapp.c                   0x00000000   Number         0  sys_exit.o ABSOLUTE
    ../clib/angel/sysapp.c                   0x00000000   Number         0  sys_exit_hlt.o ABSOLUTE
    ../clib/angel/sysapp.c                   0x00000000   Number         0  sys_wrch.o ABSOLUTE
    ../clib/angel/sysapp.c                   0x00000000   Number         0  sys_wrch_hlt.o ABSOLUTE
    ../clib/angel/sysapp.c                   0x00000000   Number         0  sys_command.o ABSOLUTE
    ../clib/angel/sysapp.c                   0x00000000   Number         0  sys_command_hlt.o ABSOLUTE
    ../clib/armsys.c                         0x00000000   Number         0  argv_veneer.o ABSOLUTE
    ../clib/armsys.c                         0x00000000   Number         0  argv_veneer.o ABSOLUTE
    ../clib/armsys.c                         0x00000000   Number         0  _get_argv_nomalloc.o ABSOLUTE
    ../clib/armsys.c                         0x00000000   Number         0  no_argv.o ABSOLUTE
    ../clib/heapalloc.c                      0x00000000   Number         0  hrguard.o ABSOLUTE
    ../clib/heapaux.c                        0x00000000   Number         0  heapauxi.o ABSOLUTE
    ../clib/libinit.s                        0x00000000   Number         0  libinit.o ABSOLUTE
    ../clib/libinit.s                        0x00000000   Number         0  libinit2.o ABSOLUTE
    ../clib/libinit.s                        0x00000000   Number         0  libshutdown.o ABSOLUTE
    ../clib/libinit.s                        0x00000000   Number         0  libshutdown2.o ABSOLUTE
    ../clib/longlong.s                       0x00000000   Number         0  lludivv7m.o ABSOLUTE
    ../clib/memcpset.s                       0x00000000   Number         0  rt_memcpy_v6.o ABSOLUTE
    ../clib/memcpset.s                       0x00000000   Number         0  rt_memclr_w.o ABSOLUTE
    ../clib/memcpset.s                       0x00000000   Number         0  rt_memcpy_w.o ABSOLUTE
    ../clib/signal.c                         0x00000000   Number         0  defsig_fpe_outer.o ABSOLUTE
    ../clib/signal.c                         0x00000000   Number         0  defsig_fpe_formal.o ABSOLUTE
    ../clib/signal.c                         0x00000000   Number         0  defsig_exit.o ABSOLUTE
    ../clib/signal.c                         0x00000000   Number         0  defsig_fpe_inner.o ABSOLUTE
    ../clib/signal.c                         0x00000000   Number         0  __raise.o ABSOLUTE
    ../clib/signal.c                         0x00000000   Number         0  defsig_general.o ABSOLUTE
    ../clib/signal.c                         0x00000000   Number         0  defsig_abrt_inner.o ABSOLUTE
    ../clib/signal.c                         0x00000000   Number         0  defsig_rtred_inner.o ABSOLUTE
    ../clib/signal.c                         0x00000000   Number         0  defsig_rtmem_inner.o ABSOLUTE
    ../clib/signal.c                         0x00000000   Number         0  defsig_rtmem_outer.o ABSOLUTE
    ../clib/signal.c                         0x00000000   Number         0  defsig_rtmem_formal.o ABSOLUTE
    ../clib/signal.c                         0x00000000   Number         0  defsig_stak_inner.o ABSOLUTE
    ../clib/signal.c                         0x00000000   Number         0  defsig_pvfn_inner.o ABSOLUTE
    ../clib/signal.c                         0x00000000   Number         0  defsig_cppl_inner.o ABSOLUTE
    ../clib/signal.c                         0x00000000   Number         0  defsig_segv_inner.o ABSOLUTE
    ../clib/signal.c                         0x00000000   Number         0  defsig_other.o ABSOLUTE
    ../clib/signal.s                         0x00000000   Number         0  defsig.o ABSOLUTE
    ../clib/stdlib.c                         0x00000000   Number         0  exit.o ABSOLUTE
    ../clib/string.c                         0x00000000   Number         0  strlen.o ABSOLUTE
    ../fplib/ffix.s                          0x00000000   Number         0  ffix.o ABSOLUTE
    ../fplib/fmul.s                          0x00000000   Number         0  fmul.o ABSOLUTE
    ../fplib/fnaninf.s                       0x00000000   Number         0  fnaninf.o ABSOLUTE
    ../fplib/fpinit.s                        0x00000000   Number         0  fpinit.o ABSOLUTE
    ../fplib/fpinit_empty.s                  0x00000000   Number         0  fpinit_empty.o ABSOLUTE
    ../fplib/fretinf.s                       0x00000000   Number         0  fretinf.o ABSOLUTE
    ../fplib/usenofp.s                       0x00000000   Number         0  usenofp.o ABSOLUTE
    SEGGER_RTT.c                             0x00000000   Number         0  segger_rtt.o ABSOLUTE
    SEGGER_RTT_printf.c                      0x00000000   Number         0  segger_rtt_printf.o ABSOLUTE
    at32f421_adc.c                           0x00000000   Number         0  at32f421_adc.o ABSOLUTE
    at32f421_cmp.c                           0x00000000   Number         0  at32f421_cmp.o ABSOLUTE
    at32f421_crc.c                           0x00000000   Number         0  at32f421_crc.o ABSOLUTE
    at32f421_crm.c                           0x00000000   Number         0  at32f421_crm.o ABSOLUTE
    at32f421_debug.c                         0x00000000   Number         0  at32f421_debug.o ABSOLUTE
    at32f421_dma.c                           0x00000000   Number         0  at32f421_dma.o ABSOLUTE
    at32f421_ertc.c                          0x00000000   Number         0  at32f421_ertc.o ABSOLUTE
    at32f421_exint.c                         0x00000000   Number         0  at32f421_exint.o ABSOLUTE
    at32f421_flash.c                         0x00000000   Number         0  at32f421_flash.o ABSOLUTE
    at32f421_gpio.c                          0x00000000   Number         0  at32f421_gpio.o ABSOLUTE
    at32f421_i2c.c                           0x00000000   Number         0  at32f421_i2c.o ABSOLUTE
    at32f421_int.c                           0x00000000   Number         0  at32f421_int.o ABSOLUTE
    at32f421_misc.c                          0x00000000   Number         0  at32f421_misc.o ABSOLUTE
    at32f421_pwc.c                           0x00000000   Number         0  at32f421_pwc.o ABSOLUTE
    at32f421_scfg.c                          0x00000000   Number         0  at32f421_scfg.o ABSOLUTE
    at32f421_spi.c                           0x00000000   Number         0  at32f421_spi.o ABSOLUTE
    at32f421_tmr.c                           0x00000000   Number         0  at32f421_tmr.o ABSOLUTE
    at32f421_usart.c                         0x00000000   Number         0  at32f421_usart.o ABSOLUTE
    at32f421_wdt.c                           0x00000000   Number         0  at32f421_wdt.o ABSOLUTE
    at32f421_wk_config.c                     0x00000000   Number         0  at32f421_wk_config.o ABSOLUTE
    at32f421_wwdt.c                          0x00000000   Number         0  at32f421_wwdt.o ABSOLUTE
    dc.s                                     0x00000000   Number         0  dc.o ABSOLUTE
    delay.c                                  0x00000000   Number         0  delay.o ABSOLUTE
    lcd.c                                    0x00000000   Number         0  lcd.o ABSOLUTE
    lcd_init.c                               0x00000000   Number         0  lcd_init.o ABSOLUTE
    main.c                                   0x00000000   Number         0  main.o ABSOLUTE
    startup_at32f421.s                       0x00000000   Number         0  startup_at32f421.o ABSOLUTE
    system_at32f421.c                        0x00000000   Number         0  system_at32f421.o ABSOLUTE
    RESET                                    0x08000000   Section      204  startup_at32f421.o(RESET)
    !!!main                                  0x080000cc   Section        8  __main.o(!!!main)
    !!!scatter                               0x080000d4   Section       52  __scatter.o(!!!scatter)
    !!handler_copy                           0x08000108   Section       26  __scatter_copy.o(!!handler_copy)
    !!handler_zi                             0x08000124   Section       28  __scatter_zi.o(!!handler_zi)
    .ARM.Collect$$libinit$$00000000          0x08000140   Section        2  libinit.o(.ARM.Collect$$libinit$$00000000)
    .ARM.Collect$$libinit$$00000002          0x08000142   Section        0  libinit2.o(.ARM.Collect$$libinit$$00000002)
    .ARM.Collect$$libinit$$00000004          0x08000142   Section        0  libinit2.o(.ARM.Collect$$libinit$$00000004)
    .ARM.Collect$$libinit$$00000006          0x08000142   Section        0  libinit2.o(.ARM.Collect$$libinit$$00000006)
    .ARM.Collect$$libinit$$0000000C          0x08000142   Section        0  libinit2.o(.ARM.Collect$$libinit$$0000000C)
    .ARM.Collect$$libinit$$0000000E          0x08000142   Section        0  libinit2.o(.ARM.Collect$$libinit$$0000000E)
    .ARM.Collect$$libinit$$00000010          0x08000142   Section        0  libinit2.o(.ARM.Collect$$libinit$$00000010)
    .ARM.Collect$$libinit$$00000013          0x08000142   Section        0  libinit2.o(.ARM.Collect$$libinit$$00000013)
    .ARM.Collect$$libinit$$00000015          0x08000142   Section        0  libinit2.o(.ARM.Collect$$libinit$$00000015)
    .ARM.Collect$$libinit$$00000017          0x08000142   Section        0  libinit2.o(.ARM.Collect$$libinit$$00000017)
    .ARM.Collect$$libinit$$00000019          0x08000142   Section        0  libinit2.o(.ARM.Collect$$libinit$$00000019)
    .ARM.Collect$$libinit$$0000001B          0x08000142   Section        0  libinit2.o(.ARM.Collect$$libinit$$0000001B)
    .ARM.Collect$$libinit$$0000001D          0x08000142   Section        0  libinit2.o(.ARM.Collect$$libinit$$0000001D)
    .ARM.Collect$$libinit$$0000001F          0x08000142   Section        0  libinit2.o(.ARM.Collect$$libinit$$0000001F)
    .ARM.Collect$$libinit$$00000021          0x08000142   Section        0  libinit2.o(.ARM.Collect$$libinit$$00000021)
    .ARM.Collect$$libinit$$00000023          0x08000142   Section        0  libinit2.o(.ARM.Collect$$libinit$$00000023)
    .ARM.Collect$$libinit$$00000025          0x08000142   Section        0  libinit2.o(.ARM.Collect$$libinit$$00000025)
    .ARM.Collect$$libinit$$00000027          0x08000142   Section        0  libinit2.o(.ARM.Collect$$libinit$$00000027)
    .ARM.Collect$$libinit$$0000002E          0x08000142   Section        0  libinit2.o(.ARM.Collect$$libinit$$0000002E)
    .ARM.Collect$$libinit$$00000030          0x08000142   Section        0  libinit2.o(.ARM.Collect$$libinit$$00000030)
    .ARM.Collect$$libinit$$00000032          0x08000142   Section        0  libinit2.o(.ARM.Collect$$libinit$$00000032)
    .ARM.Collect$$libinit$$00000034          0x08000142   Section        0  libinit2.o(.ARM.Collect$$libinit$$00000034)
    .ARM.Collect$$libinit$$00000035          0x08000142   Section        2  libinit2.o(.ARM.Collect$$libinit$$00000035)
    .ARM.Collect$$libshutdown$$00000000      0x08000144   Section        2  libshutdown.o(.ARM.Collect$$libshutdown$$00000000)
    .ARM.Collect$$libshutdown$$00000002      0x08000146   Section        0  libshutdown2.o(.ARM.Collect$$libshutdown$$00000002)
    .ARM.Collect$$libshutdown$$00000004      0x08000146   Section        0  libshutdown2.o(.ARM.Collect$$libshutdown$$00000004)
    .ARM.Collect$$libshutdown$$00000007      0x08000146   Section        0  libshutdown2.o(.ARM.Collect$$libshutdown$$00000007)
    .ARM.Collect$$libshutdown$$0000000A      0x08000146   Section        0  libshutdown2.o(.ARM.Collect$$libshutdown$$0000000A)
    .ARM.Collect$$libshutdown$$0000000C      0x08000146   Section        0  libshutdown2.o(.ARM.Collect$$libshutdown$$0000000C)
    .ARM.Collect$$libshutdown$$0000000F      0x08000146   Section        0  libshutdown2.o(.ARM.Collect$$libshutdown$$0000000F)
    .ARM.Collect$$libshutdown$$00000010      0x08000146   Section        2  libshutdown2.o(.ARM.Collect$$libshutdown$$00000010)
    .ARM.Collect$$rtentry$$00000000          0x08000148   Section        0  __rtentry.o(.ARM.Collect$$rtentry$$00000000)
    .ARM.Collect$$rtentry$$00000002          0x08000148   Section        0  __rtentry2.o(.ARM.Collect$$rtentry$$00000002)
    .ARM.Collect$$rtentry$$00000004          0x08000148   Section        6  __rtentry4.o(.ARM.Collect$$rtentry$$00000004)
    .ARM.Collect$$rtentry$$00000009          0x0800014e   Section        0  __rtentry2.o(.ARM.Collect$$rtentry$$00000009)
    .ARM.Collect$$rtentry$$0000000A          0x0800014e   Section        4  __rtentry2.o(.ARM.Collect$$rtentry$$0000000A)
    .ARM.Collect$$rtentry$$0000000C          0x08000152   Section        0  __rtentry2.o(.ARM.Collect$$rtentry$$0000000C)
    .ARM.Collect$$rtentry$$0000000D          0x08000152   Section        8  __rtentry2.o(.ARM.Collect$$rtentry$$0000000D)
    .ARM.Collect$$rtexit$$00000000           0x0800015a   Section        2  rtexit.o(.ARM.Collect$$rtexit$$00000000)
    .ARM.Collect$$rtexit$$00000002           0x0800015c   Section        0  rtexit2.o(.ARM.Collect$$rtexit$$00000002)
    .ARM.Collect$$rtexit$$00000003           0x0800015c   Section        4  rtexit2.o(.ARM.Collect$$rtexit$$00000003)
    .ARM.Collect$$rtexit$$00000004           0x08000160   Section        6  rtexit2.o(.ARM.Collect$$rtexit$$00000004)
    .text                                    0x08000168   Section       64  startup_at32f421.o(.text)
    .text                                    0x080001a8   Section      240  lludivv7m.o(.text)
    .text                                    0x08000298   Section      138  rt_memcpy_v6.o(.text)
    .text                                    0x08000322   Section       78  rt_memclr_w.o(.text)
    .text                                    0x08000370   Section        0  heapauxi.o(.text)
    .text                                    0x08000376   Section      100  rt_memcpy_w.o(.text)
    .text                                    0x080003da   Section       74  sys_stackheap_outer.o(.text)
    .text                                    0x08000424   Section        0  exit.o(.text)
    .text                                    0x08000438   Section        8  libspace.o(.text)
    .text                                    0x08000440   Section        0  sys_exit.o(.text)
    .text                                    0x0800044c   Section        2  use_no_semi.o(.text)
    .text                                    0x0800044e   Section        0  indicate_semi.o(.text)
    [Anonymous Symbol]                       0x08000450   Section        0  at32f421_int.o(.text.BusFault_Handler)
    [Anonymous Symbol]                       0x08000454   Section        0  at32f421_int.o(.text.DebugMon_Handler)
    [Anonymous Symbol]                       0x08000458   Section        0  at32f421_int.o(.text.HardFault_Handler)
    [Anonymous Symbol]                       0x0800045c   Section        0  lcd_init.o(.text.LCD_Address_Set)
    [Anonymous Symbol]                       0x080004b8   Section        0  lcd.o(.text.LCD_DrawPoint)
    [Anonymous Symbol]                       0x080004e4   Section        0  lcd.o(.text.LCD_Fill)
    [Anonymous Symbol]                       0x08000574   Section        0  lcd_init.o(.text.LCD_Init)
    [Anonymous Symbol]                       0x080007e4   Section        0  lcd.o(.text.LCD_ShowChar)
    [Anonymous Symbol]                       0x08000a10   Section        0  lcd.o(.text.LCD_ShowString)
    [Anonymous Symbol]                       0x08000a90   Section        0  lcd_init.o(.text.LCD_WR_DATA)
    [Anonymous Symbol]                       0x08000aac   Section        0  lcd_init.o(.text.LCD_WR_DATA8)
    [Anonymous Symbol]                       0x08000ac0   Section        0  lcd_init.o(.text.LCD_WR_REG)
    [Anonymous Symbol]                       0x08000aec   Section        0  lcd_init.o(.text.LCD_Writ_Bus)
    [Anonymous Symbol]                       0x08000b34   Section        0  at32f421_int.o(.text.MemManage_Handler)
    [Anonymous Symbol]                       0x08000b38   Section        0  at32f421_int.o(.text.NMI_Handler)
    [Anonymous Symbol]                       0x08000b3c   Section        0  at32f421_int.o(.text.PendSV_Handler)
    [Anonymous Symbol]                       0x08000b40   Section        0  segger_rtt.o(.text.SEGGER_RTT_Write)
    [Anonymous Symbol]                       0x08000b8c   Section        0  segger_rtt.o(.text.SEGGER_RTT_WriteNoLock)
    [Anonymous Symbol]                       0x08000c3c   Section        0  segger_rtt_printf.o(.text.SEGGER_RTT_printf)
    [Anonymous Symbol]                       0x08000c68   Section        0  segger_rtt_printf.o(.text.SEGGER_RTT_vprintf)
    [Anonymous Symbol]                       0x08000fa4   Section        0  at32f421_int.o(.text.SVC_Handler)
    [Anonymous Symbol]                       0x08000fa8   Section        0  system_at32f421.o(.text.SystemInit)
    [Anonymous Symbol]                       0x080010e4   Section        0  at32f421_int.o(.text.UsageFault_Handler)
    _DoInit                                  0x080010e9   Thumb Code   164  segger_rtt.o(.text._DoInit)
    [Anonymous Symbol]                       0x080010e8   Section        0  segger_rtt.o(.text._DoInit)
    _GetAvailWriteSpace                      0x0800118d   Thumb Code    62  segger_rtt.o(.text._GetAvailWriteSpace)
    [Anonymous Symbol]                       0x0800118c   Section        0  segger_rtt.o(.text._GetAvailWriteSpace)
    _PrintInt                                0x080011cd   Thumb Code   460  segger_rtt_printf.o(.text._PrintInt)
    [Anonymous Symbol]                       0x080011cc   Section        0  segger_rtt_printf.o(.text._PrintInt)
    _PrintUnsigned                           0x08001399   Thumb Code   428  segger_rtt_printf.o(.text._PrintUnsigned)
    [Anonymous Symbol]                       0x08001398   Section        0  segger_rtt_printf.o(.text._PrintUnsigned)
    _StoreChar                               0x08001545   Thumb Code   118  segger_rtt_printf.o(.text._StoreChar)
    [Anonymous Symbol]                       0x08001544   Section        0  segger_rtt_printf.o(.text._StoreChar)
    _WriteBlocking                           0x080015bd   Thumb Code   228  segger_rtt.o(.text._WriteBlocking)
    [Anonymous Symbol]                       0x080015bc   Section        0  segger_rtt.o(.text._WriteBlocking)
    _WriteNoCheck                            0x080016a1   Thumb Code   140  segger_rtt.o(.text._WriteNoCheck)
    [Anonymous Symbol]                       0x080016a0   Section        0  segger_rtt.o(.text._WriteNoCheck)
    __NVIC_SetPriorityGrouping               0x0800172d   Thumb Code    60  at32f421_misc.o(.text.__NVIC_SetPriorityGrouping)
    [Anonymous Symbol]                       0x0800172c   Section        0  at32f421_misc.o(.text.__NVIC_SetPriorityGrouping)
    [Anonymous Symbol]                       0x08001768   Section        0  at32f421_crm.o(.text.crm_ahb_div_set)
    [Anonymous Symbol]                       0x0800178c   Section        0  at32f421_crm.o(.text.crm_apb1_div_set)
    [Anonymous Symbol]                       0x080017b0   Section        0  at32f421_crm.o(.text.crm_apb2_div_set)
    [Anonymous Symbol]                       0x080017d4   Section        0  at32f421_crm.o(.text.crm_auto_step_mode_enable)
    [Anonymous Symbol]                       0x08001808   Section        0  at32f421_crm.o(.text.crm_clock_source_enable)
    [Anonymous Symbol]                       0x0800189c   Section        0  at32f421_crm.o(.text.crm_flag_get)
    [Anonymous Symbol]                       0x080018d4   Section        0  at32f421_crm.o(.text.crm_periph_clock_enable)
    [Anonymous Symbol]                       0x08001924   Section        0  at32f421_crm.o(.text.crm_pll_config2)
    [Anonymous Symbol]                       0x080019e0   Section        0  at32f421_crm.o(.text.crm_reset)
    [Anonymous Symbol]                       0x08001a7c   Section        0  at32f421_crm.o(.text.crm_sysclk_switch)
    [Anonymous Symbol]                       0x08001a98   Section        0  at32f421_crm.o(.text.crm_sysclk_switch_status_get)
    [Anonymous Symbol]                       0x08001aa8   Section        0  delay.o(.text.delay_init)
    [Anonymous Symbol]                       0x08001ae8   Section        0  delay.o(.text.delay_ms)
    [Anonymous Symbol]                       0x08001b74   Section        0  at32f421_gpio.o(.text.gpio_bits_reset)
    [Anonymous Symbol]                       0x08001b88   Section        0  at32f421_gpio.o(.text.gpio_bits_set)
    [Anonymous Symbol]                       0x08001b9c   Section        0  at32f421_gpio.o(.text.gpio_bits_write)
    [Anonymous Symbol]                       0x08001bc4   Section        0  at32f421_gpio.o(.text.gpio_default_para_init)
    [Anonymous Symbol]                       0x08001be8   Section        0  at32f421_gpio.o(.text.gpio_init)
    [Anonymous Symbol]                       0x08001cd0   Section        0  at32f421_gpio.o(.text.gpio_pin_mux_config)
    [Anonymous Symbol]                       0x08001d4c   Section        0  main.o(.text.main)
    [Anonymous Symbol]                       0x08001dbc   Section        0  at32f421_misc.o(.text.nvic_priority_group_config)
    [Anonymous Symbol]                       0x08001dcc   Section        0  at32f421_spi.o(.text.spi_default_para_init)
    [Anonymous Symbol]                       0x08001df8   Section        0  at32f421_spi.o(.text.spi_enable)
    [Anonymous Symbol]                       0x08001e18   Section        0  at32f421_spi.o(.text.spi_i2s_data_transmit)
    [Anonymous Symbol]                       0x08001e2c   Section        0  at32f421_spi.o(.text.spi_i2s_flag_get)
    [Anonymous Symbol]                       0x08001e54   Section        0  at32f421_spi.o(.text.spi_init)
    [Anonymous Symbol]                       0x0800200c   Section        0  system_at32f421.o(.text.system_core_clock_update)
    [Anonymous Symbol]                       0x08002238   Section        0  at32f421_misc.o(.text.systick_clock_source_config)
    [Anonymous Symbol]                       0x0800226c   Section        0  at32f421_wk_config.o(.text.wk_gpio_config)
    [Anonymous Symbol]                       0x080022b4   Section        0  at32f421_wk_config.o(.text.wk_nvic_config)
    [Anonymous Symbol]                       0x080022c0   Section        0  at32f421_wk_config.o(.text.wk_periph_clock_config)
    [Anonymous Symbol]                       0x0800231c   Section        0  at32f421_wk_config.o(.text.wk_spi1_init)
    [Anonymous Symbol]                       0x080023b4   Section        0  at32f421_wk_config.o(.text.wk_system_clock_config)
    _DoInit._aInitStr                        0x08002460   Data          17  segger_rtt.o(.rodata._DoInit._aInitStr)
    [Anonymous Symbol]                       0x08002460   Section        0  segger_rtt.o(.rodata._DoInit._aInitStr)
    _PrintUnsigned._aV2C                     0x08002471   Data          16  segger_rtt_printf.o(.rodata._PrintUnsigned._aV2C)
    [Anonymous Symbol]                       0x08002471   Section        0  segger_rtt_printf.o(.rodata._PrintUnsigned._aV2C)
    .L.str                                   0x08005875   Data          24  main.o(.rodata.str1.1)
    [Anonymous Symbol]                       0x08005875   Section        0  main.o(.rodata.str1.1)
    .L.str.1                                 0x0800588d   Data           7  main.o(.rodata.str1.1)
    .L.str                                   0x08005894   Data           9  segger_rtt.o(.rodata.str1.1)
    [Anonymous Symbol]                       0x08005894   Section        0  segger_rtt.o(.rodata.str1.1)
    system_core_clock_update.sys_ahb_div_table 0x0800589d   Data          16  system_at32f421.o(.rodata.system_core_clock_update.sys_ahb_div_table)
    [Anonymous Symbol]                       0x0800589d   Section        0  system_at32f421.o(.rodata.system_core_clock_update.sys_ahb_div_table)
    .bss                                     0x20000008   Section       96  libspace.o(.bss)
    _acDownBuffer                            0x20000110   Data          16  segger_rtt.o(.bss._acDownBuffer)
    [Anonymous Symbol]                       0x20000110   Section        0  segger_rtt.o(.bss._acDownBuffer)
    _acUpBuffer                              0x20000120   Data        1024  segger_rtt.o(.bss._acUpBuffer)
    [Anonymous Symbol]                       0x20000120   Section        0  segger_rtt.o(.bss._acUpBuffer)
    fac_ms                                   0x20000520   Data           4  delay.o(.bss.fac_ms)
    [Anonymous Symbol]                       0x20000520   Section        0  delay.o(.bss.fac_ms)
    fac_us                                   0x20000524   Data           4  delay.o(.bss.fac_us)
    [Anonymous Symbol]                       0x20000524   Section        0  delay.o(.bss.fac_us)
    Heap_Mem                                 0x20000528   Data         512  startup_at32f421.o(HEAP)
    HEAP                                     0x20000528   Section      512  startup_at32f421.o(HEAP)
    Stack_Mem                                0x20000728   Data        1024  startup_at32f421.o(STACK)
    STACK                                    0x20000728   Section     1024  startup_at32f421.o(STACK)
    __initial_sp                             0x20000b28   Data           0  startup_at32f421.o(STACK)

    Global Symbols

    Symbol Name                              Value     Ov Type        Size  Object(Section)

    BuildAttributes$$THM_ISAv4$E$P$D$K$B$S$7EM$PE$A:L22UL41UL21$X:L11$S22US41US21$IEEE1$IW$~IW$USESV6$~STKCKD$USESV7$WCHAR32$ENUMINT$~SHL$OSPACE$ROPI$EBA8$UX$STANDARDLIB$REQ8$PRES8$EABIv2 0x00000000   Number         0  anon$$obj.o ABSOLUTE
    __fp_init_empty                          0x00000000   Number         0  fpinit_empty.o ABSOLUTE
    __ARM_exceptions_init                     - Undefined Weak Reference
    __alloca_initialize                       - Undefined Weak Reference
    __arm_preinit_                            - Undefined Weak Reference
    __arm_relocate_pie_                       - Undefined Weak Reference
    __cpp_initialize__aeabi_                  - Undefined Weak Reference
    __cxa_finalize                            - Undefined Weak Reference
    __rt_locale                               - Undefined Weak Reference
    __sigvec_lookup                           - Undefined Weak Reference
    _atexit_init                              - Undefined Weak Reference
    _call_atexit_fns                          - Undefined Weak Reference
    _clock_init                               - Undefined Weak Reference
    _fp_trap_init                             - Undefined Weak Reference
    _fp_trap_shutdown                         - Undefined Weak Reference
    _get_lc_collate                           - Undefined Weak Reference
    _get_lc_ctype                             - Undefined Weak Reference
    _get_lc_monetary                          - Undefined Weak Reference
    _get_lc_numeric                           - Undefined Weak Reference
    _get_lc_time                              - Undefined Weak Reference
    _getenv_init                              - Undefined Weak Reference
    _handle_redirection                       - Undefined Weak Reference
    _init_alloc                               - Undefined Weak Reference
    _init_user_alloc                          - Undefined Weak Reference
    _initio                                   - Undefined Weak Reference
    _rand_init                                - Undefined Weak Reference
    _signal_finish                            - Undefined Weak Reference
    _signal_init                              - Undefined Weak Reference
    _terminate_alloc                          - Undefined Weak Reference
    _terminate_user_alloc                     - Undefined Weak Reference
    _terminateio                              - Undefined Weak Reference
    __Vectors_Size                           0x000000cc   Number         0  startup_at32f421.o ABSOLUTE
    __Vectors                                0x08000000   Data           4  startup_at32f421.o(RESET)
    __Vectors_End                            0x080000cc   Data           0  startup_at32f421.o(RESET)
    __main                                   0x080000cd   Thumb Code     8  __main.o(!!!main)
    __scatterload                            0x080000d5   Thumb Code     0  __scatter.o(!!!scatter)
    __scatterload_rt2                        0x080000d5   Thumb Code    44  __scatter.o(!!!scatter)
    __scatterload_rt2_thumb_only             0x080000d5   Thumb Code     0  __scatter.o(!!!scatter)
    __scatterload_null                       0x080000e3   Thumb Code     0  __scatter.o(!!!scatter)
    __scatterload_copy                       0x08000109   Thumb Code    26  __scatter_copy.o(!!handler_copy)
    __scatterload_zeroinit                   0x08000125   Thumb Code    28  __scatter_zi.o(!!handler_zi)
    __rt_lib_init                            0x08000141   Thumb Code     0  libinit.o(.ARM.Collect$$libinit$$00000000)
    __rt_lib_init_alloca_1                   0x08000143   Thumb Code     0  libinit2.o(.ARM.Collect$$libinit$$00000030)
    __rt_lib_init_argv_1                     0x08000143   Thumb Code     0  libinit2.o(.ARM.Collect$$libinit$$0000002E)
    __rt_lib_init_atexit_1                   0x08000143   Thumb Code     0  libinit2.o(.ARM.Collect$$libinit$$0000001D)
    __rt_lib_init_clock_1                    0x08000143   Thumb Code     0  libinit2.o(.ARM.Collect$$libinit$$00000023)
    __rt_lib_init_cpp_1                      0x08000143   Thumb Code     0  libinit2.o(.ARM.Collect$$libinit$$00000034)
    __rt_lib_init_exceptions_1               0x08000143   Thumb Code     0  libinit2.o(.ARM.Collect$$libinit$$00000032)
    __rt_lib_init_fp_1                       0x08000143   Thumb Code     0  libinit2.o(.ARM.Collect$$libinit$$00000002)
    __rt_lib_init_fp_trap_1                  0x08000143   Thumb Code     0  libinit2.o(.ARM.Collect$$libinit$$00000021)
    __rt_lib_init_getenv_1                   0x08000143   Thumb Code     0  libinit2.o(.ARM.Collect$$libinit$$00000025)
    __rt_lib_init_heap_1                     0x08000143   Thumb Code     0  libinit2.o(.ARM.Collect$$libinit$$0000000C)
    __rt_lib_init_lc_collate_1               0x08000143   Thumb Code     0  libinit2.o(.ARM.Collect$$libinit$$00000013)
    __rt_lib_init_lc_ctype_1                 0x08000143   Thumb Code     0  libinit2.o(.ARM.Collect$$libinit$$00000015)
    __rt_lib_init_lc_monetary_1              0x08000143   Thumb Code     0  libinit2.o(.ARM.Collect$$libinit$$00000017)
    __rt_lib_init_lc_numeric_1               0x08000143   Thumb Code     0  libinit2.o(.ARM.Collect$$libinit$$00000019)
    __rt_lib_init_lc_time_1                  0x08000143   Thumb Code     0  libinit2.o(.ARM.Collect$$libinit$$0000001B)
    __rt_lib_init_preinit_1                  0x08000143   Thumb Code     0  libinit2.o(.ARM.Collect$$libinit$$00000006)
    __rt_lib_init_rand_1                     0x08000143   Thumb Code     0  libinit2.o(.ARM.Collect$$libinit$$00000010)
    __rt_lib_init_relocate_pie_1             0x08000143   Thumb Code     0  libinit2.o(.ARM.Collect$$libinit$$00000004)
    __rt_lib_init_return                     0x08000143   Thumb Code     0  libinit2.o(.ARM.Collect$$libinit$$00000035)
    __rt_lib_init_signal_1                   0x08000143   Thumb Code     0  libinit2.o(.ARM.Collect$$libinit$$0000001F)
    __rt_lib_init_stdio_1                    0x08000143   Thumb Code     0  libinit2.o(.ARM.Collect$$libinit$$00000027)
    __rt_lib_init_user_alloc_1               0x08000143   Thumb Code     0  libinit2.o(.ARM.Collect$$libinit$$0000000E)
    __rt_lib_shutdown                        0x08000145   Thumb Code     0  libshutdown.o(.ARM.Collect$$libshutdown$$00000000)
    __rt_lib_shutdown_cpp_1                  0x08000147   Thumb Code     0  libshutdown2.o(.ARM.Collect$$libshutdown$$00000002)
    __rt_lib_shutdown_fp_trap_1              0x08000147   Thumb Code     0  libshutdown2.o(.ARM.Collect$$libshutdown$$00000007)
    __rt_lib_shutdown_heap_1                 0x08000147   Thumb Code     0  libshutdown2.o(.ARM.Collect$$libshutdown$$0000000F)
    __rt_lib_shutdown_return                 0x08000147   Thumb Code     0  libshutdown2.o(.ARM.Collect$$libshutdown$$00000010)
    __rt_lib_shutdown_signal_1               0x08000147   Thumb Code     0  libshutdown2.o(.ARM.Collect$$libshutdown$$0000000A)
    __rt_lib_shutdown_stdio_1                0x08000147   Thumb Code     0  libshutdown2.o(.ARM.Collect$$libshutdown$$00000004)
    __rt_lib_shutdown_user_alloc_1           0x08000147   Thumb Code     0  libshutdown2.o(.ARM.Collect$$libshutdown$$0000000C)
    __rt_entry                               0x08000149   Thumb Code     0  __rtentry.o(.ARM.Collect$$rtentry$$00000000)
    __rt_entry_presh_1                       0x08000149   Thumb Code     0  __rtentry2.o(.ARM.Collect$$rtentry$$00000002)
    __rt_entry_sh                            0x08000149   Thumb Code     0  __rtentry4.o(.ARM.Collect$$rtentry$$00000004)
    __rt_entry_li                            0x0800014f   Thumb Code     0  __rtentry2.o(.ARM.Collect$$rtentry$$0000000A)
    __rt_entry_postsh_1                      0x0800014f   Thumb Code     0  __rtentry2.o(.ARM.Collect$$rtentry$$00000009)
    __rt_entry_main                          0x08000153   Thumb Code     0  __rtentry2.o(.ARM.Collect$$rtentry$$0000000D)
    __rt_entry_postli_1                      0x08000153   Thumb Code     0  __rtentry2.o(.ARM.Collect$$rtentry$$0000000C)
    __rt_exit                                0x0800015b   Thumb Code     0  rtexit.o(.ARM.Collect$$rtexit$$00000000)
    __rt_exit_ls                             0x0800015d   Thumb Code     0  rtexit2.o(.ARM.Collect$$rtexit$$00000003)
    __rt_exit_prels_1                        0x0800015d   Thumb Code     0  rtexit2.o(.ARM.Collect$$rtexit$$00000002)
    __rt_exit_exit                           0x08000161   Thumb Code     0  rtexit2.o(.ARM.Collect$$rtexit$$00000004)
    Reset_Handler                            0x08000169   Thumb Code     8  startup_at32f421.o(.text)
    SysTick_Handler                          0x08000181   Thumb Code     2  startup_at32f421.o(.text)
    ADC1_CMP_IRQHandler                      0x08000183   Thumb Code     0  startup_at32f421.o(.text)
    CRM_IRQHandler                           0x08000183   Thumb Code     0  startup_at32f421.o(.text)
    DMA1_Channel1_IRQHandler                 0x08000183   Thumb Code     0  startup_at32f421.o(.text)
    DMA1_Channel3_2_IRQHandler               0x08000183   Thumb Code     0  startup_at32f421.o(.text)
    DMA1_Channel5_4_IRQHandler               0x08000183   Thumb Code     0  startup_at32f421.o(.text)
    ERTC_IRQHandler                          0x08000183   Thumb Code     0  startup_at32f421.o(.text)
    EXINT15_4_IRQHandler                     0x08000183   Thumb Code     0  startup_at32f421.o(.text)
    EXINT1_0_IRQHandler                      0x08000183   Thumb Code     0  startup_at32f421.o(.text)
    EXINT3_2_IRQHandler                      0x08000183   Thumb Code     0  startup_at32f421.o(.text)
    FLASH_IRQHandler                         0x08000183   Thumb Code     0  startup_at32f421.o(.text)
    I2C1_ERR_IRQHandler                      0x08000183   Thumb Code     0  startup_at32f421.o(.text)
    I2C1_EVT_IRQHandler                      0x08000183   Thumb Code     0  startup_at32f421.o(.text)
    I2C2_ERR_IRQHandler                      0x08000183   Thumb Code     0  startup_at32f421.o(.text)
    I2C2_EVT_IRQHandler                      0x08000183   Thumb Code     0  startup_at32f421.o(.text)
    PVM_IRQHandler                           0x08000183   Thumb Code     0  startup_at32f421.o(.text)
    SPI1_IRQHandler                          0x08000183   Thumb Code     0  startup_at32f421.o(.text)
    SPI2_IRQHandler                          0x08000183   Thumb Code     0  startup_at32f421.o(.text)
    TMR14_GLOBAL_IRQHandler                  0x08000183   Thumb Code     0  startup_at32f421.o(.text)
    TMR15_GLOBAL_IRQHandler                  0x08000183   Thumb Code     0  startup_at32f421.o(.text)
    TMR16_GLOBAL_IRQHandler                  0x08000183   Thumb Code     0  startup_at32f421.o(.text)
    TMR17_GLOBAL_IRQHandler                  0x08000183   Thumb Code     0  startup_at32f421.o(.text)
    TMR1_BRK_OVF_TRG_HALL_IRQHandler         0x08000183   Thumb Code     0  startup_at32f421.o(.text)
    TMR1_CH_IRQHandler                       0x08000183   Thumb Code     0  startup_at32f421.o(.text)
    TMR3_GLOBAL_IRQHandler                   0x08000183   Thumb Code     0  startup_at32f421.o(.text)
    TMR6_GLOBAL_IRQHandler                   0x08000183   Thumb Code     0  startup_at32f421.o(.text)
    USART1_IRQHandler                        0x08000183   Thumb Code     0  startup_at32f421.o(.text)
    USART2_IRQHandler                        0x08000183   Thumb Code     0  startup_at32f421.o(.text)
    WWDT_IRQHandler                          0x08000183   Thumb Code     0  startup_at32f421.o(.text)
    __user_initial_stackheap                 0x08000185   Thumb Code     0  startup_at32f421.o(.text)
    __aeabi_uldivmod                         0x080001a9   Thumb Code     0  lludivv7m.o(.text)
    _ll_udiv                                 0x080001a9   Thumb Code   240  lludivv7m.o(.text)
    __aeabi_memcpy                           0x08000299   Thumb Code     0  rt_memcpy_v6.o(.text)
    __rt_memcpy                              0x08000299   Thumb Code   138  rt_memcpy_v6.o(.text)
    _memcpy_lastbytes                        0x080002ff   Thumb Code     0  rt_memcpy_v6.o(.text)
    __aeabi_memclr4                          0x08000323   Thumb Code     0  rt_memclr_w.o(.text)
    __aeabi_memclr8                          0x08000323   Thumb Code     0  rt_memclr_w.o(.text)
    __rt_memclr_w                            0x08000323   Thumb Code     0  rt_memclr_w.o(.text)
    _memset_w                                0x08000327   Thumb Code    74  rt_memclr_w.o(.text)
    __use_two_region_memory                  0x08000371   Thumb Code     2  heapauxi.o(.text)
    __rt_heap_escrow$2region                 0x08000373   Thumb Code     2  heapauxi.o(.text)
    __rt_heap_expand$2region                 0x08000375   Thumb Code     2  heapauxi.o(.text)
    __aeabi_memcpy4                          0x08000377   Thumb Code     0  rt_memcpy_w.o(.text)
    __aeabi_memcpy8                          0x08000377   Thumb Code     0  rt_memcpy_w.o(.text)
    __rt_memcpy_w                            0x08000377   Thumb Code   100  rt_memcpy_w.o(.text)
    _memcpy_lastbytes_aligned                0x080003bf   Thumb Code     0  rt_memcpy_w.o(.text)
    __user_setup_stackheap                   0x080003db   Thumb Code    74  sys_stackheap_outer.o(.text)
    exit                                     0x08000425   Thumb Code    18  exit.o(.text)
    __user_libspace                          0x08000439   Thumb Code     8  libspace.o(.text)
    __user_perproc_libspace                  0x08000439   Thumb Code     0  libspace.o(.text)
    __user_perthread_libspace                0x08000439   Thumb Code     0  libspace.o(.text)
    _sys_exit                                0x08000441   Thumb Code     8  sys_exit.o(.text)
    __I$use$semihosting                      0x0800044d   Thumb Code     0  use_no_semi.o(.text)
    __use_no_semihosting_swi                 0x0800044d   Thumb Code     2  use_no_semi.o(.text)
    __semihosting_library_function           0x0800044f   Thumb Code     0  indicate_semi.o(.text)
    BusFault_Handler                         0x08000451   Thumb Code     4  at32f421_int.o(.text.BusFault_Handler)
    DebugMon_Handler                         0x08000455   Thumb Code     2  at32f421_int.o(.text.DebugMon_Handler)
    HardFault_Handler                        0x08000459   Thumb Code     4  at32f421_int.o(.text.HardFault_Handler)
    LCD_Address_Set                          0x0800045d   Thumb Code    90  lcd_init.o(.text.LCD_Address_Set)
    LCD_DrawPoint                            0x080004b9   Thumb Code    44  lcd.o(.text.LCD_DrawPoint)
    LCD_Fill                                 0x080004e5   Thumb Code   144  lcd.o(.text.LCD_Fill)
    LCD_Init                                 0x08000575   Thumb Code   622  lcd_init.o(.text.LCD_Init)
    LCD_ShowChar                             0x080007e5   Thumb Code   554  lcd.o(.text.LCD_ShowChar)
    LCD_ShowString                           0x08000a11   Thumb Code   128  lcd.o(.text.LCD_ShowString)
    LCD_WR_DATA                              0x08000a91   Thumb Code    28  lcd_init.o(.text.LCD_WR_DATA)
    LCD_WR_DATA8                             0x08000aad   Thumb Code    20  lcd_init.o(.text.LCD_WR_DATA8)
    LCD_WR_REG                               0x08000ac1   Thumb Code    42  lcd_init.o(.text.LCD_WR_REG)
    LCD_Writ_Bus                             0x08000aed   Thumb Code    70  lcd_init.o(.text.LCD_Writ_Bus)
    MemManage_Handler                        0x08000b35   Thumb Code     4  at32f421_int.o(.text.MemManage_Handler)
    NMI_Handler                              0x08000b39   Thumb Code     2  at32f421_int.o(.text.NMI_Handler)
    PendSV_Handler                           0x08000b3d   Thumb Code     2  at32f421_int.o(.text.PendSV_Handler)
    SEGGER_RTT_Write                         0x08000b41   Thumb Code    76  segger_rtt.o(.text.SEGGER_RTT_Write)
    SEGGER_RTT_WriteNoLock                   0x08000b8d   Thumb Code   176  segger_rtt.o(.text.SEGGER_RTT_WriteNoLock)
    SEGGER_RTT_printf                        0x08000c3d   Thumb Code    42  segger_rtt_printf.o(.text.SEGGER_RTT_printf)
    SEGGER_RTT_vprintf                       0x08000c69   Thumb Code   828  segger_rtt_printf.o(.text.SEGGER_RTT_vprintf)
    SVC_Handler                              0x08000fa5   Thumb Code     2  at32f421_int.o(.text.SVC_Handler)
    SystemInit                               0x08000fa9   Thumb Code   314  system_at32f421.o(.text.SystemInit)
    UsageFault_Handler                       0x080010e5   Thumb Code     4  at32f421_int.o(.text.UsageFault_Handler)
    crm_ahb_div_set                          0x08001769   Thumb Code    34  at32f421_crm.o(.text.crm_ahb_div_set)
    crm_apb1_div_set                         0x0800178d   Thumb Code    34  at32f421_crm.o(.text.crm_apb1_div_set)
    crm_apb2_div_set                         0x080017b1   Thumb Code    34  at32f421_crm.o(.text.crm_apb2_div_set)
    crm_auto_step_mode_enable                0x080017d5   Thumb Code    52  at32f421_crm.o(.text.crm_auto_step_mode_enable)
    crm_clock_source_enable                  0x08001809   Thumb Code   148  at32f421_crm.o(.text.crm_clock_source_enable)
    crm_flag_get                             0x0800189d   Thumb Code    54  at32f421_crm.o(.text.crm_flag_get)
    crm_periph_clock_enable                  0x080018d5   Thumb Code    78  at32f421_crm.o(.text.crm_periph_clock_enable)
    crm_pll_config2                          0x08001925   Thumb Code   186  at32f421_crm.o(.text.crm_pll_config2)
    crm_reset                                0x080019e1   Thumb Code   154  at32f421_crm.o(.text.crm_reset)
    crm_sysclk_switch                        0x08001a7d   Thumb Code    26  at32f421_crm.o(.text.crm_sysclk_switch)
    crm_sysclk_switch_status_get             0x08001a99   Thumb Code    16  at32f421_crm.o(.text.crm_sysclk_switch_status_get)
    delay_init                               0x08001aa9   Thumb Code    62  delay.o(.text.delay_init)
    delay_ms                                 0x08001ae9   Thumb Code   140  delay.o(.text.delay_ms)
    gpio_bits_reset                          0x08001b75   Thumb Code    20  at32f421_gpio.o(.text.gpio_bits_reset)
    gpio_bits_set                            0x08001b89   Thumb Code    20  at32f421_gpio.o(.text.gpio_bits_set)
    gpio_bits_write                          0x08001b9d   Thumb Code    40  at32f421_gpio.o(.text.gpio_bits_write)
    gpio_default_para_init                   0x08001bc5   Thumb Code    36  at32f421_gpio.o(.text.gpio_default_para_init)
    gpio_init                                0x08001be9   Thumb Code   232  at32f421_gpio.o(.text.gpio_init)
    gpio_pin_mux_config                      0x08001cd1   Thumb Code   122  at32f421_gpio.o(.text.gpio_pin_mux_config)
    main                                     0x08001d4d   Thumb Code   112  main.o(.text.main)
    nvic_priority_group_config               0x08001dbd   Thumb Code    16  at32f421_misc.o(.text.nvic_priority_group_config)
    spi_default_para_init                    0x08001dcd   Thumb Code    44  at32f421_spi.o(.text.spi_default_para_init)
    spi_enable                               0x08001df9   Thumb Code    30  at32f421_spi.o(.text.spi_enable)
    spi_i2s_data_transmit                    0x08001e19   Thumb Code    20  at32f421_spi.o(.text.spi_i2s_data_transmit)
    spi_i2s_flag_get                         0x08001e2d   Thumb Code    40  at32f421_spi.o(.text.spi_i2s_flag_get)
    spi_init                                 0x08001e55   Thumb Code   438  at32f421_spi.o(.text.spi_init)
    system_core_clock_update                 0x0800200d   Thumb Code   556  system_at32f421.o(.text.system_core_clock_update)
    systick_clock_source_config              0x08002239   Thumb Code    52  at32f421_misc.o(.text.systick_clock_source_config)
    wk_gpio_config                           0x0800226d   Thumb Code    72  at32f421_wk_config.o(.text.wk_gpio_config)
    wk_nvic_config                           0x080022b5   Thumb Code    10  at32f421_wk_config.o(.text.wk_nvic_config)
    wk_periph_clock_config                   0x080022c1   Thumb Code    92  at32f421_wk_config.o(.text.wk_periph_clock_config)
    wk_spi1_init                             0x0800231d   Thumb Code   150  at32f421_wk_config.o(.text.wk_spi1_init)
    wk_system_clock_config                   0x080023b5   Thumb Code   172  at32f421_wk_config.o(.text.wk_system_clock_config)
    ascii_1206                               0x08002481   Data        1140  lcd.o(.rodata.ascii_1206)
    ascii_1608                               0x080028f5   Data        1520  lcd.o(.rodata.ascii_1608)
    ascii_2412                               0x08002ee5   Data        4560  lcd.o(.rodata.ascii_2412)
    ascii_3216                               0x080040b5   Data        6080  lcd.o(.rodata.ascii_3216)
    Region$$Table$$Base                      0x080058b0   Number         0  anon$$obj.o(Region$$Table)
    Region$$Table$$Limit                     0x080058d0   Number         0  anon$$obj.o(Region$$Table)
    system_core_clock                        0x20000000   Data           4  system_at32f421.o(.data.system_core_clock)
    __libspace_start                         0x20000008   Data          96  libspace.o(.bss)
    _SEGGER_RTT                              0x20000068   Data         168  segger_rtt.o(.bss._SEGGER_RTT)
    __temporary_stack_top$libspace           0x20000068   Data           0  libspace.o(.bss)



==============================================================================

Memory Map of the image

  Image Entry point : 0x080000cd

  Load Region LR_IROM1 (Base: 0x08000000, Size: 0x000058d8, Max: 0x00010000, ABSOLUTE)

    Execution Region ER_IROM1 (Exec base: 0x08000000, Load base: 0x08000000, Size: 0x000058d0, Max: 0x00010000, ABSOLUTE)

    Exec Addr    Load Addr    Size         Type   Attr      Idx    E Section Name        Object

    0x08000000   0x08000000   0x000000cc   Data   RO          753    RESET               startup_at32f421.o
    0x080000cc   0x080000cc   0x00000008   Code   RO          772  * !!!main             c_wu.l(__main.o)
    0x080000d4   0x080000d4   0x00000034   Code   RO          960    !!!scatter          c_wu.l(__scatter.o)
    0x08000108   0x08000108   0x0000001a   Code   RO          962    !!handler_copy      c_wu.l(__scatter_copy.o)
    0x08000122   0x08000122   0x00000002   PAD
    0x08000124   0x08000124   0x0000001c   Code   RO          964    !!handler_zi        c_wu.l(__scatter_zi.o)
    0x08000140   0x08000140   0x00000002   Code   RO          822    .ARM.Collect$$libinit$$00000000  c_wu.l(libinit.o)
    0x08000142   0x08000142   0x00000000   Code   RO          835    .ARM.Collect$$libinit$$00000002  c_wu.l(libinit2.o)
    0x08000142   0x08000142   0x00000000   Code   RO          837    .ARM.Collect$$libinit$$00000004  c_wu.l(libinit2.o)
    0x08000142   0x08000142   0x00000000   Code   RO          839    .ARM.Collect$$libinit$$00000006  c_wu.l(libinit2.o)
    0x08000142   0x08000142   0x00000000   Code   RO          842    .ARM.Collect$$libinit$$0000000C  c_wu.l(libinit2.o)
    0x08000142   0x08000142   0x00000000   Code   RO          844    .ARM.Collect$$libinit$$0000000E  c_wu.l(libinit2.o)
    0x08000142   0x08000142   0x00000000   Code   RO          846    .ARM.Collect$$libinit$$00000010  c_wu.l(libinit2.o)
    0x08000142   0x08000142   0x00000000   Code   RO          849    .ARM.Collect$$libinit$$00000013  c_wu.l(libinit2.o)
    0x08000142   0x08000142   0x00000000   Code   RO          851    .ARM.Collect$$libinit$$00000015  c_wu.l(libinit2.o)
    0x08000142   0x08000142   0x00000000   Code   RO          853    .ARM.Collect$$libinit$$00000017  c_wu.l(libinit2.o)
    0x08000142   0x08000142   0x00000000   Code   RO          855    .ARM.Collect$$libinit$$00000019  c_wu.l(libinit2.o)
    0x08000142   0x08000142   0x00000000   Code   RO          857    .ARM.Collect$$libinit$$0000001B  c_wu.l(libinit2.o)
    0x08000142   0x08000142   0x00000000   Code   RO          859    .ARM.Collect$$libinit$$0000001D  c_wu.l(libinit2.o)
    0x08000142   0x08000142   0x00000000   Code   RO          861    .ARM.Collect$$libinit$$0000001F  c_wu.l(libinit2.o)
    0x08000142   0x08000142   0x00000000   Code   RO          863    .ARM.Collect$$libinit$$00000021  c_wu.l(libinit2.o)
    0x08000142   0x08000142   0x00000000   Code   RO          865    .ARM.Collect$$libinit$$00000023  c_wu.l(libinit2.o)
    0x08000142   0x08000142   0x00000000   Code   RO          867    .ARM.Collect$$libinit$$00000025  c_wu.l(libinit2.o)
    0x08000142   0x08000142   0x00000000   Code   RO          869    .ARM.Collect$$libinit$$00000027  c_wu.l(libinit2.o)
    0x08000142   0x08000142   0x00000000   Code   RO          873    .ARM.Collect$$libinit$$0000002E  c_wu.l(libinit2.o)
    0x08000142   0x08000142   0x00000000   Code   RO          875    .ARM.Collect$$libinit$$00000030  c_wu.l(libinit2.o)
    0x08000142   0x08000142   0x00000000   Code   RO          877    .ARM.Collect$$libinit$$00000032  c_wu.l(libinit2.o)
    0x08000142   0x08000142   0x00000000   Code   RO          879    .ARM.Collect$$libinit$$00000034  c_wu.l(libinit2.o)
    0x08000142   0x08000142   0x00000002   Code   RO          880    .ARM.Collect$$libinit$$00000035  c_wu.l(libinit2.o)
    0x08000144   0x08000144   0x00000002   Code   RO          915    .ARM.Collect$$libshutdown$$00000000  c_wu.l(libshutdown.o)
    0x08000146   0x08000146   0x00000000   Code   RO          943    .ARM.Collect$$libshutdown$$00000002  c_wu.l(libshutdown2.o)
    0x08000146   0x08000146   0x00000000   Code   RO          945    .ARM.Collect$$libshutdown$$00000004  c_wu.l(libshutdown2.o)
    0x08000146   0x08000146   0x00000000   Code   RO          948    .ARM.Collect$$libshutdown$$00000007  c_wu.l(libshutdown2.o)
    0x08000146   0x08000146   0x00000000   Code   RO          951    .ARM.Collect$$libshutdown$$0000000A  c_wu.l(libshutdown2.o)
    0x08000146   0x08000146   0x00000000   Code   RO          953    .ARM.Collect$$libshutdown$$0000000C  c_wu.l(libshutdown2.o)
    0x08000146   0x08000146   0x00000000   Code   RO          956    .ARM.Collect$$libshutdown$$0000000F  c_wu.l(libshutdown2.o)
    0x08000146   0x08000146   0x00000002   Code   RO          957    .ARM.Collect$$libshutdown$$00000010  c_wu.l(libshutdown2.o)
    0x08000148   0x08000148   0x00000000   Code   RO          780    .ARM.Collect$$rtentry$$00000000  c_wu.l(__rtentry.o)
    0x08000148   0x08000148   0x00000000   Code   RO          793    .ARM.Collect$$rtentry$$00000002  c_wu.l(__rtentry2.o)
    0x08000148   0x08000148   0x00000006   Code   RO          805    .ARM.Collect$$rtentry$$00000004  c_wu.l(__rtentry4.o)
    0x0800014e   0x0800014e   0x00000000   Code   RO          795    .ARM.Collect$$rtentry$$00000009  c_wu.l(__rtentry2.o)
    0x0800014e   0x0800014e   0x00000004   Code   RO          796    .ARM.Collect$$rtentry$$0000000A  c_wu.l(__rtentry2.o)
    0x08000152   0x08000152   0x00000000   Code   RO          798    .ARM.Collect$$rtentry$$0000000C  c_wu.l(__rtentry2.o)
    0x08000152   0x08000152   0x00000008   Code   RO          799    .ARM.Collect$$rtentry$$0000000D  c_wu.l(__rtentry2.o)
    0x0800015a   0x0800015a   0x00000002   Code   RO          826    .ARM.Collect$$rtexit$$00000000  c_wu.l(rtexit.o)
    0x0800015c   0x0800015c   0x00000000   Code   RO          886    .ARM.Collect$$rtexit$$00000002  c_wu.l(rtexit2.o)
    0x0800015c   0x0800015c   0x00000004   Code   RO          887    .ARM.Collect$$rtexit$$00000003  c_wu.l(rtexit2.o)
    0x08000160   0x08000160   0x00000006   Code   RO          888    .ARM.Collect$$rtexit$$00000004  c_wu.l(rtexit2.o)
    0x08000166   0x08000166   0x00000002   PAD
    0x08000168   0x08000168   0x00000040   Code   RO          754    .text               startup_at32f421.o
    0x080001a8   0x080001a8   0x000000f0   Code   RO          762    .text               c_wu.l(lludivv7m.o)
    0x08000298   0x08000298   0x0000008a   Code   RO          766    .text               c_wu.l(rt_memcpy_v6.o)
    0x08000322   0x08000322   0x0000004e   Code   RO          768    .text               c_wu.l(rt_memclr_w.o)
    0x08000370   0x08000370   0x00000006   Code   RO          770    .text               c_wu.l(heapauxi.o)
    0x08000376   0x08000376   0x00000064   Code   RO          785    .text               c_wu.l(rt_memcpy_w.o)
    0x080003da   0x080003da   0x0000004a   Code   RO          809    .text               c_wu.l(sys_stackheap_outer.o)
    0x08000424   0x08000424   0x00000012   Code   RO          811    .text               c_wu.l(exit.o)
    0x08000436   0x08000436   0x00000002   PAD
    0x08000438   0x08000438   0x00000008   Code   RO          823    .text               c_wu.l(libspace.o)
    0x08000440   0x08000440   0x0000000c   Code   RO          881    .text               c_wu.l(sys_exit.o)
    0x0800044c   0x0800044c   0x00000002   Code   RO          904    .text               c_wu.l(use_no_semi.o)
    0x0800044e   0x0800044e   0x00000000   Code   RO          906    .text               c_wu.l(indicate_semi.o)
    0x0800044e   0x0800044e   0x00000002   PAD
    0x08000450   0x08000450   0x00000004   Code   RO            8    .text.BusFault_Handler  at32f421_int.o
    0x08000454   0x08000454   0x00000002   Code   RO           14    .text.DebugMon_Handler  at32f421_int.o
    0x08000456   0x08000456   0x00000002   PAD
    0x08000458   0x08000458   0x00000004   Code   RO            4    .text.HardFault_Handler  at32f421_int.o
    0x0800045c   0x0800045c   0x0000005a   Code   RO           99    .text.LCD_Address_Set  lcd_init.o
    0x080004b6   0x080004b6   0x00000002   PAD
    0x080004b8   0x080004b8   0x0000002c   Code   RO           60    .text.LCD_DrawPoint  lcd.o
    0x080004e4   0x080004e4   0x00000090   Code   RO           58    .text.LCD_Fill      lcd.o
    0x08000574   0x08000574   0x0000026e   Code   RO          101    .text.LCD_Init      lcd_init.o
    0x080007e2   0x080007e2   0x00000002   PAD
    0x080007e4   0x080007e4   0x0000022a   Code   RO           68    .text.LCD_ShowChar  lcd.o
    0x08000a0e   0x08000a0e   0x00000002   PAD
    0x08000a10   0x08000a10   0x00000080   Code   RO           70    .text.LCD_ShowString  lcd.o
    0x08000a90   0x08000a90   0x0000001c   Code   RO           95    .text.LCD_WR_DATA   lcd_init.o
    0x08000aac   0x08000aac   0x00000014   Code   RO           93    .text.LCD_WR_DATA8  lcd_init.o
    0x08000ac0   0x08000ac0   0x0000002a   Code   RO           97    .text.LCD_WR_REG    lcd_init.o
    0x08000aea   0x08000aea   0x00000002   PAD
    0x08000aec   0x08000aec   0x00000046   Code   RO           91    .text.LCD_Writ_Bus  lcd_init.o
    0x08000b32   0x08000b32   0x00000002   PAD
    0x08000b34   0x08000b34   0x00000004   Code   RO            6    .text.MemManage_Handler  at32f421_int.o
    0x08000b38   0x08000b38   0x00000002   Code   RO            2    .text.NMI_Handler   at32f421_int.o
    0x08000b3a   0x08000b3a   0x00000002   PAD
    0x08000b3c   0x08000b3c   0x00000002   Code   RO           16    .text.PendSV_Handler  at32f421_int.o
    0x08000b3e   0x08000b3e   0x00000002   PAD
    0x08000b40   0x08000b40   0x0000004c   Code   RO          151    .text.SEGGER_RTT_Write  segger_rtt.o
    0x08000b8c   0x08000b8c   0x000000b0   Code   RO          147    .text.SEGGER_RTT_WriteNoLock  segger_rtt.o
    0x08000c3c   0x08000c3c   0x0000002a   Code   RO          221    .text.SEGGER_RTT_printf  segger_rtt_printf.o
    0x08000c66   0x08000c66   0x00000002   PAD
    0x08000c68   0x08000c68   0x0000033c   Code   RO          213    .text.SEGGER_RTT_vprintf  segger_rtt_printf.o
    0x08000fa4   0x08000fa4   0x00000002   Code   RO           12    .text.SVC_Handler   at32f421_int.o
    0x08000fa6   0x08000fa6   0x00000002   PAD
    0x08000fa8   0x08000fa8   0x0000013a   Code   RO          739    .text.SystemInit    system_at32f421.o
    0x080010e2   0x080010e2   0x00000002   PAD
    0x080010e4   0x080010e4   0x00000004   Code   RO           10    .text.UsageFault_Handler  at32f421_int.o
    0x080010e8   0x080010e8   0x000000a4   Code   RO          129    .text._DoInit       segger_rtt.o
    0x0800118c   0x0800118c   0x0000003e   Code   RO          141    .text._GetAvailWriteSpace  segger_rtt.o
    0x080011ca   0x080011ca   0x00000002   PAD
    0x080011cc   0x080011cc   0x000001cc   Code   RO          217    .text._PrintInt     segger_rtt_printf.o
    0x08001398   0x08001398   0x000001ac   Code   RO          219    .text._PrintUnsigned  segger_rtt_printf.o
    0x08001544   0x08001544   0x00000076   Code   RO          215    .text._StoreChar    segger_rtt_printf.o
    0x080015ba   0x080015ba   0x00000002   PAD
    0x080015bc   0x080015bc   0x000000e4   Code   RO          145    .text._WriteBlocking  segger_rtt.o
    0x080016a0   0x080016a0   0x0000008c   Code   RO          143    .text._WriteNoCheck  segger_rtt.o
    0x0800172c   0x0800172c   0x0000003c   Code   RO          611    .text.__NVIC_SetPriorityGrouping  at32f421_misc.o
    0x08001768   0x08001768   0x00000022   Code   RO          332    .text.crm_ahb_div_set  at32f421_crm.o
    0x0800178a   0x0800178a   0x00000002   PAD
    0x0800178c   0x0800178c   0x00000022   Code   RO          334    .text.crm_apb1_div_set  at32f421_crm.o
    0x080017ae   0x080017ae   0x00000002   PAD
    0x080017b0   0x080017b0   0x00000022   Code   RO          336    .text.crm_apb2_div_set  at32f421_crm.o
    0x080017d2   0x080017d2   0x00000002   PAD
    0x080017d4   0x080017d4   0x00000034   Code   RO          358    .text.crm_auto_step_mode_enable  at32f421_crm.o
    0x08001808   0x08001808   0x00000094   Code   RO          324    .text.crm_clock_source_enable  at32f421_crm.o
    0x0800189c   0x0800189c   0x00000036   Code   RO          310    .text.crm_flag_get  at32f421_crm.o
    0x080018d2   0x080018d2   0x00000002   PAD
    0x080018d4   0x080018d4   0x0000004e   Code   RO          318    .text.crm_periph_clock_enable  at32f421_crm.o
    0x08001922   0x08001922   0x00000002   PAD
    0x08001924   0x08001924   0x000000ba   Code   RO          346    .text.crm_pll_config2  at32f421_crm.o
    0x080019de   0x080019de   0x00000002   PAD
    0x080019e0   0x080019e0   0x0000009a   Code   RO          304    .text.crm_reset     at32f421_crm.o
    0x08001a7a   0x08001a7a   0x00000002   PAD
    0x08001a7c   0x08001a7c   0x0000001a   Code   RO          348    .text.crm_sysclk_switch  at32f421_crm.o
    0x08001a96   0x08001a96   0x00000002   PAD
    0x08001a98   0x08001a98   0x00000010   Code   RO          350    .text.crm_sysclk_switch_status_get  at32f421_crm.o
    0x08001aa8   0x08001aa8   0x0000003e   Code   RO          110    .text.delay_init    delay.o
    0x08001ae6   0x08001ae6   0x00000002   PAD
    0x08001ae8   0x08001ae8   0x0000008c   Code   RO          114    .text.delay_ms      delay.o
    0x08001b74   0x08001b74   0x00000014   Code   RO          505    .text.gpio_bits_reset  at32f421_gpio.o
    0x08001b88   0x08001b88   0x00000014   Code   RO          503    .text.gpio_bits_set  at32f421_gpio.o
    0x08001b9c   0x08001b9c   0x00000028   Code   RO          507    .text.gpio_bits_write  at32f421_gpio.o
    0x08001bc4   0x08001bc4   0x00000024   Code   RO          493    .text.gpio_default_para_init  at32f421_gpio.o
    0x08001be8   0x08001be8   0x000000e8   Code   RO          491    .text.gpio_init     at32f421_gpio.o
    0x08001cd0   0x08001cd0   0x0000007a   Code   RO          515    .text.gpio_pin_mux_config  at32f421_gpio.o
    0x08001d4a   0x08001d4a   0x00000002   PAD
    0x08001d4c   0x08001d4c   0x00000070   Code   RO           48    .text.main          main.o
    0x08001dbc   0x08001dbc   0x00000010   Code   RO          609    .text.nvic_priority_group_config  at32f421_misc.o
    0x08001dcc   0x08001dcc   0x0000002c   Code   RO          684    .text.spi_default_para_init  at32f421_spi.o
    0x08001df8   0x08001df8   0x0000001e   Code   RO          706    .text.spi_enable    at32f421_spi.o
    0x08001e16   0x08001e16   0x00000002   PAD
    0x08001e18   0x08001e18   0x00000014   Code   RO          720    .text.spi_i2s_data_transmit  at32f421_spi.o
    0x08001e2c   0x08001e2c   0x00000028   Code   RO          724    .text.spi_i2s_flag_get  at32f421_spi.o
    0x08001e54   0x08001e54   0x000001b6   Code   RO          686    .text.spi_init      at32f421_spi.o
    0x0800200a   0x0800200a   0x00000002   PAD
    0x0800200c   0x0800200c   0x0000022c   Code   RO          741    .text.system_core_clock_update  system_at32f421.o
    0x08002238   0x08002238   0x00000034   Code   RO          617    .text.systick_clock_source_config  at32f421_misc.o
    0x0800226c   0x0800226c   0x00000048   Code   RO           31    .text.wk_gpio_config  at32f421_wk_config.o
    0x080022b4   0x080022b4   0x0000000a   Code   RO           29    .text.wk_nvic_config  at32f421_wk_config.o
    0x080022be   0x080022be   0x00000002   PAD
    0x080022c0   0x080022c0   0x0000005c   Code   RO           27    .text.wk_periph_clock_config  at32f421_wk_config.o
    0x0800231c   0x0800231c   0x00000096   Code   RO           39    .text.wk_spi1_init  at32f421_wk_config.o
    0x080023b2   0x080023b2   0x00000002   PAD
    0x080023b4   0x080023b4   0x000000ac   Code   RO           25    .text.wk_system_clock_config  at32f421_wk_config.o
    0x08002460   0x08002460   0x00000011   Data   RO          202    .rodata._DoInit._aInitStr  segger_rtt.o
    0x08002471   0x08002471   0x00000010   Data   RO          223    .rodata._PrintUnsigned._aV2C  segger_rtt_printf.o
    0x08002481   0x08002481   0x00000474   Data   RO           80    .rodata.ascii_1206  lcd.o
    0x080028f5   0x080028f5   0x000005f0   Data   RO           81    .rodata.ascii_1608  lcd.o
    0x08002ee5   0x08002ee5   0x000011d0   Data   RO           82    .rodata.ascii_2412  lcd.o
    0x080040b5   0x080040b5   0x000017c0   Data   RO           83    .rodata.ascii_3216  lcd.o
    0x08005875   0x08005875   0x0000001f   Data   RO           50    .rodata.str1.1      main.o
    0x08005894   0x08005894   0x00000009   Data   RO          203    .rodata.str1.1      segger_rtt.o
    0x0800589d   0x0800589d   0x00000010   Data   RO          744    .rodata.system_core_clock_update.sys_ahb_div_table  system_at32f421.o
    0x080058ad   0x080058ad   0x00000003   PAD
    0x080058b0   0x080058b0   0x00000020   Data   RO          959    Region$$Table       anon$$obj.o


    Execution Region RW_IRAM1 (Exec base: 0x20000000, Load base: 0x080058d0, Size: 0x00000b28, Max: 0x00004000, ABSOLUTE)

    Exec Addr    Load Addr    Size         Type   Attr      Idx    E Section Name        Object

    0x20000000   0x080058d0   0x00000004   Data   RW          743    .data.system_core_clock  system_at32f421.o
    0x20000004   0x080058d4   0x00000004   PAD
    0x20000008        -       0x00000060   Zero   RW          824    .bss                c_wu.l(libspace.o)
    0x20000068        -       0x000000a8   Zero   RW          199    .bss._SEGGER_RTT    segger_rtt.o
    0x20000110        -       0x00000010   Zero   RW          205    .bss._acDownBuffer  segger_rtt.o
    0x20000120        -       0x00000400   Zero   RW          204    .bss._acUpBuffer    segger_rtt.o
    0x20000520        -       0x00000004   Zero   RW          119    .bss.fac_ms         delay.o
    0x20000524        -       0x00000004   Zero   RW          118    .bss.fac_us         delay.o
    0x20000528        -       0x00000200   Zero   RW          752    HEAP                startup_at32f421.o
    0x20000728        -       0x00000400   Zero   RW          751    STACK               startup_at32f421.o


==============================================================================

Image component sizes


      Code (inc. data)   RO Data    RW Data    ZI Data      Debug   Object Name

       816          6          0          0          0      17336   at32f421_crm.o
       470          0          0          0          0      10610   at32f421_gpio.o
        24          0          0          0          0        932   at32f421_int.o
       128          0          0          0          0       5609   at32f421_misc.o
       572          0          0          0          0      11049   at32f421_spi.o
       496          0          0          0          0      24106   at32f421_wk_config.o
       202          0          0          0          8       1624   delay.o
       870          0      13300          0          0       5320   lcd.o
       872          0          0          0          0       8540   lcd_init.o
       112          0         31          0          0        408   main.o
       846          0         26          0       1208      13189   segger_rtt.o
      1876         14         16          0          0       3788   segger_rtt_printf.o
        64         26        204          0       1536        800   startup_at32f421.o
       870          0         16          4          0       7401   system_at32f421.o

    ----------------------------------------------------------------------
      8272         46      13628          4       2756     110712   Object Totals
         0          0         32          0          0          0   (incl. Generated)
        54          0          3          0          4          0   (incl. Padding)

    ----------------------------------------------------------------------

      Code (inc. data)   RO Data    RW Data    ZI Data      Debug   Library Member Name

         8          0          0          0          0         68   __main.o
         0          0          0          0          0          0   __rtentry.o
        12          0          0          0          0          0   __rtentry2.o
         6          0          0          0          0          0   __rtentry4.o
        52          8          0          0          0          0   __scatter.o
        26          0          0          0          0          0   __scatter_copy.o
        28          0          0          0          0          0   __scatter_zi.o
        18          0          0          0          0         80   exit.o
         6          0          0          0          0        152   heapauxi.o
         0          0          0          0          0          0   indicate_semi.o
         2          0          0          0          0          0   libinit.o
         2          0          0          0          0          0   libinit2.o
         2          0          0          0          0          0   libshutdown.o
         2          0          0          0          0          0   libshutdown2.o
         8          4          0          0         96         68   libspace.o
       240          0          0          0          0        100   lludivv7m.o
        78          0          0          0          0         80   rt_memclr_w.o
       138          0          0          0          0         68   rt_memcpy_v6.o
       100          0          0          0          0         80   rt_memcpy_w.o
         2          0          0          0          0          0   rtexit.o
        10          0          0          0          0          0   rtexit2.o
        12          4          0          0          0         68   sys_exit.o
        74          0          0          0          0         80   sys_stackheap_outer.o
         2          0          0          0          0         68   use_no_semi.o

    ----------------------------------------------------------------------
       836         16          0          0         96        912   Library Totals
         8          0          0          0          0          0   (incl. Padding)

    ----------------------------------------------------------------------

      Code (inc. data)   RO Data    RW Data    ZI Data      Debug   Library Name

       828         16          0          0         96        912   c_wu.l

    ----------------------------------------------------------------------
       836         16          0          0         96        912   Library Totals

    ----------------------------------------------------------------------

==============================================================================


      Code (inc. data)   RO Data    RW Data    ZI Data      Debug   

      9108         62      13628          4       2852     111068   Grand Totals
      9108         62      13628          4       2852     111068   ELF Image Totals
      9108         62      13628          4          0          0   ROM Totals

==============================================================================

    Total RO  Size (Code + RO Data)                22736 (  22.20kB)
    Total RW  Size (RW Data + ZI Data)              2856 (   2.79kB)
    Total ROM Size (Code + RO Data + RW Data)      22740 (  22.21kB)

==============================================================================

