Component: Arm Compiler for Embedded 6.18 Tool: armlink [5e4cc100]

==============================================================================

Section Cross References

    at32f421_int.o(.ARM.exidx.text.NMI_Handler) refers to at32f421_int.o(.text.NMI_Handler) for [Anonymous Symbol]
    at32f421_int.o(.ARM.exidx.text.HardFault_Handler) refers to at32f421_int.o(.text.HardFault_Handler) for [Anonymous Symbol]
    at32f421_int.o(.ARM.exidx.text.MemManage_Handler) refers to at32f421_int.o(.text.MemManage_Handler) for [Anonymous Symbol]
    at32f421_int.o(.ARM.exidx.text.BusFault_Handler) refers to at32f421_int.o(.text.BusFault_Handler) for [Anonymous Symbol]
    at32f421_int.o(.ARM.exidx.text.UsageFault_Handler) refers to at32f421_int.o(.text.UsageFault_Handler) for [Anonymous Symbol]
    at32f421_int.o(.ARM.exidx.text.SVC_Handler) refers to at32f421_int.o(.text.SVC_Handler) for [Anonymous Symbol]
    at32f421_int.o(.ARM.exidx.text.DebugMon_Handler) refers to at32f421_int.o(.text.DebugMon_Handler) for [Anonymous Symbol]
    at32f421_int.o(.ARM.exidx.text.PendSV_Handler) refers to at32f421_int.o(.text.PendSV_Handler) for [Anonymous Symbol]
    at32f421_int.o(.text.EXINT1_0_IRQHandler) refers to main.o(.bss.EXINT_Counter) for EXINT_Counter
    at32f421_int.o(.text.EXINT1_0_IRQHandler) refers to at32f421_exint.o(.text.exint_flag_clear) for exint_flag_clear
    at32f421_int.o(.ARM.exidx.text.EXINT1_0_IRQHandler) refers to at32f421_int.o(.text.EXINT1_0_IRQHandler) for [Anonymous Symbol]
    at32f421_wk_config.o(.text.wk_system_clock_config) refers to at32f421_crm.o(.text.crm_reset) for crm_reset
    at32f421_wk_config.o(.text.wk_system_clock_config) refers to at32f421_crm.o(.text.crm_clock_source_enable) for crm_clock_source_enable
    at32f421_wk_config.o(.text.wk_system_clock_config) refers to at32f421_crm.o(.text.crm_flag_get) for crm_flag_get
    at32f421_wk_config.o(.text.wk_system_clock_config) refers to at32f421_crm.o(.text.crm_pll_config2) for crm_pll_config2
    at32f421_wk_config.o(.text.wk_system_clock_config) refers to at32f421_crm.o(.text.crm_ahb_div_set) for crm_ahb_div_set
    at32f421_wk_config.o(.text.wk_system_clock_config) refers to at32f421_crm.o(.text.crm_apb2_div_set) for crm_apb2_div_set
    at32f421_wk_config.o(.text.wk_system_clock_config) refers to at32f421_crm.o(.text.crm_apb1_div_set) for crm_apb1_div_set
    at32f421_wk_config.o(.text.wk_system_clock_config) refers to at32f421_crm.o(.text.crm_auto_step_mode_enable) for crm_auto_step_mode_enable
    at32f421_wk_config.o(.text.wk_system_clock_config) refers to at32f421_crm.o(.text.crm_sysclk_switch) for crm_sysclk_switch
    at32f421_wk_config.o(.text.wk_system_clock_config) refers to at32f421_crm.o(.text.crm_sysclk_switch_status_get) for crm_sysclk_switch_status_get
    at32f421_wk_config.o(.text.wk_system_clock_config) refers to system_at32f421.o(.text.system_core_clock_update) for system_core_clock_update
    at32f421_wk_config.o(.ARM.exidx.text.wk_system_clock_config) refers to at32f421_wk_config.o(.text.wk_system_clock_config) for [Anonymous Symbol]
    at32f421_wk_config.o(.text.wk_periph_clock_config) refers to at32f421_crm.o(.text.crm_periph_clock_enable) for crm_periph_clock_enable
    at32f421_wk_config.o(.ARM.exidx.text.wk_periph_clock_config) refers to at32f421_wk_config.o(.text.wk_periph_clock_config) for [Anonymous Symbol]
    at32f421_wk_config.o(.text.wk_nvic_config) refers to at32f421_misc.o(.text.nvic_priority_group_config) for nvic_priority_group_config
    at32f421_wk_config.o(.text.wk_nvic_config) refers to at32f421_misc.o(.text.nvic_irq_enable) for nvic_irq_enable
    at32f421_wk_config.o(.ARM.exidx.text.wk_nvic_config) refers to at32f421_wk_config.o(.text.wk_nvic_config) for [Anonymous Symbol]
    at32f421_wk_config.o(.text.wk_gpio_config) refers to at32f421_gpio.o(.text.gpio_default_para_init) for gpio_default_para_init
    at32f421_wk_config.o(.text.wk_gpio_config) refers to at32f421_gpio.o(.text.gpio_bits_write) for gpio_bits_write
    at32f421_wk_config.o(.text.wk_gpio_config) refers to at32f421_gpio.o(.text.gpio_init) for gpio_init
    at32f421_wk_config.o(.text.wk_gpio_config) refers to at32f421_gpio.o(.text.gpio_bits_set) for gpio_bits_set
    at32f421_wk_config.o(.ARM.exidx.text.wk_gpio_config) refers to at32f421_wk_config.o(.text.wk_gpio_config) for [Anonymous Symbol]
    at32f421_wk_config.o(.text.wk_exint_config) refers to at32f421_gpio.o(.text.gpio_default_para_init) for gpio_default_para_init
    at32f421_wk_config.o(.text.wk_exint_config) refers to at32f421_gpio.o(.text.gpio_init) for gpio_init
    at32f421_wk_config.o(.text.wk_exint_config) refers to at32f421_scfg.o(.text.scfg_exint_line_config) for scfg_exint_line_config
    at32f421_wk_config.o(.text.wk_exint_config) refers to at32f421_exint.o(.text.exint_default_para_init) for exint_default_para_init
    at32f421_wk_config.o(.text.wk_exint_config) refers to at32f421_exint.o(.text.exint_init) for exint_init
[...]
    _printf_a                                0x0800015f   Thumb Code     0  _printf_a.o(.ARM.Collect$$_printf_percent$$00000006)
    _printf_ll                               0x08000165   Thumb Code     0  _printf_ll.o(.ARM.Collect$$_printf_percent$$00000007)
    _printf_i                                0x0800016f   Thumb Code     0  _printf_i.o(.ARM.Collect$$_printf_percent$$00000008)
    _printf_d                                0x08000175   Thumb Code     0  _printf_d.o(.ARM.Collect$$_printf_percent$$00000009)
    _printf_u                                0x0800017b   Thumb Code     0  _printf_u.o(.ARM.Collect$$_printf_percent$$0000000A)
    _printf_o                                0x08000181   Thumb Code     0  _printf_o.o(.ARM.Collect$$_printf_percent$$0000000B)
    _printf_x                                0x08000187   Thumb Code     0  _printf_x.o(.ARM.Collect$$_printf_percent$$0000000C)
    _printf_lli                              0x0800018d   Thumb Code     0  _printf_lli.o(.ARM.Collect$$_printf_percent$$0000000D)
    _printf_lld                              0x08000193   Thumb Code     0  _printf_lld.o(.ARM.Collect$$_printf_percent$$0000000E)
    _printf_llu                              0x08000199   Thumb Code     0  _printf_llu.o(.ARM.Collect$$_printf_percent$$0000000F)
    _printf_llo                              0x0800019f   Thumb Code     0  _printf_llo.o(.ARM.Collect$$_printf_percent$$00000010)
    _printf_llx                              0x080001a5   Thumb Code     0  _printf_llx.o(.ARM.Collect$$_printf_percent$$00000011)
    _printf_l                                0x080001ab   Thumb Code     0  _printf_l.o(.ARM.Collect$$_printf_percent$$00000012)
    _printf_c                                0x080001b5   Thumb Code     0  _printf_c.o(.ARM.Collect$$_printf_percent$$00000013)
    _printf_s                                0x080001bb   Thumb Code     0  _printf_s.o(.ARM.Collect$$_printf_percent$$00000014)
    _printf_lc                               0x080001c1   Thumb Code     0  _printf_lc.o(.ARM.Collect$$_printf_percent$$00000015)
    _printf_ls                               0x080001c7   Thumb Code     0  _printf_ls.o(.ARM.Collect$$_printf_percent$$00000016)
    _printf_percent_end                      0x080001cd   Thumb Code     0  _printf_percent_end.o(.ARM.Collect$$_printf_percent$$00000017)
    __rt_lib_init                            0x080001d1   Thumb Code     0  libinit.o(.ARM.Collect$$libinit$$00000000)
    __rt_lib_init_fp_1                       0x080001d3   Thumb Code     0  libinit2.o(.ARM.Collect$$libinit$$00000002)
    __rt_lib_init_heap_1                     0x080001d3   Thumb Code     0  libinit2.o(.ARM.Collect$$libinit$$0000000C)
    __rt_lib_init_lc_common                  0x080001d3   Thumb Code     0  libinit2.o(.ARM.Collect$$libinit$$00000011)
    __rt_lib_init_preinit_1                  0x080001d3   Thumb Code     0  libinit2.o(.ARM.Collect$$libinit$$00000006)
    __rt_lib_init_rand_1                     0x080001d3   Thumb Code     0  libinit2.o(.ARM.Collect$$libinit$$00000010)
    __rt_lib_init_relocate_pie_1             0x080001d3   Thumb Code     0  libinit2.o(.ARM.Collect$$libinit$$00000004)
    __rt_lib_init_user_alloc_1               0x080001d3   Thumb Code     0  libinit2.o(.ARM.Collect$$libinit$$0000000E)
    __rt_lib_init_lc_collate_1               0x080001d9   Thumb Code     0  libinit2.o(.ARM.Collect$$libinit$$00000013)
    __rt_lib_init_lc_ctype_2                 0x080001d9   Thumb Code     0  libinit2.o(.ARM.Collect$$libinit$$00000014)
    __rt_lib_init_lc_ctype_1                 0x080001e5   Thumb Code     0  libinit2.o(.ARM.Collect$$libinit$$00000015)
    __rt_lib_init_lc_monetary_1              0x080001e5   Thumb Code     0  libinit2.o(.ARM.Collect$$libinit$$00000017)
    __rt_lib_init_lc_numeric_2               0x080001e5   Thumb Code     0  libinit2.o(.ARM.Collect$$libinit$$00000018)
    __rt_lib_init_alloca_1                   0x080001ef   Thumb Code     0  libinit2.o(.ARM.Collect$$libinit$$00000030)
    __rt_lib_init_argv_1                     0x080001ef   Thumb Code     0  libinit2.o(.ARM.Collect$$libinit$$0000002E)
    __rt_lib_init_atexit_1                   0x080001ef   Thumb Code     0  libinit2.o(.ARM.Collect$$libinit$$0000001D)
    __rt_lib_init_clock_1                    0x080001ef   Thumb Code     0  libinit2.o(.ARM.Collect$$libinit$$00000023)
    __rt_lib_init_cpp_1                      0x080001ef   Thumb Code     0  libinit2.o(.ARM.Collect$$libinit$$00000034)
    __rt_lib_init_exceptions_1               0x080001ef   Thumb Code     0  libinit2.o(.ARM.Collect$$libinit$$00000032)
    __rt_lib_init_fp_trap_1                  0x080001ef   Thumb Code     0  libinit2.o(.ARM.Collect$$libinit$$00000021)
    __rt_lib_init_getenv_1                   0x080001ef   Thumb Code     0  libinit2.o(.ARM.Collect$$libinit$$00000025)
    __rt_lib_init_lc_numeric_1               0x080001ef   Thumb Code     0  libinit2.o(.ARM.Collect$$libinit$$00000019)
    __rt_lib_init_lc_time_1                  0x080001ef   Thumb Code     0  libinit2.o(.ARM.Collect$$libinit$$0000001B)
    __rt_lib_init_return                     0x080001ef   Thumb Code     0  libinit2.o(.ARM.Collect$$libinit$$00000035)
    __rt_lib_init_signal_1                   0x080001ef   Thumb Code     0  libinit2.o(.ARM.Collect$$libinit$$0000001F)
    __rt_lib_init_stdio_1                    0x080001ef   Thumb Code     0  libinit2.o(.ARM.Collect$$libinit$$00000027)
    __rt_lib_shutdown                        0x080001f1   Thumb Code     0  libshutdown.o(.ARM.Collect$$libshutdown$$00000000)
    __rt_lib_shutdown_cpp_1                  0x080001f3   Thumb Code     0  libshutdown2.o(.ARM.Collect$$libshutdown$$00000002)
    __rt_lib_shutdown_fp_trap_1              0x080001f3   Thumb Code     0  libshutdown2.o(.ARM.Collect$$libshutdown$$00000007)
    __rt_lib_shutdown_heap_1                 0x080001f3   Thumb Code     0  libshutdown2.o(.ARM.Collect$$libshutdown$$0000000F)
    __rt_lib_shutdown_return                 0x080001f3   Thumb Code     0  libshutdown2.o(.ARM.Collect$$libshutdown$$00000010)
    __rt_lib_shutdown_signal_1               0x080001f3   Thumb Code     0  libshutdown2.o(.ARM.Collect$$libshutdown$$0000000A)
    __rt_lib_shutdown_stdio_1                0x080001f3   Thumb Code     0  libshutdown2.o(.ARM.Collect$$libshutdown$$00000004)
    __rt_lib_shutdown_user_alloc_1           0x080001f3   Thumb Code     0  libshutdown2.o(.ARM.Collect$$libshutdown$$0000000C)
    __rt_entry                               0x080001f5   Thumb Code     0  __rtentry.o(.ARM.Collect$$rtentry$$00000000)
    __rt_entry_presh_1                       0x080001f5   Thumb Code     0  __rtentry2.o(.ARM.Collect$$rtentry$$00000002)
    __rt_entry_sh                            0x080001f5   Thumb Code     0  __rtentry4.o(.ARM.Collect$$rtentry$$00000004)
    __rt_entry_li                            0x080001fb   Thumb Code     0  __rtentry2.o(.ARM.Collect$$rtentry$$0000000A)
    __rt_entry_postsh_1                      0x080001fb   Thumb Code     0  __rtentry2.o(.ARM.Collect$$rtentry$$00000009)
    __rt_entry_main                          0x080001ff   Thumb Code     0  __rtentry2.o(.ARM.Collect$$rtentry$$0000000D)
    __rt_entry_postli_1                      0x080001ff   Thumb Code     0  __rtentry2.o(.ARM.Collect$$rtentry$$0000000C)
    __rt_exit                                0x08000207   Thumb Code     0  rtexit.o(.ARM.Collect$$rtexit$$00000000)
    __rt_exit_ls                             0x08000209   Thumb Code     0  rtexit2.o(.ARM.Collect$$rtexit$$00000003)
    __rt_exit_prels_1                        0x08000209   Thumb Code     0  rtexit2.o(.ARM.Collect$$rtexit$$00000002)
    __rt_exit_exit                           0x0800020d   Thumb Code     0  rtexit2.o(.ARM.Collect$$rtexit$$00000004)
    Reset_Handler                            0x08000215   Thumb Code     8  startup_at32f421.o(.text)
    SysTick_Handler                          0x0800022d   Thumb Code     2  startup_at32f421.o(.text)
    ADC1_CMP_IRQHandler                      0x0800022f   Thumb Code     0  startup_at32f421.o(.text)
    CRM_IRQHandler                           0x0800022f   Thumb Code     0  startup_at32f421.o(.text)
    DMA1_Channel1_IRQHandler                 0x0800022f   Thumb Code     0  startup_at32f421.o(.text)
    DMA1_Channel3_2_IRQHandler               0x0800022f   Thumb Code     0  startup_at32f421.o(.text)
    DMA1_Channel5_4_IRQHandler               0x0800022f   Thumb Code     0  startup_at32f421.o(.text)
    ERTC_IRQHandler                          0x0800022f   Thumb Code     0  startup_at32f421.o(.text)
    EXINT15_4_IRQHandler                     0x0800022f   Thumb Code     0  startup_at32f421.o(.text)
    EXINT3_2_IRQHandler                      0x0800022f   Thumb Code     0  startup_at32f421.o(.text)
    FLASH_IRQHandler                         0x0800022f   Thumb Code     0  startup_at32f421.o(.text)
    I2C1_ERR_IRQHandler                      0x0800022f   Thumb Code     0  startup_at32f421.o(.text)
    I2C1_EVT_IRQHandler                      0x0800022f   Thumb Code     0  startup_at32f421.o(.text)
    I2C2_ERR_IRQHandler                      0x0800022f   Thumb Code     0  startup_at32f421.o(.text)
    I2C2_EVT_IRQHandler                      0x0800022f   Thumb Code     0  startup_at32f421.o(.text)
    PVM_IRQHandler                           0x0800022f   Thumb Code     0  startup_at32f421.o(.text)
    SPI1_IRQHandler                          0x0800022f   Thumb Code     0  startup_at32f421.o(.text)
    SPI2_IRQHandler                          0x0800022f   Thumb Code     0  startup_at32f421.o(.text)
    TMR14_GLOBAL_IRQHandler                  0x0800022f   Thumb Code     0  startup_at32f421.o(.text)
    TMR15_GLOBAL_IRQHandler                  0x0800022f   Thumb Code     0  startup_at32f421.o(.text)
    TMR16_GLOBAL_IRQHandler                  0x0800022f   Thumb Code     0  startup_at32f421.o(.text)
    TMR17_GLOBAL_IRQHandler                  0x0800022f   Thumb Code     0  startup_at32f421.o(.text)
    TMR1_BRK_OVF_TRG_HALL_IRQHandler         0x0800022f   Thumb Code     0  startup_at32f421.o(.text)
    TMR1_CH_IRQHandler                       0x0800022f   Thumb Code     0  startup_at32f421.o(.text)
    TMR3_GLOBAL_IRQHandler                   0x0800022f   Thumb Code     0  startup_at32f421.o(.text)
    TMR6_GLOBAL_IRQHandler                   0x0800022f   Thumb Code     0  startup_at32f421.o(.text)
    USART1_IRQHandler                        0x0800022f   Thumb Code     0  startup_at32f421.o(.text)
    USART2_IRQHandler                        0x0800022f   Thumb Code     0  startup_at32f421.o(.text)
    WWDT_IRQHandler                          0x0800022f   Thumb Code     0  startup_at32f421.o(.text)
    __user_initial_stackheap                 0x08000231   Thumb Code     0  startup_at32f421.o(.text)
    __aeabi_uldivmod                         0x08000255   Thumb Code     0  lludivv7m.o(.text)
    _ll_udiv                                 0x08000255   Thumb Code   240  lludivv7m.o(.text)
    sprintf                                  0x08000345   Thumb Code    38  sprintf.o(.text)
    __aeabi_memcpy                           0x08000371   Thumb Code     0  rt_memcpy_v6.o(.text)
    __rt_memcpy                              0x08000371   Thumb Code   138  rt_memcpy_v6.o(.text)
    _memcpy_lastbytes                        0x080003d7   Thumb Code     0  rt_memcpy_v6.o(.text)
    __aeabi_memclr4                          0x080003fb   Thumb Code     0  rt_memclr_w.o(.text)
    __aeabi_memclr8                          0x080003fb   Thumb Code     0  rt_memclr_w.o(.text)
    __rt_memclr_w                            0x080003fb   Thumb Code     0  rt_memclr_w.o(.text)
    _memset_w                                0x080003ff   Thumb Code    74  rt_memclr_w.o(.text)
    __use_two_region_memory                  0x08000449   Thumb Code     2  heapauxi.o(.text)
    __rt_heap_escrow$2region                 0x0800044b   Thumb Code     2  heapauxi.o(.text)
    __rt_heap_expand$2region                 0x0800044d   Thumb Code     2  heapauxi.o(.text)
    _printf_pre_padding                      0x0800044f   Thumb Code    44  _printf_pad.o(.text)
    _printf_post_padding                     0x0800047b   Thumb Code    34  _printf_pad.o(.text)
    _printf_truncate_signed                  0x0800049d   Thumb Code    18  _printf_truncate.o(.text)
    _printf_truncate_unsigned                0x080004af   Thumb Code    18  _printf_truncate.o(.text)
    _printf_str                              0x080004c1   Thumb Code    82  _printf_str.o(.text)
    _printf_int_dec                          0x08000515   Thumb Code   104  _printf_dec.o(.text)
    _printf_charcount                        0x0800058d   Thumb Code    40  _printf_charcount.o(.text)
    _printf_char_common                      0x080005bf   Thumb Code    32  _printf_char_common.o(.text)
    _sputc                                   0x080005e5   Thumb Code    10  _sputc.o(.text)
    _printf_wctomb                           0x080005f1   Thumb Code   182  _printf_wctomb.o(.text)
    _printf_longlong_dec                     0x080006ad   Thumb Code   108  _printf_longlong_dec.o(.text)
    _printf_longlong_oct                     0x08000729   Thumb Code    68  _printf_oct_int_ll.o(.text)
    _printf_int_oct                          0x0800076d   Thumb Code    24  _printf_oct_int_ll.o(.text)
    _printf_ll_oct                           0x08000785   Thumb Code    12  _printf_oct_int_ll.o(.text)
    _printf_longlong_hex                     0x08000799   Thumb Code    86  _printf_hex_int_ll_ptr.o(.text)
    _printf_int_hex                          0x080007ef   Thumb Code    28  _printf_hex_int_ll_ptr.o(.text)
    _printf_ll_hex                           0x0800080b   Thumb Code    12  _printf_hex_int_ll_ptr.o(.text)
    _printf_hex_ptr                          0x08000817   Thumb Code    18  _printf_hex_int_ll_ptr.o(.text)
    __printf                                 0x0800082d   Thumb Code   388  __printf_flags_ss_wp.o(.text)
    __aeabi_memcpy4                          0x080009b5   Thumb Code     0  rt_memcpy_w.o(.text)
    __aeabi_memcpy8                          0x080009b5   Thumb Code     0  rt_memcpy_w.o(.text)
    __rt_memcpy_w                            0x080009b5   Thumb Code   100  rt_memcpy_w.o(.text)
    _memcpy_lastbytes_aligned                0x080009fd   Thumb Code     0  rt_memcpy_w.o(.text)
    _ll_udiv10                               0x08000a19   Thumb Code   138  lludiv10.o(.text)
    _printf_int_common                       0x08000aa3   Thumb Code   178  _printf_intcommon.o(.text)
    _printf_fp_dec_real                      0x08000d05   Thumb Code   620  _printf_fp_dec.o(.text)
    _printf_fp_hex_real                      0x08000f71   Thumb Code   756  _printf_fp_hex.o(.text)
    _printf_cs_common                        0x0800126d   Thumb Code    20  _printf_char.o(.text)
    _printf_char                             0x08001281   Thumb Code    16  _printf_char.o(.text)
    _printf_string                           0x08001291   Thumb Code     8  _printf_char.o(.text)
    _printf_lcs_common                       0x08001299   Thumb Code    20  _printf_wchar.o(.text)
    _printf_wchar                            0x080012ad   Thumb Code    16  _printf_wchar.o(.text)
    _printf_wstring                          0x080012bd   Thumb Code     8  _printf_wchar.o(.text)
    _c32rtomb                                0x080012c5   Thumb Code    72  _c32rtomb.o(.text)
    _wcrtomb                                 0x080012c5   Thumb Code     0  _c32rtomb.o(.text)
    __user_setup_stackheap                   0x0800130d   Thumb Code    74  sys_stackheap_outer.o(.text)
    __rt_ctype_table                         0x08001359   Thumb Code    16  rt_ctype_table.o(.text)
    __rt_locale                              0x08001369   Thumb Code     8  rt_locale_intlibspace.o(.text)
    _printf_fp_infnan                        0x08001371   Thumb Code   112  _printf_fp_infnan.o(.text)
    _btod_etento                             0x080013f1   Thumb Code   224  bigflt0.o(.text)
    exit                                     0x080014d5   Thumb Code    18  exit.o(.text)
    __user_libspace                          0x080014e9   Thumb Code     8  libspace.o(.text)
    __user_perproc_libspace                  0x080014e9   Thumb Code     0  libspace.o(.text)
    __user_perthread_libspace                0x080014e9   Thumb Code     0  libspace.o(.text)
    strcmp                                   0x080014f1   Thumb Code   124  strcmpv7em.o(.text)
    _sys_exit                                0x0800156d   Thumb Code     8  sys_exit.o(.text)
    __I$use$semihosting                      0x08001579   Thumb Code     0  use_no_semi.o(.text)
    __use_no_semihosting_swi                 0x08001579   Thumb Code     2  use_no_semi.o(.text)
    __semihosting_library_function           0x0800157b   Thumb Code     0  indicate_semi.o(.text)
    ADC1_ReadVCC                             0x0800157d   Thumb Code   106  main.o(.text.ADC1_ReadVCC)
    ADC1_Readtemp                            0x080015e9   Thumb Code   210  main.o(.text.ADC1_Readtemp)
    BusFault_Handler                         0x080016bd   Thumb Code     4  at32f421_int.o(.text.BusFault_Handler)
    ClearPrint                               0x080016c1   Thumb Code    54  queue.o(.text.ClearPrint)
    DebugMon_Handler                         0x080016f9   Thumb Code     2  at32f421_int.o(.text.DebugMon_Handler)
    EXINT1_0_IRQHandler                      0x080016fd   Thumb Code    24  at32f421_int.o(.text.EXINT1_0_IRQHandler)
    HardFault_Handler                        0x08001715   Thumb Code     4  at32f421_int.o(.text.HardFault_Handler)
    I2C_Read_2Byte                           0x08001719   Thumb Code   108  i2c.o(.text.I2C_Read_2Byte)
    I2C_RecvACK                              0x08001785   Thumb Code    70  i2c.o(.text.I2C_RecvACK)
    I2C_RecvData                             0x080017cd   Thumb Code   120  i2c.o(.text.I2C_RecvData)
    I2C_SendACK                              0x08001845   Thumb Code    80  i2c.o(.text.I2C_SendACK)
    I2C_SendData                             0x08001895   Thumb Code   152  i2c.o(.text.I2C_SendData)
    I2C_SendNAK                              0x0800192d   Thumb Code    70  i2c.o(.text.I2C_SendNAK)
    I2C_Start                                0x08001975   Thumb Code    66  i2c.o(.text.I2C_Start)
    I2C_Stop                                 0x080019b9   Thumb Code    56  i2c.o(.text.I2C_Stop)
    I2C_Write_2Byte                          0x080019f1   Thumb Code    70  i2c.o(.text.I2C_Write_2Byte)
    INA226_Init                              0x08001a39   Thumb Code   106  i2c.o(.text.INA226_Init)
    INA226_Read_Current                      0x08001aa5   Thumb Code   102  i2c.o(.text.INA226_Read_Current)
    INA226_Read_Voltage                      0x08001b0d   Thumb Code    54  i2c.o(.text.INA226_Read_Voltage)
    LCD_Address_Set                          0x08001b45   Thumb Code    90  lcd_init.o(.text.LCD_Address_Set)
    LCD_DrawLine                             0x08001ba1   Thumb Code   304  lcd.o(.text.LCD_DrawLine)
    LCD_DrawPoint                            0x08001cd1   Thumb Code    44  lcd.o(.text.LCD_DrawPoint)
    LCD_Fill                                 0x08001cfd   Thumb Code   144  lcd.o(.text.LCD_Fill)
    LCD_Init                                 0x08001d8d   Thumb Code   620  lcd_init.o(.text.LCD_Init)
    LCD_Init_Printline                       0x08001ff9   Thumb Code    68  lcd_init.o(.text.LCD_Init_Printline)
    LCD_ShowChar                             0x0800203d   Thumb Code   474  lcd.o(.text.LCD_ShowChar)
    LCD_ShowChar2416                         0x08002219   Thumb Code   250  lcd.o(.text.LCD_ShowChar2416)
    LCD_ShowCharDot                          0x08002315   Thumb Code   164  lcd.o(.text.LCD_ShowCharDot)
    LCD_ShowString                           0x080023b9   Thumb Code   128  lcd.o(.text.LCD_ShowString)
    LCD_ShowString2416                       0x08002439   Thumb Code   132  lcd.o(.text.LCD_ShowString2416)
    LCD_WR_DATA                              0x080024bd   Thumb Code    28  lcd_init.o(.text.LCD_WR_DATA)
    LCD_WR_DATA8                             0x080024d9   Thumb Code    20  lcd_init.o(.text.LCD_WR_DATA8)
    LCD_WR_REG                               0x080024ed   Thumb Code    42  lcd_init.o(.text.LCD_WR_REG)
    LCD_Writ_Bus                             0x08002519   Thumb Code    70  lcd_init.o(.text.LCD_Writ_Bus)
    MemManage_Handler                        0x08002561   Thumb Code     4  at32f421_int.o(.text.MemManage_Handler)
    NMI_Handler                              0x08002565   Thumb Code     2  at32f421_int.o(.text.NMI_Handler)
    PendSV_Handler                           0x080025d5   Thumb Code     2  at32f421_int.o(.text.PendSV_Handler)
    SEGGER_RTT_Write                         0x080025d9   Thumb Code    76  segger_rtt.o(.text.SEGGER_RTT_Write)
    SEGGER_RTT_WriteNoLock                   0x08002625   Thumb Code   176  segger_rtt.o(.text.SEGGER_RTT_WriteNoLock)
    SEGGER_RTT_printf                        0x080026d5   Thumb Code    42  segger_rtt_printf.o(.text.SEGGER_RTT_printf)
    SEGGER_RTT_vprintf                       0x08002701   Thumb Code   828  segger_rtt_printf.o(.text.SEGGER_RTT_vprintf)
    SVC_Handler                              0x08002a3d   Thumb Code     2  at32f421_int.o(.text.SVC_Handler)
    SystemInit                               0x08002a41   Thumb Code   314  system_at32f421.o(.text.SystemInit)
    UsageFault_Handler                       0x08002b7d   Thumb Code     4  at32f421_int.o(.text.UsageFault_Handler)
    adc_base_config                          0x08003279   Thumb Code   100  at32f421_adc.o(.text.adc_base_config)
    adc_base_default_para_init               0x080032dd   Thumb Code    28  at32f421_adc.o(.text.adc_base_default_para_init)
    adc_calibration_init                     0x080032f9   Thumb Code    18  at32f421_adc.o(.text.adc_calibration_init)
    adc_calibration_init_status_get          0x0800330d   Thumb Code    34  at32f421_adc.o(.text.adc_calibration_init_status_get)
    adc_calibration_start                    0x08003331   Thumb Code    18  at32f421_adc.o(.text.adc_calibration_start)
    adc_calibration_status_get               0x08003345   Thumb Code    34  at32f421_adc.o(.text.adc_calibration_status_get)
    adc_dma_mode_enable                      0x08003369   Thumb Code    30  at32f421_adc.o(.text.adc_dma_mode_enable)
    adc_enable                               0x08003389   Thumb Code    22  at32f421_adc.o(.text.adc_enable)
    adc_ordinary_channel_set                 0x080033a1   Thumb Code   330  at32f421_adc.o(.text.adc_ordinary_channel_set)
    adc_ordinary_conversion_trigger_set      0x080034ed   Thumb Code   104  at32f421_adc.o(.text.adc_ordinary_conversion_trigger_set)
    adc_ordinary_part_mode_enable            0x08003555   Thumb Code    30  at32f421_adc.o(.text.adc_ordinary_part_mode_enable)
    adc_ordinary_software_trigger_enable     0x08003575   Thumb Code    30  at32f421_adc.o(.text.adc_ordinary_software_trigger_enable)
    adc_tempersensor_vintrv_enable           0x08003595   Thumb Code    34  at32f421_adc.o(.text.adc_tempersensor_vintrv_enable)
    crm_adc_clock_div_set                    0x080035b9   Thumb Code    48  at32f421_crm.o(.text.crm_adc_clock_div_set)
    crm_ahb_div_set                          0x080035e9   Thumb Code    34  at32f421_crm.o(.text.crm_ahb_div_set)
    crm_apb1_div_set                         0x0800360d   Thumb Code    34  at32f421_crm.o(.text.crm_apb1_div_set)
    crm_apb2_div_set                         0x08003631   Thumb Code    34  at32f421_crm.o(.text.crm_apb2_div_set)
    crm_auto_step_mode_enable                0x08003655   Thumb Code    52  at32f421_crm.o(.text.crm_auto_step_mode_enable)
    crm_clock_source_enable                  0x08003689   Thumb Code   148  at32f421_crm.o(.text.crm_clock_source_enable)
    crm_flag_get                             0x0800371d   Thumb Code    54  at32f421_crm.o(.text.crm_flag_get)
    crm_periph_clock_enable                  0x08003755   Thumb Code    78  at32f421_crm.o(.text.crm_periph_clock_enable)
    crm_pll_config2                          0x080037a5   Thumb Code   186  at32f421_crm.o(.text.crm_pll_config2)
    crm_reset                                0x08003861   Thumb Code   154  at32f421_crm.o(.text.crm_reset)
    crm_sysclk_switch                        0x080038fd   Thumb Code    26  at32f421_crm.o(.text.crm_sysclk_switch)
    crm_sysclk_switch_status_get             0x08003919   Thumb Code    16  at32f421_crm.o(.text.crm_sysclk_switch_status_get)
    delay_init                               0x08003929   Thumb Code    62  delay.o(.text.delay_init)
    delay_ms                                 0x08003969   Thumb Code   216  delay.o(.text.delay_ms)
    delay_us                                 0x08003a41   Thumb Code   142  delay.o(.text.delay_us)
    dma_channel_enable                       0x08003ad1   Thumb Code    22  at32f421_dma.o(.text.dma_channel_enable)
    dma_default_para_init                    0x08003ae9   Thumb Code    50  at32f421_dma.o(.text.dma_default_para_init)
    dma_init                                 0x08003b1d   Thumb Code   190  at32f421_dma.o(.text.dma_init)
    dma_reset                                0x08003bdd   Thumb Code    86  at32f421_dma.o(.text.dma_reset)
    enqueue                                  0x08003c35   Thumb Code   158  queue.o(.text.enqueue)
    exint_default_para_init                  0x08003cd5   Thumb Code    28  at32f421_exint.o(.text.exint_default_para_init)
    exint_flag_clear                         0x08003cf1   Thumb Code    20  at32f421_exint.o(.text.exint_flag_clear)
    exint_init                               0x08003d05   Thumb Code   228  at32f421_exint.o(.text.exint_init)
    exint_interrupt_enable                   0x08003de9   Thumb Code    54  at32f421_exint.o(.text.exint_interrupt_enable)
    gpio_bits_reset                          0x08003e21   Thumb Code    20  at32f421_gpio.o(.text.gpio_bits_reset)
    gpio_bits_set                            0x08003e35   Thumb Code    20  at32f421_gpio.o(.text.gpio_bits_set)
    gpio_bits_write                          0x08003e49   Thumb Code    40  at32f421_gpio.o(.text.gpio_bits_write)
    gpio_default_para_init                   0x08003e71   Thumb Code    36  at32f421_gpio.o(.text.gpio_default_para_init)
    gpio_init                                0x08003e95   Thumb Code   232  at32f421_gpio.o(.text.gpio_init)
    gpio_input_data_bit_read                 0x08003f7d   Thumb Code    46  at32f421_gpio.o(.text.gpio_input_data_bit_read)
    gpio_pin_mux_config                      0x08003fad   Thumb Code   122  at32f421_gpio.o(.text.gpio_pin_mux_config)
    main                                     0x08004029   Thumb Code  1408  main.o(.text.main)
    maxqueue                                 0x080045a9   Thumb Code   104  queue.o(.text.maxqueue)
    nvic_irq_enable                          0x08004611   Thumb Code    46  at32f421_misc.o(.text.nvic_irq_enable)
    nvic_priority_group_config               0x08004641   Thumb Code    16  at32f421_misc.o(.text.nvic_priority_group_config)
    printQueue                               0x08004651   Thumb Code   166  queue.o(.text.printQueue)
    scfg_exint_line_config                   0x080046f9   Thumb Code   196  at32f421_scfg.o(.text.scfg_exint_line_config)
    spi_default_para_init                    0x080047bd   Thumb Code    44  at32f421_spi.o(.text.spi_default_para_init)
    spi_enable                               0x080047e9   Thumb Code    30  at32f421_spi.o(.text.spi_enable)
    spi_i2s_data_transmit                    0x08004809   Thumb Code    20  at32f421_spi.o(.text.spi_i2s_data_transmit)
    spi_i2s_flag_get                         0x0800481d   Thumb Code    40  at32f421_spi.o(.text.spi_i2s_flag_get)
    spi_init                                 0x08004845   Thumb Code   438  at32f421_spi.o(.text.spi_init)
    system_core_clock_update                 0x080049fd   Thumb Code   556  system_at32f421.o(.text.system_core_clock_update)
    systick_clock_source_config              0x08004c29   Thumb Code    52  at32f421_misc.o(.text.systick_clock_source_config)
    tmr_base_init                            0x08004c5d   Thumb Code    34  at32f421_tmr.o(.text.tmr_base_init)
    tmr_brkdt_config                         0x08004c81   Thumb Code   158  at32f421_tmr.o(.text.tmr_brkdt_config)
    tmr_channel_value_set                    0x08004d21   Thumb Code    78  at32f421_tmr.o(.text.tmr_channel_value_set)
    tmr_clock_source_div_set                 0x08004d71   Thumb Code    30  at32f421_tmr.o(.text.tmr_clock_source_div_set)
    tmr_cnt_dir_set                          0x08004d91   Thumb Code    30  at32f421_tmr.o(.text.tmr_cnt_dir_set)
    tmr_counter_enable                       0x08004db1   Thumb Code    22  at32f421_tmr.o(.text.tmr_counter_enable)
    tmr_output_channel_buffer_enable         0x08004dc9   Thumb Code   134  at32f421_tmr.o(.text.tmr_output_channel_buffer_enable)
    tmr_output_channel_config                0x08004e51   Thumb Code   472  at32f421_tmr.o(.text.tmr_output_channel_config)
    tmr_output_enable                        0x08005029   Thumb Code    30  at32f421_tmr.o(.text.tmr_output_enable)
    tmr_period_buffer_enable                 0x08005049   Thumb Code    30  at32f421_tmr.o(.text.tmr_period_buffer_enable)
    tmr_primary_mode_select                  0x08005069   Thumb Code    30  at32f421_tmr.o(.text.tmr_primary_mode_select)
    tmr_repetition_counter_set               0x08005089   Thumb Code    28  at32f421_tmr.o(.text.tmr_repetition_counter_set)
    tmr_sub_sync_mode_set                    0x080050a5   Thumb Code    30  at32f421_tmr.o(.text.tmr_sub_sync_mode_set)
    wk_adc1_init                             0x080050c5   Thumb Code   184  at32f421_wk_config.o(.text.wk_adc1_init)
    wk_dma1_channel1_init                    0x0800517d   Thumb Code    56  at32f421_wk_config.o(.text.wk_dma1_channel1_init)
    wk_dma_channel_config                    0x080051b5   Thumb Code    36  at32f421_wk_config.o(.text.wk_dma_channel_config)
    wk_exint_config                          0x080051d9   Thumb Code    78  at32f421_wk_config.o(.text.wk_exint_config)
    wk_gpio_config                           0x08005229   Thumb Code   132  at32f421_wk_config.o(.text.wk_gpio_config)
    wk_nvic_config                           0x080052ad   Thumb Code    20  at32f421_wk_config.o(.text.wk_nvic_config)
    wk_periph_clock_config                   0x080052c1   Thumb Code   102  at32f421_wk_config.o(.text.wk_periph_clock_config)
    wk_spi1_init                             0x08005329   Thumb Code   148  at32f421_wk_config.o(.text.wk_spi1_init)
    wk_system_clock_config                   0x080053bd   Thumb Code   172  at32f421_wk_config.o(.text.wk_system_clock_config)
    wk_tmr15_init                            0x08005469   Thumb Code   214  at32f421_wk_config.o(.text.wk_tmr15_init)
    _btod_d2e                                0x0800553f   Thumb Code    62  btod.o(CL$$btod_d2e)
    _d2e_denorm_low                          0x0800557d   Thumb Code    70  btod.o(CL$$btod_d2e_denorm_low)
    _d2e_norm_op1                            0x080055c3   Thumb Code    96  btod.o(CL$$btod_d2e_norm_op1)
    __btod_div_common                        0x08005625   Thumb Code   696  btod.o(CL$$btod_div_common)
    _e2e                                     0x0800595d   Thumb Code   220  btod.o(CL$$btod_e2e)
    _btod_ediv                               0x08005a39   Thumb Code    42  btod.o(CL$$btod_ediv)
    _btod_emul                               0x08005a63   Thumb Code    42  btod.o(CL$$btod_emul)
    __btod_mult_common                       0x08005a8d   Thumb Code   580  btod.o(CL$$btod_mult_common)
    __ARM_fpclassify                         0x08005cd1   Thumb Code    40  fpclassify.o(i.__ARM_fpclassify)
    _is_digit                                0x08005cf9   Thumb Code    14  __printf_wp.o(i._is_digit)
    _get_lc_numeric                          0x08005d09   Thumb Code    44  lc_numeric_c.o(locale$$code)
    _get_lc_ctype                            0x08005d35   Thumb Code    44  lc_ctype_c.o(locale$$code)
    __aeabi_d2f                              0x08005d61   Thumb Code     0  d2f.o(x$fpl$d2f)
    _d2f                                     0x08005d61   Thumb Code    98  d2f.o(x$fpl$d2f)
    __aeabi_dadd                             0x08005dc5   Thumb Code     0  daddsub_clz.o(x$fpl$dadd)
    _dadd                                    0x08005dc5   Thumb Code   332  daddsub_clz.o(x$fpl$dadd)
    __fpl_dcmp_Inf                           0x08005f15   Thumb Code    24  dcmpi.o(x$fpl$dcmpinf)
    __aeabi_ddiv                             0x08005f2d   Thumb Code     0  ddiv.o(x$fpl$ddiv)
    _ddiv                                    0x08005f2d   Thumb Code   556  ddiv.o(x$fpl$ddiv)
    __aeabi_cdcmpeq                          0x080061e1   Thumb Code     0  deqf.o(x$fpl$deqf)
    _dcmpeq                                  0x080061e1   Thumb Code   120  deqf.o(x$fpl$deqf)
    __aeabi_i2d                              0x08006259   Thumb Code     0  dflt_clz.o(x$fpl$dflt)
    _dflt                                    0x08006259   Thumb Code    46  dflt_clz.o(x$fpl$dflt)
    __aeabi_ui2d                             0x08006287   Thumb Code     0  dflt_clz.o(x$fpl$dfltu)
    _dfltu                                   0x08006287   Thumb Code    38  dflt_clz.o(x$fpl$dfltu)
    __aeabi_cdcmpge                          0x080062ad   Thumb Code     0  dgeqf.o(x$fpl$dgeqf)
    _dcmpge                                  0x080062ad   Thumb Code   120  dgeqf.o(x$fpl$dgeqf)
    __aeabi_cdcmple                          0x08006325   Thumb Code     0  dleqf.o(x$fpl$dleqf)
    _dcmple                                  0x08006325   Thumb Code   120  dleqf.o(x$fpl$dleqf)
    __fpl_dcmple_InfNaN                      0x08006387   Thumb Code     0  dleqf.o(x$fpl$dleqf)
    __aeabi_dmul                             0x0800639d   Thumb Code     0  dmul.o(x$fpl$dmul)
    _dmul                                    0x0800639d   Thumb Code   332  dmul.o(x$fpl$dmul)
    __fpl_dnaninf                            0x080064f1   Thumb Code   156  dnaninf.o(x$fpl$dnaninf)
    __fpl_dretinf                            0x0800658d   Thumb Code    12  dretinf.o(x$fpl$dretinf)
    __aeabi_dsub                             0x08006599   Thumb Code     0  daddsub_clz.o(x$fpl$dsub)
    _dsub                                    0x08006599   Thumb Code   472  daddsub_clz.o(x$fpl$dsub)
    __aeabi_f2d                              0x08006775   Thumb Code     0  f2d.o(x$fpl$f2d)
    _f2d                                     0x08006775   Thumb Code    86  f2d.o(x$fpl$f2d)
    __aeabi_fadd                             0x080067cd   Thumb Code     0  faddsub_clz.o(x$fpl$fadd)
    _fadd                                    0x080067cd   Thumb Code   196  faddsub_clz.o(x$fpl$fadd)
    __aeabi_dcmpeq                           0x08006891   Thumb Code     0  dcmp.o(x$fpl$fcmp)
    _deq                                     0x08006891   Thumb Code    14  dcmp.o(x$fpl$fcmp)
    _dneq                                    0x0800689f   Thumb Code    14  dcmp.o(x$fpl$fcmp)
    __aeabi_dcmpgt                           0x080068ad   Thumb Code     0  dcmp.o(x$fpl$fcmp)
    _dgr                                     0x080068ad   Thumb Code    14  dcmp.o(x$fpl$fcmp)
    __aeabi_dcmpge                           0x080068bb   Thumb Code     0  dcmp.o(x$fpl$fcmp)
    _dgeq                                    0x080068bb   Thumb Code    14  dcmp.o(x$fpl$fcmp)
    __aeabi_dcmple                           0x080068c9   Thumb Code     0  dcmp.o(x$fpl$fcmp)
    _dleq                                    0x080068c9   Thumb Code    14  dcmp.o(x$fpl$fcmp)
    __aeabi_dcmplt                           0x080068d7   Thumb Code     0  dcmp.o(x$fpl$fcmp)
    _dls                                     0x080068d7   Thumb Code    14  dcmp.o(x$fpl$fcmp)
    __aeabi_fcmpeq                           0x080068e5   Thumb Code     0  fcmp.o(x$fpl$fcmp)
    _feq                                     0x080068e5   Thumb Code    14  fcmp.o(x$fpl$fcmp)
    _fneq                                    0x080068f3   Thumb Code    14  fcmp.o(x$fpl$fcmp)
    __aeabi_fcmpgt                           0x08006901   Thumb Code     0  fcmp.o(x$fpl$fcmp)
    _fgr                                     0x08006901   Thumb Code    14  fcmp.o(x$fpl$fcmp)
    __aeabi_fcmpge                           0x0800690f   Thumb Code     0  fcmp.o(x$fpl$fcmp)
    _fgeq                                    0x0800690f   Thumb Code    14  fcmp.o(x$fpl$fcmp)
    __aeabi_fcmple                           0x0800691d   Thumb Code     0  fcmp.o(x$fpl$fcmp)
    _fleq                                    0x0800691d   Thumb Code    14  fcmp.o(x$fpl$fcmp)
    __aeabi_fcmplt                           0x0800692b   Thumb Code     0  fcmp.o(x$fpl$fcmp)
    _fls                                     0x0800692b   Thumb Code    14  fcmp.o(x$fpl$fcmp)
    __fpl_fcmp_Inf                           0x08006939   Thumb Code    24  fcmpi.o(x$fpl$fcmpinf)
    __aeabi_fdiv                             0x08006951   Thumb Code     0  fdiv.o(x$fpl$fdiv)
    _fdiv                                    0x08006951   Thumb Code   384  fdiv.o(x$fpl$fdiv)
    __aeabi_cfcmpeq                          0x08006ad5   Thumb Code     0  feqf.o(x$fpl$feqf)
    _fcmpeq                                  0x08006ad5   Thumb Code   104  feqf.o(x$fpl$feqf)
    __aeabi_f2iz                             0x08006b3d   Thumb Code     0  ffix.o(x$fpl$ffix)
    _ffix                                    0x08006b3d   Thumb Code    54  ffix.o(x$fpl$ffix)
    __aeabi_ui2f                             0x08006b75   Thumb Code     0  fflt_clz.o(x$fpl$ffltu)
    _ffltu                                   0x08006b75   Thumb Code    38  fflt_clz.o(x$fpl$ffltu)
    _fcmpge                                  0x08006b9d   Thumb Code   104  fgeqf.o(x$fpl$fgeqf)
    __aeabi_cfcmple                          0x08006c05   Thumb Code     0  fleqf.o(x$fpl$fleqf)
    _fcmple                                  0x08006c05   Thumb Code   104  fleqf.o(x$fpl$fleqf)
    __fpl_fcmple_InfNaN                      0x08006c57   Thumb Code     0  fleqf.o(x$fpl$fleqf)
    __aeabi_fmul                             0x08006c6d   Thumb Code     0  fmul.o(x$fpl$fmul)
    _fmul                                    0x08006c6d   Thumb Code   258  fmul.o(x$fpl$fmul)
    __fpl_fnaninf                            0x08006d6f   Thumb Code   140  fnaninf.o(x$fpl$fnaninf)
    __fpl_fretinf                            0x08006dfb   Thumb Code    10  fretinf.o(x$fpl$fretinf)
    __aeabi_fsub                             0x08006e05   Thumb Code     0  faddsub_clz.o(x$fpl$fsub)
    _fsub                                    0x08006e05   Thumb Code   234  faddsub_clz.o(x$fpl$fsub)
    _printf_fp_dec                           0x08006eef   Thumb Code     4  printf1.o(x$fpl$printf1)
    _printf_fp_hex                           0x08006ef3   Thumb Code     4  printf2.o(x$fpl$printf2)
    __I$use$fp                               0x08006ef6   Number         0  usenofp.o(x$fpl$usenofp)
    ascii_1206                               0x08007015   Data        1140  lcd.o(.rodata.ascii_1206)
    ascii_2412                               0x08007489   Data        3744  lcd.o(.rodata.ascii_2412)
    dot                                      0x08008329   Data          24  lcd.o(.rodata.dot)
    Region$$Table$$Base                      0x08008418   Number         0  anon$$obj.o(Region$$Table)
    Region$$Table$$Limit                     0x08008438   Number         0  anon$$obj.o(Region$$Table)
    __ctype                                  0x08008461   Data           0  lc_ctype_c.o(locale$$data)
    system_core_clock                        0x20000000   Data           4  system_at32f421.o(.data.system_core_clock)
    __libspace_start                         0x20000008   Data          96  libspace.o(.bss)
    Calc                                     0x20000068   Data          32  main.o(.bss.Calc)
    __temporary_stack_top$libspace           0x20000068   Data           0  libspace.o(.bss)
    EXINT_Counter                            0x20000088   Data           1  main.o(.bss.EXINT_Counter)
    NewScreenInit                            0x20000089   Data           1  main.o(.bss.NewScreenInit)
    SavedPoint                               0x2000008a   Data         130  main.o(.bss.SavedPoint)
    Status                                   0x2000010c   Data           1  main.o(.bss.Status)
    _SEGGER_RTT                              0x20000110   Data         168  segger_rtt.o(.bss._SEGGER_RTT)
    adc1_ordinary_valuetab                   0x200005c8   Data           4  main.o(.bss.adc1_ordinary_valuetab)
    queue                                    0x200005d4   Data         532  main.o(.bss.queue)
    temp                                     0x200007e8   Data           4  main.o(.bss.temp)
    vcc                                      0x200007ec   Data           4  main.o(.bss.vcc)



==============================================================================

Memory Map of the image

  Image Entry point : 0x080000cd

  Load Region LR_IROM1 (Base: 0x08000000, Size: 0x00008570, Max: 0x00010000, ABSOLUTE)

    Execution Region ER_IROM1 (Exec base: 0x08000000, Load base: 0x08000000, Size: 0x00008564, Max: 0x00010000, ABSOLUTE)

    Exec Addr    Load Addr    Size         Type   Attr      Idx    E Section Name        Object

    0x08000000   0x08000000   0x000000cc   Data   RO          978    RESET               startup_at32f421.o
    0x080000cc   0x080000cc   0x00000008   Code   RO          999  * !!!main             c_wu.l(__main.o)
    0x080000d4   0x080000d4   0x00000034   Code   RO         1420    !!!scatter          c_wu.l(__scatter.o)
    0x08000108   0x08000108   0x0000001a   Code   RO         1422    !!handler_copy      c_wu.l(__scatter_copy.o)
    0x08000122   0x08000122   0x00000002   PAD
    0x08000124   0x08000124   0x0000001c   Code   RO         1424    !!handler_zi        c_wu.l(__scatter_zi.o)
    0x08000140   0x08000140   0x00000000   Code   RO         1135    .ARM.Collect$$_printf_percent$$00000000  c_wu.l(_printf_percent.o)
    0x08000140   0x08000140   0x00000006   Code   RO         1124    .ARM.Collect$$_printf_percent$$00000001  c_wu.l(_printf_n.o)
    0x08000146   0x08000146   0x00000006   Code   RO         1126    .ARM.Collect$$_printf_percent$$00000002  c_wu.l(_printf_p.o)
    0x0800014c   0x0800014c   0x00000006   Code   RO         1131    .ARM.Collect$$_printf_percent$$00000003  c_wu.l(_printf_f.o)
    0x08000152   0x08000152   0x00000006   Code   RO         1132    .ARM.Collect$$_printf_percent$$00000004  c_wu.l(_printf_e.o)
    0x08000158   0x08000158   0x00000006   Code   RO         1133    .ARM.Collect$$_printf_percent$$00000005  c_wu.l(_printf_g.o)
    0x0800015e   0x0800015e   0x00000006   Code   RO         1134    .ARM.Collect$$_printf_percent$$00000006  c_wu.l(_printf_a.o)
    0x08000164   0x08000164   0x0000000a   Code   RO         1139    .ARM.Collect$$_printf_percent$$00000007  c_wu.l(_printf_ll.o)
    0x0800016e   0x0800016e   0x00000006   Code   RO         1128    .ARM.Collect$$_printf_percent$$00000008  c_wu.l(_printf_i.o)
    0x08000174   0x08000174   0x00000006   Code   RO         1129    .ARM.Collect$$_printf_percent$$00000009  c_wu.l(_printf_d.o)
    0x0800017a   0x0800017a   0x00000006   Code   RO         1130    .ARM.Collect$$_printf_percent$$0000000A  c_wu.l(_printf_u.o)
    0x08000180   0x08000180   0x00000006   Code   RO         1127    .ARM.Collect$$_printf_percent$$0000000B  c_wu.l(_printf_o.o)
    0x08000186   0x08000186   0x00000006   Code   RO         1125    .ARM.Collect$$_printf_percent$$0000000C  c_wu.l(_printf_x.o)
    0x0800018c   0x0800018c   0x00000006   Code   RO         1136    .ARM.Collect$$_printf_percent$$0000000D  c_wu.l(_printf_lli.o)
    0x08000192   0x08000192   0x00000006   Code   RO         1137    .ARM.Collect$$_printf_percent$$0000000E  c_wu.l(_printf_lld.o)
    0x08000198   0x08000198   0x00000006   Code   RO         1138    .ARM.Collect$$_printf_percent$$0000000F  c_wu.l(_printf_llu.o)
    0x0800019e   0x0800019e   0x00000006   Code   RO         1143    .ARM.Collect$$_printf_percent$$00000010  c_wu.l(_printf_llo.o)
    0x080001a4   0x080001a4   0x00000006   Code   RO         1144    .ARM.Collect$$_printf_percent$$00000011  c_wu.l(_printf_llx.o)
    0x080001aa   0x080001aa   0x0000000a   Code   RO         1140    .ARM.Collect$$_printf_percent$$00000012  c_wu.l(_printf_l.o)
    0x080001b4   0x080001b4   0x00000006   Code   RO         1122    .ARM.Collect$$_printf_percent$$00000013  c_wu.l(_printf_c.o)
    0x080001ba   0x080001ba   0x00000006   Code   RO         1123    .ARM.Collect$$_printf_percent$$00000014  c_wu.l(_printf_s.o)
    0x080001c0   0x080001c0   0x00000006   Code   RO         1141    .ARM.Collect$$_printf_percent$$00000015  c_wu.l(_printf_lc.o)
    0x080001c6   0x080001c6   0x00000006   Code   RO         1142    .ARM.Collect$$_printf_percent$$00000016  c_wu.l(_printf_ls.o)
    0x080001cc   0x080001cc   0x00000004   Code   RO         1210    .ARM.Collect$$_printf_percent$$00000017  c_wu.l(_printf_percent_end.o)
    0x080001d0   0x080001d0   0x00000002   Code   RO         1269    .ARM.Collect$$libinit$$00000000  c_wu.l(libinit.o)
    0x080001d2   0x080001d2   0x00000000   Code   RO         1293    .ARM.Collect$$libinit$$00000002  c_wu.l(libinit2.o)
    0x080001d2   0x080001d2   0x00000000   Code   RO         1295    .ARM.Collect$$libinit$$00000004  c_wu.l(libinit2.o)
    0x080001d2   0x080001d2   0x00000000   Code   RO         1297    .ARM.Collect$$libinit$$00000006  c_wu.l(libinit2.o)
    0x080001d2   0x080001d2   0x00000000   Code   RO         1300    .ARM.Collect$$libinit$$0000000C  c_wu.l(libinit2.o)
    0x080001d2   0x080001d2   0x00000000   Code   RO         1302    .ARM.Collect$$libinit$$0000000E  c_wu.l(libinit2.o)
    0x080001d2   0x080001d2   0x00000000   Code   RO         1304    .ARM.Collect$$libinit$$00000010  c_wu.l(libinit2.o)
    0x080001d2   0x080001d2   0x00000006   Code   RO         1305    .ARM.Collect$$libinit$$00000011  c_wu.l(libinit2.o)
    0x080001d8   0x080001d8   0x00000000   Code   RO         1307    .ARM.Collect$$libinit$$00000013  c_wu.l(libinit2.o)
    0x080001d8   0x080001d8   0x0000000c   Code   RO         1308    .ARM.Collect$$libinit$$00000014  c_wu.l(libinit2.o)
    0x080001e4   0x080001e4   0x00000000   Code   RO         1309    .ARM.Collect$$libinit$$00000015  c_wu.l(libinit2.o)
    0x080001e4   0x080001e4   0x00000000   Code   RO         1311    .ARM.Collect$$libinit$$00000017  c_wu.l(libinit2.o)
    0x080001e4   0x080001e4   0x0000000a   Code   RO         1312    .ARM.Collect$$libinit$$00000018  c_wu.l(libinit2.o)
    0x080001ee   0x080001ee   0x00000000   Code   RO         1313    .ARM.Collect$$libinit$$00000019  c_wu.l(libinit2.o)
    0x080001ee   0x080001ee   0x00000000   Code   RO         1315    .ARM.Collect$$libinit$$0000001B  c_wu.l(libinit2.o)
    0x080001ee   0x080001ee   0x00000000   Code   RO         1317    .ARM.Collect$$libinit$$0000001D  c_wu.l(libinit2.o)
    0x080001ee   0x080001ee   0x00000000   Code   RO         1319    .ARM.Collect$$libinit$$0000001F  c_wu.l(libinit2.o)
    0x080001ee   0x080001ee   0x00000000   Code   RO         1321    .ARM.Collect$$libinit$$00000021  c_wu.l(libinit2.o)
    0x080001ee   0x080001ee   0x00000000   Code   RO         1323    .ARM.Collect$$libinit$$00000023  c_wu.l(libinit2.o)
    0x080001ee   0x080001ee   0x00000000   Code   RO         1325    .ARM.Collect$$libinit$$00000025  c_wu.l(libinit2.o)
    0x080001ee   0x080001ee   0x00000000   Code   RO         1327    .ARM.Collect$$libinit$$00000027  c_wu.l(libinit2.o)
    0x080001ee   0x080001ee   0x00000000   Code   RO         1331    .ARM.Collect$$libinit$$0000002E  c_wu.l(libinit2.o)
    0x080001ee   0x080001ee   0x00000000   Code   RO         1333    .ARM.Collect$$libinit$$00000030  c_wu.l(libinit2.o)
    0x080001ee   0x080001ee   0x00000000   Code   RO         1335    .ARM.Collect$$libinit$$00000032  c_wu.l(libinit2.o)
    0x080001ee   0x080001ee   0x00000000   Code   RO         1337    .ARM.Collect$$libinit$$00000034  c_wu.l(libinit2.o)
    0x080001ee   0x080001ee   0x00000002   Code   RO         1338    .ARM.Collect$$libinit$$00000035  c_wu.l(libinit2.o)
    0x080001f0   0x080001f0   0x00000002   Code   RO         1375    .ARM.Collect$$libshutdown$$00000000  c_wu.l(libshutdown.o)
    0x080001f2   0x080001f2   0x00000000   Code   RO         1403    .ARM.Collect$$libshutdown$$00000002  c_wu.l(libshutdown2.o)
    0x080001f2   0x080001f2   0x00000000   Code   RO         1405    .ARM.Collect$$libshutdown$$00000004  c_wu.l(libshutdown2.o)
    0x080001f2   0x080001f2   0x00000000   Code   RO         1408    .ARM.Collect$$libshutdown$$00000007  c_wu.l(libshutdown2.o)
    0x080001f2   0x080001f2   0x00000000   Code   RO         1411    .ARM.Collect$$libshutdown$$0000000A  c_wu.l(libshutdown2.o)
    0x080001f2   0x080001f2   0x00000000   Code   RO         1413    .ARM.Collect$$libshutdown$$0000000C  c_wu.l(libshutdown2.o)
    0x080001f2   0x080001f2   0x00000000   Code   RO         1416    .ARM.Collect$$libshutdown$$0000000F  c_wu.l(libshutdown2.o)
    0x080001f2   0x080001f2   0x00000002   Code   RO         1417    .ARM.Collect$$libshutdown$$00000010  c_wu.l(libshutdown2.o)
    0x080001f4   0x080001f4   0x00000000   Code   RO         1049    .ARM.Collect$$rtentry$$00000000  c_wu.l(__rtentry.o)
    0x080001f4   0x080001f4   0x00000000   Code   RO         1177    .ARM.Collect$$rtentry$$00000002  c_wu.l(__rtentry2.o)
    0x080001f4   0x080001f4   0x00000006   Code   RO         1189    .ARM.Collect$$rtentry$$00000004  c_wu.l(__rtentry4.o)
    0x080001fa   0x080001fa   0x00000000   Code   RO         1179    .ARM.Collect$$rtentry$$00000009  c_wu.l(__rtentry2.o)
    0x080001fa   0x080001fa   0x00000004   Code   RO         1180    .ARM.Collect$$rtentry$$0000000A  c_wu.l(__rtentry2.o)
    0x080001fe   0x080001fe   0x00000000   Code   RO         1182    .ARM.Collect$$rtentry$$0000000C  c_wu.l(__rtentry2.o)
    0x080001fe   0x080001fe   0x00000008   Code   RO         1183    .ARM.Collect$$rtentry$$0000000D  c_wu.l(__rtentry2.o)
    0x08000206   0x08000206   0x00000002   Code   RO         1277    .ARM.Collect$$rtexit$$00000000  c_wu.l(rtexit.o)
    0x08000208   0x08000208   0x00000000   Code   RO         1344    .ARM.Collect$$rtexit$$00000002  c_wu.l(rtexit2.o)
    0x08000208   0x08000208   0x00000004   Code   RO         1345    .ARM.Collect$$rtexit$$00000003  c_wu.l(rtexit2.o)
    0x0800020c   0x0800020c   0x00000006   Code   RO         1346    .ARM.Collect$$rtexit$$00000004  c_wu.l(rtexit2.o)
    0x08000212   0x08000212   0x00000002   PAD
    0x08000214   0x08000214   0x00000040   Code   RO          979    .text               startup_at32f421.o
    0x08000254   0x08000254   0x000000f0   Code   RO          987    .text               c_wu.l(lludivv7m.o)
    0x08000344   0x08000344   0x0000002c   Code   RO          989    .text               c_wu.l(sprintf.o)
    0x08000370   0x08000370   0x0000008a   Code   RO          993    .text               c_wu.l(rt_memcpy_v6.o)
    0x080003fa   0x080003fa   0x0000004e   Code   RO          995    .text               c_wu.l(rt_memclr_w.o)
    0x08000448   0x08000448   0x00000006   Code   RO          997    .text               c_wu.l(heapauxi.o)
    0x0800044e   0x0800044e   0x0000004e   Code   RO         1056    .text               c_wu.l(_printf_pad.o)
    0x0800049c   0x0800049c   0x00000024   Code   RO         1058    .text               c_wu.l(_printf_truncate.o)
    0x080004c0   0x080004c0   0x00000052   Code   RO         1060    .text               c_wu.l(_printf_str.o)
    0x08000512   0x08000512   0x00000002   PAD
    0x08000514   0x08000514   0x00000078   Code   RO         1062    .text               c_wu.l(_printf_dec.o)
    0x0800058c   0x0800058c   0x00000028   Code   RO         1064    .text               c_wu.l(_printf_charcount.o)
    0x080005b4   0x080005b4   0x00000030   Code   RO         1066    .text               c_wu.l(_printf_char_common.o)
    0x080005e4   0x080005e4   0x0000000a   Code   RO         1068    .text               c_wu.l(_sputc.o)
    0x080005ee   0x080005ee   0x00000002   PAD
    0x080005f0   0x080005f0   0x000000bc   Code   RO         1070    .text               c_wu.l(_printf_wctomb.o)
    0x080006ac   0x080006ac   0x0000007c   Code   RO         1073    .text               c_wu.l(_printf_longlong_dec.o)
    0x08000728   0x08000728   0x00000070   Code   RO         1079    .text               c_wu.l(_printf_oct_int_ll.o)
    0x08000798   0x08000798   0x00000094   Code   RO         1099    .text               c_wu.l(_printf_hex_int_ll_ptr.o)
    0x0800082c   0x0800082c   0x00000188   Code   RO         1119    .text               c_wu.l(__printf_flags_ss_wp.o)
    0x080009b4   0x080009b4   0x00000064   Code   RO         1145    .text               c_wu.l(rt_memcpy_w.o)
    0x08000a18   0x08000a18   0x0000008a   Code   RO         1193    .text               c_wu.l(lludiv10.o)
    0x08000aa2   0x08000aa2   0x000000b2   Code   RO         1195    .text               c_wu.l(_printf_intcommon.o)
    0x08000b54   0x08000b54   0x0000041c   Code   RO         1197    .text               c_wu.l(_printf_fp_dec.o)
    0x08000f70   0x08000f70   0x000002fc   Code   RO         1201    .text               c_wu.l(_printf_fp_hex.o)
    0x0800126c   0x0800126c   0x0000002c   Code   RO         1206    .text               c_wu.l(_printf_char.o)
    0x08001298   0x08001298   0x0000002c   Code   RO         1208    .text               c_wu.l(_printf_wchar.o)
    0x080012c4   0x080012c4   0x00000048   Code   RO         1211    .text               c_wu.l(_c32rtomb.o)
    0x0800130c   0x0800130c   0x0000004a   Code   RO         1217    .text               c_wu.l(sys_stackheap_outer.o)
    0x08001356   0x08001356   0x00000002   PAD
    0x08001358   0x08001358   0x00000010   Code   RO         1219    .text               c_wu.l(rt_ctype_table.o)
    0x08001368   0x08001368   0x00000008   Code   RO         1224    .text               c_wu.l(rt_locale_intlibspace.o)
    0x08001370   0x08001370   0x00000080   Code   RO         1226    .text               c_wu.l(_printf_fp_infnan.o)
    0x080013f0   0x080013f0   0x000000e4   Code   RO         1228    .text               c_wu.l(bigflt0.o)
    0x080014d4   0x080014d4   0x00000012   Code   RO         1258    .text               c_wu.l(exit.o)
    0x080014e6   0x080014e6   0x00000002   PAD
    0x080014e8   0x080014e8   0x00000008   Code   RO         1274    .text               c_wu.l(libspace.o)
    0x080014f0   0x080014f0   0x0000007c   Code   RO         1290    .text               c_wu.l(strcmpv7em.o)
    0x0800156c   0x0800156c   0x0000000c   Code   RO         1339    .text               c_wu.l(sys_exit.o)
    0x08001578   0x08001578   0x00000002   Code   RO         1364    .text               c_wu.l(use_no_semi.o)
    0x0800157a   0x0800157a   0x00000000   Code   RO         1366    .text               c_wu.l(indicate_semi.o)
    0x0800157a   0x0800157a   0x00000002   PAD
    0x0800157c   0x0800157c   0x0000006a   Code   RO           54    .text.ADC1_ReadVCC  main.o
    0x080015e6   0x080015e6   0x00000002   PAD
    0x080015e8   0x080015e8   0x000000d2   Code   RO           56    .text.ADC1_Readtemp  main.o
    0x080016ba   0x080016ba   0x00000002   PAD
    0x080016bc   0x080016bc   0x00000004   Code   RO            8    .text.BusFault_Handler  at32f421_int.o
    0x080016c0   0x080016c0   0x00000036   Code   RO          302    .text.ClearPrint    queue.o
    0x080016f6   0x080016f6   0x00000002   PAD
    0x080016f8   0x080016f8   0x00000002   Code   RO           14    .text.DebugMon_Handler  at32f421_int.o
    0x080016fa   0x080016fa   0x00000002   PAD
    0x080016fc   0x080016fc   0x00000018   Code   RO           18    .text.EXINT1_0_IRQHandler  at32f421_int.o
    0x08001714   0x08001714   0x00000004   Code   RO            4    .text.HardFault_Handler  at32f421_int.o
    0x08001718   0x08001718   0x0000006c   Code   RO          260    .text.I2C_Read_2Byte  i2c.o
    0x08001784   0x08001784   0x00000046   Code   RO          280    .text.I2C_RecvACK   i2c.o
    0x080017ca   0x080017ca   0x00000002   PAD
    0x080017cc   0x080017cc   0x00000078   Code   RO          282    .text.I2C_RecvData  i2c.o
    0x08001844   0x08001844   0x00000050   Code   RO          278    .text.I2C_SendACK   i2c.o
    0x08001894   0x08001894   0x00000098   Code   RO          270    .text.I2C_SendData  i2c.o
    0x0800192c   0x0800192c   0x00000046   Code   RO          284    .text.I2C_SendNAK   i2c.o
    0x08001972   0x08001972   0x00000002   PAD
    0x08001974   0x08001974   0x00000042   Code   RO          276    .text.I2C_Start     i2c.o
    0x080019b6   0x080019b6   0x00000002   PAD
    0x080019b8   0x080019b8   0x00000038   Code   RO          286    .text.I2C_Stop      i2c.o
    0x080019f0   0x080019f0   0x00000046   Code   RO          268    .text.I2C_Write_2Byte  i2c.o
    0x08001a36   0x08001a36   0x00000002   PAD
    0x08001a38   0x08001a38   0x0000006a   Code   RO          266    .text.INA226_Init   i2c.o
    0x08001aa2   0x08001aa2   0x00000002   PAD
    0x08001aa4   0x08001aa4   0x00000066   Code   RO          262    .text.INA226_Read_Current  i2c.o
    0x08001b0a   0x08001b0a   0x00000002   PAD
    0x08001b0c   0x08001b0c   0x00000036   Code   RO          258    .text.INA226_Read_Voltage  i2c.o
    0x08001b42   0x08001b42   0x00000002   PAD
    0x08001b44   0x08001b44   0x0000005a   Code   RO          126    .text.LCD_Address_Set  lcd_init.o
    0x08001b9e   0x08001b9e   0x00000002   PAD
    0x08001ba0   0x08001ba0   0x00000130   Code   RO           82    .text.LCD_DrawLine  lcd.o
    0x08001cd0   0x08001cd0   0x0000002c   Code   RO           80    .text.LCD_DrawPoint  lcd.o
    0x08001cfc   0x08001cfc   0x00000090   Code   RO           78    .text.LCD_Fill      lcd.o
    0x08001d8c   0x08001d8c   0x0000026c   Code   RO          128    .text.LCD_Init      lcd_init.o
    0x08001ff8   0x08001ff8   0x00000044   Code   RO          116    .text.LCD_Init_Printline  lcd_init.o
    0x0800203c   0x0800203c   0x000001da   Code   RO           94    .text.LCD_ShowChar  lcd.o
    0x08002216   0x08002216   0x00000002   PAD
    0x08002218   0x08002218   0x000000fa   Code   RO           88    .text.LCD_ShowChar2416  lcd.o
    0x08002312   0x08002312   0x00000002   PAD
    0x08002314   0x08002314   0x000000a4   Code   RO           92    .text.LCD_ShowCharDot  lcd.o
    0x080023b8   0x080023b8   0x00000080   Code   RO           96    .text.LCD_ShowString  lcd.o
    0x08002438   0x08002438   0x00000084   Code   RO           90    .text.LCD_ShowString2416  lcd.o
    0x080024bc   0x080024bc   0x0000001c   Code   RO          122    .text.LCD_WR_DATA   lcd_init.o
    0x080024d8   0x080024d8   0x00000014   Code   RO          120    .text.LCD_WR_DATA8  lcd_init.o
    0x080024ec   0x080024ec   0x0000002a   Code   RO          124    .text.LCD_WR_REG    lcd_init.o
    0x08002516   0x08002516   0x00000002   PAD
    0x08002518   0x08002518   0x00000046   Code   RO          118    .text.LCD_Writ_Bus  lcd_init.o
    0x0800255e   0x0800255e   0x00000002   PAD
    0x08002560   0x08002560   0x00000004   Code   RO            6    .text.MemManage_Handler  at32f421_int.o
    0x08002564   0x08002564   0x00000002   Code   RO            2    .text.NMI_Handler   at32f421_int.o
    0x08002566   0x08002566   0x00000002   PAD
    0x08002568   0x08002568   0x0000006c   Code   RO          704    .text.NVIC_EncodePriority  at32f421_misc.o
    0x080025d4   0x080025d4   0x00000002   Code   RO           16    .text.PendSV_Handler  at32f421_int.o
    0x080025d6   0x080025d6   0x00000002   PAD
    0x080025d8   0x080025d8   0x0000004c   Code   RO          178    .text.SEGGER_RTT_Write  segger_rtt.o
    0x08002624   0x08002624   0x000000b0   Code   RO          174    .text.SEGGER_RTT_WriteNoLock  segger_rtt.o
    0x080026d4   0x080026d4   0x0000002a   Code   RO          248    .text.SEGGER_RTT_printf  segger_rtt_printf.o
    0x080026fe   0x080026fe   0x00000002   PAD
    0x08002700   0x08002700   0x0000033c   Code   RO          240    .text.SEGGER_RTT_vprintf  segger_rtt_printf.o
    0x08002a3c   0x08002a3c   0x00000002   Code   RO           12    .text.SVC_Handler   at32f421_int.o
    0x08002a3e   0x08002a3e   0x00000002   PAD
    0x08002a40   0x08002a40   0x0000013a   Code   RO          964    .text.SystemInit    system_at32f421.o
    0x08002b7a   0x08002b7a   0x00000002   PAD
    0x08002b7c   0x08002b7c   0x00000004   Code   RO           10    .text.UsageFault_Handler  at32f421_int.o
    0x08002b80   0x08002b80   0x000000a4   Code   RO          156    .text._DoInit       segger_rtt.o
    0x08002c24   0x08002c24   0x0000003e   Code   RO          168    .text._GetAvailWriteSpace  segger_rtt.o
    0x08002c62   0x08002c62   0x00000002   PAD
    0x08002c64   0x08002c64   0x000001cc   Code   RO          244    .text._PrintInt     segger_rtt_printf.o
    0x08002e30   0x08002e30   0x000001ac   Code   RO          246    .text._PrintUnsigned  segger_rtt_printf.o
    0x08002fdc   0x08002fdc   0x00000076   Code   RO          242    .text._StoreChar    segger_rtt_printf.o
    0x08003052   0x08003052   0x00000002   PAD
    0x08003054   0x08003054   0x000000e4   Code   RO          172    .text._WriteBlocking  segger_rtt.o
    0x08003138   0x08003138   0x0000008c   Code   RO          170    .text._WriteNoCheck  segger_rtt.o
    0x080031c4   0x080031c4   0x0000002a   Code   RO          710    .text.__NVIC_EnableIRQ  at32f421_misc.o
    0x080031ee   0x080031ee   0x00000002   PAD
    0x080031f0   0x080031f0   0x00000010   Code   RO          706    .text.__NVIC_GetPriorityGrouping  at32f421_misc.o
    0x08003200   0x08003200   0x0000003a   Code   RO          708    .text.__NVIC_SetPriority  at32f421_misc.o
    0x0800323a   0x0800323a   0x00000002   PAD
    0x0800323c   0x0800323c   0x0000003c   Code   RO          718    .text.__NVIC_SetPriorityGrouping  at32f421_misc.o
    0x08003278   0x08003278   0x00000064   Code   RO          320    .text.adc_base_config  at32f421_adc.o
    0x080032dc   0x080032dc   0x0000001c   Code   RO          318    .text.adc_base_default_para_init  at32f421_adc.o
    0x080032f8   0x080032f8   0x00000012   Code   RO          326    .text.adc_calibration_init  at32f421_adc.o
    0x0800330a   0x0800330a   0x00000002   PAD
    0x0800330c   0x0800330c   0x00000022   Code   RO          328    .text.adc_calibration_init_status_get  at32f421_adc.o
    0x0800332e   0x0800332e   0x00000002   PAD
    0x08003330   0x08003330   0x00000012   Code   RO          330    .text.adc_calibration_start  at32f421_adc.o
    0x08003342   0x08003342   0x00000002   PAD
    0x08003344   0x08003344   0x00000022   Code   RO          332    .text.adc_calibration_status_get  at32f421_adc.o
    0x08003366   0x08003366   0x00000002   PAD
    0x08003368   0x08003368   0x0000001e   Code   RO          322    .text.adc_dma_mode_enable  at32f421_adc.o
    0x08003386   0x08003386   0x00000002   PAD
    0x08003388   0x08003388   0x00000016   Code   RO          316    .text.adc_enable    at32f421_adc.o
    0x0800339e   0x0800339e   0x00000002   PAD
    0x080033a0   0x080033a0   0x0000014a   Code   RO          340    .text.adc_ordinary_channel_set  at32f421_adc.o
    0x080034ea   0x080034ea   0x00000002   PAD
    0x080034ec   0x080034ec   0x00000068   Code   RO          346    .text.adc_ordinary_conversion_trigger_set  at32f421_adc.o
    0x08003554   0x08003554   0x0000001e   Code   RO          354    .text.adc_ordinary_part_mode_enable  at32f421_adc.o
    0x08003572   0x08003572   0x00000002   PAD
    0x08003574   0x08003574   0x0000001e   Code   RO          362    .text.adc_ordinary_software_trigger_enable  at32f421_adc.o
    0x08003592   0x08003592   0x00000002   PAD
    0x08003594   0x08003594   0x00000022   Code   RO          360    .text.adc_tempersensor_vintrv_enable  at32f421_adc.o
    0x080035b6   0x080035b6   0x00000002   PAD
    0x080035b8   0x080035b8   0x00000030   Code   RO          421    .text.crm_adc_clock_div_set  at32f421_crm.o
    0x080035e8   0x080035e8   0x00000022   Code   RO          415    .text.crm_ahb_div_set  at32f421_crm.o
    0x0800360a   0x0800360a   0x00000002   PAD
    0x0800360c   0x0800360c   0x00000022   Code   RO          417    .text.crm_apb1_div_set  at32f421_crm.o
    0x0800362e   0x0800362e   0x00000002   PAD
    0x08003630   0x08003630   0x00000022   Code   RO          419    .text.crm_apb2_div_set  at32f421_crm.o
    0x08003652   0x08003652   0x00000002   PAD
    0x08003654   0x08003654   0x00000034   Code   RO          441    .text.crm_auto_step_mode_enable  at32f421_crm.o
    0x08003688   0x08003688   0x00000094   Code   RO          407    .text.crm_clock_source_enable  at32f421_crm.o
    0x0800371c   0x0800371c   0x00000036   Code   RO          393    .text.crm_flag_get  at32f421_crm.o
    0x08003752   0x08003752   0x00000002   PAD
    0x08003754   0x08003754   0x0000004e   Code   RO          401    .text.crm_periph_clock_enable  at32f421_crm.o
    0x080037a2   0x080037a2   0x00000002   PAD
    0x080037a4   0x080037a4   0x000000ba   Code   RO          429    .text.crm_pll_config2  at32f421_crm.o
    0x0800385e   0x0800385e   0x00000002   PAD
    0x08003860   0x08003860   0x0000009a   Code   RO          387    .text.crm_reset     at32f421_crm.o
    0x080038fa   0x080038fa   0x00000002   PAD
    0x080038fc   0x080038fc   0x0000001a   Code   RO          431    .text.crm_sysclk_switch  at32f421_crm.o
    0x08003916   0x08003916   0x00000002   PAD
    0x08003918   0x08003918   0x00000010   Code   RO          433    .text.crm_sysclk_switch_status_get  at32f421_crm.o
    0x08003928   0x08003928   0x0000003e   Code   RO          137    .text.delay_init    delay.o
    0x08003966   0x08003966   0x00000002   PAD
    0x08003968   0x08003968   0x000000d8   Code   RO          141    .text.delay_ms      delay.o
    0x08003a40   0x08003a40   0x0000008e   Code   RO          139    .text.delay_us      delay.o
    0x08003ace   0x08003ace   0x00000002   PAD
    0x08003ad0   0x08003ad0   0x00000016   Code   RO          479    .text.dma_channel_enable  at32f421_dma.o
    0x08003ae6   0x08003ae6   0x00000002   PAD
    0x08003ae8   0x08003ae8   0x00000032   Code   RO          485    .text.dma_default_para_init  at32f421_dma.o
    0x08003b1a   0x08003b1a   0x00000002   PAD
    0x08003b1c   0x08003b1c   0x000000be   Code   RO          487    .text.dma_init      at32f421_dma.o
    0x08003bda   0x08003bda   0x00000002   PAD
    0x08003bdc   0x08003bdc   0x00000056   Code   RO          471    .text.dma_reset     at32f421_dma.o
    0x08003c32   0x08003c32   0x00000002   PAD
    0x08003c34   0x08003c34   0x0000009e   Code   RO          298    .text.enqueue       queue.o
    0x08003cd2   0x08003cd2   0x00000002   PAD
    0x08003cd4   0x08003cd4   0x0000001c   Code   RO          499    .text.exint_default_para_init  at32f421_exint.o
    0x08003cf0   0x08003cf0   0x00000014   Code   RO          503    .text.exint_flag_clear  at32f421_exint.o
    0x08003d04   0x08003d04   0x000000e4   Code   RO          501    .text.exint_init    at32f421_exint.o
    0x08003de8   0x08003de8   0x00000036   Code   RO          509    .text.exint_interrupt_enable  at32f421_exint.o
    0x08003e1e   0x08003e1e   0x00000002   PAD
    0x08003e20   0x08003e20   0x00000014   Code   RO          612    .text.gpio_bits_reset  at32f421_gpio.o
    0x08003e34   0x08003e34   0x00000014   Code   RO          610    .text.gpio_bits_set  at32f421_gpio.o
    0x08003e48   0x08003e48   0x00000028   Code   RO          614    .text.gpio_bits_write  at32f421_gpio.o
    0x08003e70   0x08003e70   0x00000024   Code   RO          600    .text.gpio_default_para_init  at32f421_gpio.o
    0x08003e94   0x08003e94   0x000000e8   Code   RO          598    .text.gpio_init     at32f421_gpio.o
    0x08003f7c   0x08003f7c   0x0000002e   Code   RO          602    .text.gpio_input_data_bit_read  at32f421_gpio.o
    0x08003faa   0x08003faa   0x00000002   PAD
    0x08003fac   0x08003fac   0x0000007a   Code   RO          622    .text.gpio_pin_mux_config  at32f421_gpio.o
    0x08004026   0x08004026   0x00000002   PAD
    0x08004028   0x08004028   0x00000580   Code   RO           58    .text.main          main.o
    0x080045a8   0x080045a8   0x00000068   Code   RO          296    .text.maxqueue      queue.o
    0x08004610   0x08004610   0x0000002e   Code   RO          702    .text.nvic_irq_enable  at32f421_misc.o
    0x0800463e   0x0800463e   0x00000002   PAD
    0x08004640   0x08004640   0x00000010   Code   RO          716    .text.nvic_priority_group_config  at32f421_misc.o
    0x08004650   0x08004650   0x000000a6   Code   RO          304    .text.printQueue    queue.o
    0x080046f6   0x080046f6   0x00000002   PAD
    0x080046f8   0x080046f8   0x000000c4   Code   RO          780    .text.scfg_exint_line_config  at32f421_scfg.o
    0x080047bc   0x080047bc   0x0000002c   Code   RO          791    .text.spi_default_para_init  at32f421_spi.o
    0x080047e8   0x080047e8   0x0000001e   Code   RO          813    .text.spi_enable    at32f421_spi.o
    0x08004806   0x08004806   0x00000002   PAD
    0x08004808   0x08004808   0x00000014   Code   RO          827    .text.spi_i2s_data_transmit  at32f421_spi.o
    0x0800481c   0x0800481c   0x00000028   Code   RO          831    .text.spi_i2s_flag_get  at32f421_spi.o
    0x08004844   0x08004844   0x000001b6   Code   RO          793    .text.spi_init      at32f421_spi.o
    0x080049fa   0x080049fa   0x00000002   PAD
    0x080049fc   0x080049fc   0x0000022c   Code   RO          966    .text.system_core_clock_update  system_at32f421.o
    0x08004c28   0x08004c28   0x00000034   Code   RO          724    .text.systick_clock_source_config  at32f421_misc.o
    0x08004c5c   0x08004c5c   0x00000022   Code   RO          852    .text.tmr_base_init  at32f421_tmr.o
    0x08004c7e   0x08004c7e   0x00000002   PAD
    0x08004c80   0x08004c80   0x0000009e   Code   RO          950    .text.tmr_brkdt_config  at32f421_tmr.o
    0x08004d1e   0x08004d1e   0x00000002   PAD
    0x08004d20   0x08004d20   0x0000004e   Code   RO          876    .text.tmr_channel_value_set  at32f421_tmr.o
    0x08004d6e   0x08004d6e   0x00000002   PAD
    0x08004d70   0x08004d70   0x0000001e   Code   RO          854    .text.tmr_clock_source_div_set  at32f421_tmr.o
    0x08004d8e   0x08004d8e   0x00000002   PAD
    0x08004d90   0x08004d90   0x0000001e   Code   RO          856    .text.tmr_cnt_dir_set  at32f421_tmr.o
    0x08004dae   0x08004dae   0x00000002   PAD
    0x08004db0   0x08004db0   0x00000016   Code   RO          844    .text.tmr_counter_enable  at32f421_tmr.o
    0x08004dc6   0x08004dc6   0x00000002   PAD
    0x08004dc8   0x08004dc8   0x00000086   Code   RO          882    .text.tmr_output_channel_buffer_enable  at32f421_tmr.o
    0x08004e4e   0x08004e4e   0x00000002   PAD
    0x08004e50   0x08004e50   0x000001d8   Code   RO          868    .text.tmr_output_channel_config  at32f421_tmr.o
    0x08005028   0x08005028   0x0000001e   Code   RO          932    .text.tmr_output_enable  at32f421_tmr.o
    0x08005046   0x08005046   0x00000002   PAD
    0x08005048   0x08005048   0x0000001e   Code   RO          880    .text.tmr_period_buffer_enable  at32f421_tmr.o
    0x08005066   0x08005066   0x00000002   PAD
    0x08005068   0x08005068   0x0000001e   Code   RO          908    .text.tmr_primary_mode_select  at32f421_tmr.o
    0x08005086   0x08005086   0x00000002   PAD
    0x08005088   0x08005088   0x0000001c   Code   RO          858    .text.tmr_repetition_counter_set  at32f421_tmr.o
    0x080050a4   0x080050a4   0x0000001e   Code   RO          920    .text.tmr_sub_sync_mode_set  at32f421_tmr.o
    0x080050c2   0x080050c2   0x00000002   PAD
    0x080050c4   0x080050c4   0x000000b8   Code   RO           37    .text.wk_adc1_init  at32f421_wk_config.o
    0x0800517c   0x0800517c   0x00000038   Code   RO           43    .text.wk_dma1_channel1_init  at32f421_wk_config.o
    0x080051b4   0x080051b4   0x00000024   Code   RO           45    .text.wk_dma_channel_config  at32f421_wk_config.o
    0x080051d8   0x080051d8   0x0000004e   Code   RO           35    .text.wk_exint_config  at32f421_wk_config.o
    0x08005226   0x08005226   0x00000002   PAD
    0x08005228   0x08005228   0x00000084   Code   RO           33    .text.wk_gpio_config  at32f421_wk_config.o
    0x080052ac   0x080052ac   0x00000014   Code   RO           31    .text.wk_nvic_config  at32f421_wk_config.o
    0x080052c0   0x080052c0   0x00000066   Code   RO           29    .text.wk_periph_clock_config  at32f421_wk_config.o
    0x08005326   0x08005326   0x00000002   PAD
    0x08005328   0x08005328   0x00000094   Code   RO           39    .text.wk_spi1_init  at32f421_wk_config.o
    0x080053bc   0x080053bc   0x000000ac   Code   RO           27    .text.wk_system_clock_config  at32f421_wk_config.o
    0x08005468   0x08005468   0x000000d6   Code   RO           41    .text.wk_tmr15_init  at32f421_wk_config.o
    0x0800553e   0x0800553e   0x0000003e   Code   RO         1231    CL$$btod_d2e        c_wu.l(btod.o)
    0x0800557c   0x0800557c   0x00000046   Code   RO         1233    CL$$btod_d2e_denorm_low  c_wu.l(btod.o)
    0x080055c2   0x080055c2   0x00000060   Code   RO         1232    CL$$btod_d2e_norm_op1  c_wu.l(btod.o)
    0x08005622   0x08005622   0x00000002   PAD
    0x08005624   0x08005624   0x00000338   Code   RO         1241    CL$$btod_div_common  c_wu.l(btod.o)
    0x0800595c   0x0800595c   0x000000dc   Code   RO         1238    CL$$btod_e2e        c_wu.l(btod.o)
    0x08005a38   0x08005a38   0x0000002a   Code   RO         1235    CL$$btod_ediv       c_wu.l(btod.o)
    0x08005a62   0x08005a62   0x0000002a   Code   RO         1234    CL$$btod_emul       c_wu.l(btod.o)
    0x08005a8c   0x08005a8c   0x00000244   Code   RO         1240    CL$$btod_mult_common  c_wu.l(btod.o)
    0x08005cd0   0x08005cd0   0x00000028   Code   RO         1272    i.__ARM_fpclassify  m_ws.l(fpclassify.o)
    0x08005cf8   0x08005cf8   0x0000000e   Code   RO         1112    i._is_digit         c_wu.l(__printf_wp.o)
    0x08005d06   0x08005d06   0x00000002   PAD
    0x08005d08   0x08005d08   0x0000002c   Code   RO         1256    locale$$code        c_wu.l(lc_numeric_c.o)
    0x08005d34   0x08005d34   0x0000002c   Code   RO         1284    locale$$code        c_wu.l(lc_ctype_c.o)
    0x08005d60   0x08005d60   0x00000062   Code   RO         1001    x$fpl$d2f           fz_ws.l(d2f.o)
    0x08005dc2   0x08005dc2   0x00000002   PAD
    0x08005dc4   0x08005dc4   0x00000150   Code   RO         1003    x$fpl$dadd          fz_ws.l(daddsub_clz.o)
    0x08005f14   0x08005f14   0x00000018   Code   RO         1213    x$fpl$dcmpinf       fz_ws.l(dcmpi.o)
    0x08005f2c   0x08005f2c   0x000002b4   Code   RO         1012    x$fpl$ddiv          fz_ws.l(ddiv.o)
    0x080061e0   0x080061e0   0x00000078   Code   RO         1147    x$fpl$deqf          fz_ws.l(deqf.o)
    0x08006258   0x08006258   0x0000002e   Code   RO         1016    x$fpl$dflt          fz_ws.l(dflt_clz.o)
    0x08006286   0x08006286   0x00000026   Code   RO         1015    x$fpl$dfltu         fz_ws.l(dflt_clz.o)
    0x080062ac   0x080062ac   0x00000078   Code   RO         1149    x$fpl$dgeqf         fz_ws.l(dgeqf.o)
    0x08006324   0x08006324   0x00000078   Code   RO         1151    x$fpl$dleqf         fz_ws.l(dleqf.o)
    0x0800639c   0x0800639c   0x00000154   Code   RO         1021    x$fpl$dmul          fz_ws.l(dmul.o)
    0x080064f0   0x080064f0   0x0000009c   Code   RO         1153    x$fpl$dnaninf       fz_ws.l(dnaninf.o)
    0x0800658c   0x0800658c   0x0000000c   Code   RO         1155    x$fpl$dretinf       fz_ws.l(dretinf.o)
    0x08006598   0x08006598   0x000001dc   Code   RO         1005    x$fpl$dsub          fz_ws.l(daddsub_clz.o)
    0x08006774   0x08006774   0x00000056   Code   RO         1023    x$fpl$f2d           fz_ws.l(f2d.o)
    0x080067ca   0x080067ca   0x00000002   PAD
    0x080067cc   0x080067cc   0x000000c4   Code   RO         1025    x$fpl$fadd          fz_ws.l(faddsub_clz.o)
    0x08006890   0x08006890   0x00000054   Code   RO         1009    x$fpl$fcmp          fz_ws.l(dcmp.o)
    0x080068e4   0x080068e4   0x00000054   Code   RO         1031    x$fpl$fcmp          fz_ws.l(fcmp.o)
    0x08006938   0x08006938   0x00000018   Code   RO         1215    x$fpl$fcmpinf       fz_ws.l(fcmpi.o)
    0x08006950   0x08006950   0x00000184   Code   RO         1034    x$fpl$fdiv          fz_ws.l(fdiv.o)
    0x08006ad4   0x08006ad4   0x00000068   Code   RO         1157    x$fpl$feqf          fz_ws.l(feqf.o)
    0x08006b3c   0x08006b3c   0x00000036   Code   RO         1037    x$fpl$ffix          fz_ws.l(ffix.o)
    0x08006b72   0x08006b72   0x00000002   PAD
    0x08006b74   0x08006b74   0x00000026   Code   RO         1041    x$fpl$ffltu         fz_ws.l(fflt_clz.o)
    0x08006b9a   0x08006b9a   0x00000002   PAD
    0x08006b9c   0x08006b9c   0x00000068   Code   RO         1159    x$fpl$fgeqf         fz_ws.l(fgeqf.o)
    0x08006c04   0x08006c04   0x00000068   Code   RO         1161    x$fpl$fleqf         fz_ws.l(fleqf.o)
    0x08006c6c   0x08006c6c   0x00000102   Code   RO         1047    x$fpl$fmul          fz_ws.l(fmul.o)
    0x08006d6e   0x08006d6e   0x0000008c   Code   RO         1163    x$fpl$fnaninf       fz_ws.l(fnaninf.o)
    0x08006dfa   0x08006dfa   0x0000000a   Code   RO         1165    x$fpl$fretinf       fz_ws.l(fretinf.o)
    0x08006e04   0x08006e04   0x000000ea   Code   RO         1027    x$fpl$fsub          fz_ws.l(faddsub_clz.o)
    0x08006eee   0x08006eee   0x00000004   Code   RO         1167    x$fpl$printf1       fz_ws.l(printf1.o)
    0x08006ef2   0x08006ef2   0x00000004   Code   RO         1169    x$fpl$printf2       fz_ws.l(printf2.o)
    0x08006ef6   0x08006ef6   0x00000000   Code   RO         1175    x$fpl$usenofp       fz_ws.l(usenofp.o)
    0x08006ef6   0x08006ef6   0x00000002   PAD
    0x08006ef8   0x08006ef8   0x00000008   Data   RO         1071    .constdata          c_wu.l(_printf_wctomb.o)
    0x08006f00   0x08006f00   0x00000028   Data   RO         1100    .constdata          c_wu.l(_printf_hex_int_ll_ptr.o)
    0x08006f28   0x08006f28   0x00000011   Data   RO         1120    .constdata          c_wu.l(__printf_flags_ss_wp.o)
    0x08006f39   0x08006f39   0x00000026   Data   RO         1202    .constdata          c_wu.l(_printf_fp_hex.o)
    0x08006f5f   0x08006f5f   0x00000001   PAD
    0x08006f60   0x08006f60   0x00000094   Data   RO         1229    .constdata          c_wu.l(bigflt0.o)
    0x08006ff4   0x08006ff4   0x00000011   Data   RO          229    .rodata._DoInit._aInitStr  segger_rtt.o
    0x08007005   0x08007005   0x00000010   Data   RO          250    .rodata._PrintUnsigned._aV2C  segger_rtt_printf.o
    0x08007015   0x08007015   0x00000474   Data   RO          106    .rodata.ascii_1206  lcd.o
    0x08007489   0x08007489   0x00000ea0   Data   RO          108    .rodata.ascii_2412  lcd.o
    0x08008329   0x08008329   0x00000018   Data   RO          107    .rodata.dot         lcd.o
    0x08008341   0x08008341   0x00000087   Data   RO           68    .rodata.str1.1      main.o
    0x080083c8   0x080083c8   0x00000009   Data   RO          230    .rodata.str1.1      segger_rtt.o
    0x080083d1   0x080083d1   0x00000037   Data   RO          288    .rodata.str1.1      i2c.o
    0x08008408   0x08008408   0x00000010   Data   RO          969    .rodata.system_core_clock_update.sys_ahb_div_table  system_at32f421.o
    0x08008418   0x08008418   0x00000020   Data   RO         1419    Region$$Table       anon$$obj.o
    0x08008438   0x08008438   0x0000001c   Data   RO         1255    locale$$data        c_wu.l(lc_numeric_c.o)
    0x08008454   0x08008454   0x00000110   Data   RO         1283    locale$$data        c_wu.l(lc_ctype_c.o)


    Execution Region RW_IRAM1 (Exec base: 0x20000000, Load base: 0x08008568, Size: 0x00000df0, Max: 0x00004000, ABSOLUTE)

    Exec Addr    Load Addr    Size         Type   Attr      Idx    E Section Name        Object

    0x20000000   0x08008568   0x00000004   Data   RW          968    .data.system_core_clock  system_at32f421.o
    0x20000004   0x0800856c   0x00000004   PAD
    0x20000008        -       0x00000060   Zero   RW         1275    .bss                c_wu.l(libspace.o)
    0x20000068        -       0x00000020   Zero   RW           60    .bss.Calc           main.o
    0x20000088        -       0x00000001   Zero   RW           63    .bss.EXINT_Counter  main.o
    0x20000089        -       0x00000001   Zero   RW           65    .bss.NewScreenInit  main.o
    0x2000008a        -       0x00000082   Zero   RW           67    .bss.SavedPoint     main.o
    0x2000010c        -       0x00000001   Zero   RW           64    .bss.Status         main.o
    0x2000010d   0x0800856c   0x00000003   PAD
    0x20000110        -       0x000000a8   Zero   RW          226    .bss._SEGGER_RTT    segger_rtt.o
    0x200001b8        -       0x00000010   Zero   RW          232    .bss._acDownBuffer  segger_rtt.o
    0x200001c8        -       0x00000400   Zero   RW          231    .bss._acUpBuffer    segger_rtt.o
    0x200005c8        -       0x00000004   Zero   RW           62    .bss.adc1_ordinary_valuetab  main.o
    0x200005cc        -       0x00000004   Zero   RW          146    .bss.fac_ms         delay.o
    0x200005d0        -       0x00000004   Zero   RW          145    .bss.fac_us         delay.o
    0x200005d4        -       0x00000214   Zero   RW           66    .bss.queue          main.o
    0x200007e8        -       0x00000004   Zero   RW           69    .bss.temp           main.o
    0x200007ec        -       0x00000004   Zero   RW           61    .bss.vcc            main.o
    0x200007f0        -       0x00000200   Zero   RW          977    HEAP                startup_at32f421.o
    0x200009f0        -       0x00000400   Zero   RW          976    STACK               startup_at32f421.o


==============================================================================

Image component sizes


      Code (inc. data)   RO Data    RW Data    ZI Data      Debug   Object Name

       812          0          0          0          0      12971   at32f421_adc.o
       864          6          0          0          0      17336   at32f421_crm.o
       348          0          0          0          0       5103   at32f421_dma.o
       330          0          0          0          0       3189   at32f421_exint.o
       516          0          0          0          0      10610   at32f421_gpio.o
        48          0          0          0          0       1161   at32f421_int.o
       398          0          0          0          0       5609   at32f421_misc.o
       196          4          0          0          0       5618   at32f421_scfg.o
       572          0          0          0          0      11049   at32f421_spi.o
      1106         24          0          0          0      23199   at32f421_tmr.o
      1142          0          0          0          0      31159   at32f421_wk_config.o
       420          0          0          0          8       1688   delay.o
      1054          0         55          0          0       8005   i2c.o
      1640          0       4908          0          0       6207   lcd.o
       938          0          0          0          0       8656   lcd_init.o
      1724          0        135          0        709       6428   main.o
       482          0          0          0          0       1723   queue.o
       846          0         26          0       1208      13189   segger_rtt.o
      1876         14         16          0          0       3788   segger_rtt_printf.o
        64         26        204          0       1536        800   startup_at32f421.o
       870          0         16          4          0       7401   system_at32f421.o

    ----------------------------------------------------------------------
     16386         74       5392          4       3468     184889   Object Totals
         0          0         32          0          0          0   (incl. Generated)
       140          0          0          0          7          0   (incl. Padding)

    ----------------------------------------------------------------------

      Code (inc. data)   RO Data    RW Data    ZI Data      Debug   Library Member Name

         8          0          0          0          0         68   __main.o
       392          4         17          0          0         92   __printf_flags_ss_wp.o
        14          0          0          0          0         68   __printf_wp.o
         0          0          0          0          0          0   __rtentry.o
        12          0          0          0          0          0   __rtentry2.o
         6          0          0          0          0          0   __rtentry4.o
        52          8          0          0          0          0   __scatter.o
        26          0          0          0          0          0   __scatter_copy.o
        28          0          0          0          0          0   __scatter_zi.o
        72          0          0          0          0         96   _c32rtomb.o
         6          0          0          0          0          0   _printf_a.o
         6          0          0          0          0          0   _printf_c.o
        44          0          0          0          0        108   _printf_char.o
        48          6          0          0          0         96   _printf_char_common.o
        40          0          0          0          0         68   _printf_charcount.o
         6          0          0          0          0          0   _printf_d.o
       120         16          0          0          0         92   _printf_dec.o
         6          0          0          0          0          0   _printf_e.o
         6          0          0          0          0          0   _printf_f.o
      1052          0          0          0          0        148   _printf_fp_dec.o
       764          8         38          0          0        100   _printf_fp_hex.o
       128         16          0          0          0         84   _printf_fp_infnan.o
         6          0          0          0          0          0   _printf_g.o
       148          4         40          0          0        160   _printf_hex_int_ll_ptr.o
         6          0          0          0          0          0   _printf_i.o
       178          0          0          0          0         88   _printf_intcommon.o
        10          0          0          0          0          0   _printf_l.o
         6          0          0          0          0          0   _printf_lc.o
        10          0          0          0          0          0   _printf_ll.o
         6          0          0          0          0          0   _printf_lld.o
         6          0          0          0          0          0   _printf_lli.o
         6          0          0          0          0          0   _printf_llo.o
         6          0          0          0          0          0   _printf_llu.o
         6          0          0          0          0          0   _printf_llx.o
       124         16          0          0          0         92   _printf_longlong_dec.o
         6          0          0          0          0          0   _printf_ls.o
         6          0          0          0          0          0   _printf_n.o
         6          0          0          0          0          0   _printf_o.o
       112          8          0          0          0        124   _printf_oct_int_ll.o
         6          0          0          0          0          0   _printf_p.o
        78          0          0          0          0        108   _printf_pad.o
         0          0          0          0          0          0   _printf_percent.o
         4          0          0          0          0          0   _printf_percent_end.o
         6          0          0          0          0          0   _printf_s.o
        82          0          0          0          0         80   _printf_str.o
        36          0          0          0          0         84   _printf_truncate.o
         6          0          0          0          0          0   _printf_u.o
        44          0          0          0          0        108   _printf_wchar.o
       188          6          8          0          0         92   _printf_wctomb.o
         6          0          0          0          0          0   _printf_x.o
        10          0          0          0          0         68   _sputc.o
       228          4        148          0          0         96   bigflt0.o
      1936        128          0          0          0        668   btod.o
        18          0          0          0          0         80   exit.o
         6          0          0          0          0        152   heapauxi.o
         0          0          0          0          0          0   indicate_semi.o
        44         10        272          0          0         76   lc_ctype_c.o
        44         10         28          0          0         76   lc_numeric_c.o
         2          0          0          0          0          0   libinit.o
        30          0          0          0          0          0   libinit2.o
         2          0          0          0          0          0   libshutdown.o
         2          0          0          0          0          0   libshutdown2.o
         8          4          0          0         96         68   libspace.o
       138          0          0          0          0         80   lludiv10.o
       240          0          0          0          0        100   lludivv7m.o
        16          4          0          0          0         76   rt_ctype_table.o
         8          4          0          0          0         68   rt_locale_intlibspace.o
        78          0          0          0          0         80   rt_memclr_w.o
       138          0          0          0          0         68   rt_memcpy_v6.o
       100          0          0          0          0         80   rt_memcpy_w.o
         2          0          0          0          0          0   rtexit.o
        10          0          0          0          0          0   rtexit2.o
        44          6          0          0          0         84   sprintf.o
       124          0          0          0          0         88   strcmpv7em.o
        12          4          0          0          0         68   sys_exit.o
        74          0          0          0          0         80   sys_stackheap_outer.o
         2          0          0          0          0         68   use_no_semi.o
        98          4          0          0          0         92   d2f.o
       812         16          0          0          0        296   daddsub_clz.o
        84          0          0          0          0        196   dcmp.o
        24          0          0          0          0         68   dcmpi.o
       692        140          0          0          0        216   ddiv.o
       120          4          0          0          0         92   deqf.o
        84          0          0          0          0        136   dflt_clz.o
       120          4          0          0          0         92   dgeqf.o
       120          4          0          0          0         92   dleqf.o
       340         12          0          0          0        104   dmul.o
       156          4          0          0          0         92   dnaninf.o
        12          0          0          0          0         68   dretinf.o
        86          4          0          0          0         84   f2d.o
       430          8          0          0          0        168   faddsub_clz.o
        84          0          0          0          0        196   fcmp.o
        24          0          0          0          0         68   fcmpi.o
       388         76          0          0          0         96   fdiv.o
       104          4          0          0          0         84   feqf.o
        54          4          0          0          0         84   ffix.o
        38          0          0          0          0         68   fflt_clz.o
       104          4          0          0          0         84   fgeqf.o
       104          4          0          0          0         84   fleqf.o
       258          4          0          0          0         84   fmul.o
       140          4          0          0          0         84   fnaninf.o
        10          0          0          0          0         68   fretinf.o
         4          0          0          0          0         68   printf1.o
         4          0          0          0          0         68   printf2.o
         0          0          0          0          0          0   usenofp.o
        40          0          0          0          0         68   fpclassify.o

    ----------------------------------------------------------------------
     11818        566        552          0         96       7180   Library Totals
        28          0          1          0          0          0   (incl. Padding)

    ----------------------------------------------------------------------

      Code (inc. data)   RO Data    RW Data    ZI Data      Debug   Library Name

      7256        266        551          0         96       4180   c_wu.l
      4494        300          0          0          0       2932   fz_ws.l
        40          0          0          0          0         68   m_ws.l

    ----------------------------------------------------------------------
     11818        566        552          0         96       7180   Library Totals

    ----------------------------------------------------------------------

==============================================================================


      Code (inc. data)   RO Data    RW Data    ZI Data      Debug   

     28204        640       5944          4       3564     187889   Grand Totals
     28204        640       5944          4       3564     187889   ELF Image Totals
     28204        640       5944          4          0          0   ROM Totals

==============================================================================

    Total RO  Size (Code + RO Data)                34148 (  33.35kB)
    Total RW  Size (RW Data + ZI Data)              3568 (   3.48kB)
    Total ROM Size (Code + RO Data + RW Data)      34152 (  33.35kB)

==============================================================================

